Component: ARM Compiler 5.06 update 4 (build 422) Tool: armlink [4d35d2]

==============================================================================

Section Cross References

    main.o(i.main) refers to stm32f1xx_hal.o(i.HAL_Init) for HAL_Init
    main.o(i.main) refers to delay.o(i.Stm32_Clock_Init) for Stm32_Clock_Init
    main.o(i.main) refers to delay.o(i.delay_init) for delay_init
    main.o(i.main) refers to usart.o(i.UART_Init) for UART_Init
    main.o(i.main) refers to printfa.o(i.__0printf) for __2printf
    main.o(i.main) refers to led.o(i.LED_Init) for LED_Init
    main.o(i.main) refers to key.o(i.KEY_Init) for KEY_Init
    main.o(i.main) refers to dma.o(i.DMA_Init) for DMA_Init
    main.o(i.main) refers to adc.o(i.ADC1_Init) for ADC1_Init
    main.o(i.main) refers to tim.o(i.TIM3_Init) for TIM3_Init
    main.o(i.main) refers to delay.o(i.delay_ms) for delay_ms
    main.o(i.main) refers to rtc.o(i.RTC_Init) for RTC_Init
    main.o(i.main) refers to myiic.o(i.IIC_Init) for IIC_Init
    main.o(i.main) refers to sht20.o(i.SHT20_Init) for SHT20_Init
    main.o(i.main) refers to lcmdrv.o(i.GUI_Initialize) for GUI_Initialize
    main.o(i.main) refers to mp3.o(i.MP3_Init) for MP3_Init
    main.o(i.main) refers to tim.o(i.TIM4_Init) for TIM4_Init
    main.o(i.main) refers to stm32f1xx_hal_tim.o(i.HAL_TIM_Base_Stop) for HAL_TIM_Base_Stop
    main.o(i.main) refers to tim.o(i.TIM2_Init) for TIM2_Init
    main.o(i.main) refers to display.o(i.Oled_DisplayPage) for Oled_DisplayPage
    main.o(i.main) refers to main.o(.conststring) for .conststring
    main.o(i.main) refers to tim.o(.bss) for htim4
    stm32f1xx_hal_msp.o(i.Error_Handler) refers to printfa.o(i.__0printf) for __2printf
    stm32f1xx_hal_msp.o(i.HAL_MspInit) refers to stm32f1xx_hal_cortex.o(i.HAL_NVIC_SetPriorityGrouping) for HAL_NVIC_SetPriorityGrouping
    stm32f1xx_hal_msp.o(i.HAL_MspInit) refers to stm32f1xx_hal_cortex.o(i.HAL_NVIC_SetPriority) for HAL_NVIC_SetPriority
    stm32f1xx_hal_msp.o(i._Error_Handler) refers to printfa.o(i.__0printf) for __2printf
    stm32f1xx_it.o(i.DMA1_Channel1_IRQHandler) refers to stm32f1xx_hal_dma.o(i.HAL_DMA_IRQHandler) for HAL_DMA_IRQHandler
    stm32f1xx_it.o(i.DMA1_Channel1_IRQHandler) refers to adc.o(.bss) for hdma_adc1
    stm32f1xx_it.o(i.SysTick_Handler) refers to stm32f1xx_hal.o(i.HAL_IncTick) for HAL_IncTick
    stm32f1xx_it.o(i.SysTick_Handler) refers to stm32f1xx_hal_cortex.o(i.HAL_SYSTICK_IRQHandler) for HAL_SYSTICK_IRQHandler
    delay.o(i.Stm32_Clock_Init) refers to stm32f1xx_hal_rcc.o(i.HAL_RCC_OscConfig) for HAL_RCC_OscConfig
    delay.o(i.Stm32_Clock_Init) refers to stm32f1xx_hal_rcc.o(i.HAL_RCC_ClockConfig) for HAL_RCC_ClockConfig
    delay.o(i.delay_init) refers to stm32f1xx_hal_cortex.o(i.HAL_SYSTICK_CLKSourceConfig) for HAL_SYSTICK_CLKSourceConfig
    delay.o(i.delay_init) refers to delay.o(.data) for .data
    delay.o(i.delay_ms) refers to delay.o(i.delay_us) for delay_us
    delay.o(i.delay_us) refers to delay.o(.data) for .data
    usart.o(i.HAL_UART_MspDeInit) refers to stm32f1xx_hal_gpio.o(i.HAL_GPIO_DeInit) for HAL_GPIO_DeInit
    usart.o(i.HAL_UART_MspInit) refers to stm32f1xx_hal_gpio.o(i.HAL_GPIO_Init) for HAL_GPIO_Init
    usart.o(i.UART_Init) refers to stm32f1xx_hal_uart.o(i.HAL_UART_Init) for HAL_UART_Init
    usart.o(i.UART_Init) refers to stm32f1xx_hal_msp.o(i.Error_Handler) for Error_Handler
    usart.o(i.UART_Init) refers to usart.o(.bss) for .bss
    usart.o(i.fputc) refers to stm32f1xx_hal_uart.o(i.HAL_UART_Transmit) for HAL_UART_Transmit
    usart.o(i.fputc) refers to usart.o(.bss) for .bss
    system_stm32f1xx.o(i.SystemCoreClockUpdate) refers to system_stm32f1xx.o(.data) for .data
    system_stm32f1xx.o(i.SystemCoreClockUpdate) refers to system_stm32f1xx.o(.constdata) for .constdata
    stm32f1xx_hal_dma.o(i.HAL_DMA_PollForTransfer) refers to stm32f1xx_hal.o(i.HAL_GetTick) for HAL_GetTick
    stm32f1xx_hal_dma.o(i.HAL_DMA_Start) refers to stm32f1xx_hal_dma.o(i.DMA_SetConfig) for DMA_SetConfig
    stm32f1xx_hal_dma.o(i.HAL_DMA_Start_IT) refers to stm32f1xx_hal_dma.o(i.DMA_SetConfig) for DMA_SetConfig
    stm32f1xx_hal_gpio.o(i.HAL_GPIO_EXTI_IRQHandler) refers to stm32f1xx_hal_gpio.o(i.HAL_GPIO_EXTI_Callback) for HAL_GPIO_EXTI_Callback
    stm32f1xx_hal_cortex.o(i.HAL_NVIC_SetPriority) refers to stm32f1xx_hal_cortex.o(i.NVIC_SetPriority) for NVIC_SetPriority
    stm32f1xx_hal_cortex.o(i.HAL_SYSTICK_Config) refers to stm32f1xx_hal_cortex.o(i.NVIC_SetPriority) for NVIC_SetPriority
    stm32f1xx_hal_cortex.o(i.HAL_SYSTICK_IRQHandler) refers to stm32f1xx_hal_cortex.o(i.HAL_SYSTICK_Callback) for HAL_SYSTICK_Callback
    stm32f1xx_hal_flash.o(i.FLASH_Program_HalfWord) refers to stm32f1xx_hal_flash.o(.bss) for .bss
    stm32f1xx_hal_flash.o(i.FLASH_SetErrorCode) refers to stm32f1xx_hal_flash.o(.bss) for .bss
[...]
    i.Mp3_UnColuDisplay                      0x08003fa0   Section        0  mp3.o(i.Mp3_UnColuDisplay)
    i.NMI_Handler                            0x08004078   Section        0  stm32f1xx_it.o(i.NMI_Handler)
    i.NVIC_SetPriority                       0x0800407a   Section        0  stm32f1xx_hal_cortex.o(i.NVIC_SetPriority)
    NVIC_SetPriority                         0x0800407b   Thumb Code    32  stm32f1xx_hal_cortex.o(i.NVIC_SetPriority)
    i.OLED_AlarmTop                          0x0800409c   Section        0  display.o(i.OLED_AlarmTop)
    i.OLED_Clear                             0x0800423c   Section        0  oled.o(i.OLED_Clear)
    i.OLED_ClockTop                          0x0800426c   Section        0  display.o(i.OLED_ClockTop)
    i.OLED_DataFlow                          0x080043f4   Section        0  oled.o(i.OLED_DataFlow)
    i.OLED_DeskTop                           0x0800456c   Section        0  display.o(i.OLED_DeskTop)
    i.OLED_Display_Off                       0x08004644   Section        0  oled.o(i.OLED_Display_Off)
    i.OLED_Display_On                        0x08004662   Section        0  oled.o(i.OLED_Display_On)
    i.OLED_DrawBMP                           0x08004680   Section        0  oled.o(i.OLED_DrawBMP)
    i.OLED_DrawPoint                         0x080046c0   Section        0  oled.o(i.OLED_DrawPoint)
    i.OLED_GameTop                           0x08004700   Section        0  display.o(i.OLED_GameTop)
    i.OLED_Init                              0x080048a4   Section        0  oled.o(i.OLED_Init)
    i.OLED_LedTop                            0x080049d4   Section        0  display.o(i.OLED_LedTop)
    i.OLED_MainTop                           0x08004ae0   Section        0  display.o(i.OLED_MainTop)
    i.OLED_Mp3Top                            0x08004e78   Section        0  display.o(i.OLED_Mp3Top)
    i.OLED_P16x16Ch                          0x08004fa0   Section        0  oled.o(i.OLED_P16x16Ch)
    i.OLED_P16x32Ch_Delay                    0x08004fec   Section        0  oled.o(i.OLED_P16x32Ch_Delay)
    i.OLED_P32x32Ch                          0x0800508c   Section        0  oled.o(i.OLED_P32x32Ch)
    i.OLED_P6x8Str                           0x0800512c   Section        0  oled.o(i.OLED_P6x8Str)
    i.OLED_P8x16Str                          0x0800518c   Section        0  oled.o(i.OLED_P8x16Str)
    i.OLED_Refresh_Gram                      0x08005214   Section        0  oled.o(i.OLED_Refresh_Gram)
    i.OLED_SetAlarmTime                      0x08005260   Section        0  display.o(i.OLED_SetAlarmTime)
    i.OLED_SetClockTime                      0x08005404   Section        0  display.o(i.OLED_SetClockTime)
    i.OLED_SetTop                            0x080055a8   Section        0  display.o(i.OLED_SetTop)
    i.OLED_Set_Address                       0x08005660   Section        0  oled.o(i.OLED_Set_Address)
    i.OLED_Set_Pos                           0x08005688   Section        0  oled.o(i.OLED_Set_Pos)
    i.OLED_ShowChar                          0x080056b4   Section        0  oled.o(i.OLED_ShowChar)
    i.OLED_ShowDate                          0x080056f0   Section        0  display.o(i.OLED_ShowDate)
    i.OLED_ShowNum                           0x08005874   Section        0  oled.o(i.OLED_ShowNum)
    i.OLED_ShowString                        0x080058d6   Section        0  oled.o(i.OLED_ShowString)
    i.OLED_ShowminiDate                      0x08005908   Section        0  display.o(i.OLED_ShowminiDate)
    i.OLED_Shownumber                        0x080059c8   Section        0  oled.o(i.OLED_Shownumber)
    i.OLED_Shownumber11X16                   0x08005a14   Section        0  oled.o(i.OLED_Shownumber11X16)
    i.OLED_StartClear                        0x08005a64   Section        0  oled.o(i.OLED_StartClear)
    i.OLED_TempTop                           0x08005aa0   Section        0  display.o(i.OLED_TempTop)
    i.OLED_UserTop                           0x08005aec   Section        0  display.o(i.OLED_UserTop)
    i.OLED_WR_Byte                           0x08005b90   Section        0  oled.o(i.OLED_WR_Byte)
    i.Oled_DisplayPage                       0x08005c00   Section        0  display.o(i.Oled_DisplayPage)
    i.PendSV_Handler                         0x08005c68   Section        0  stm32f1xx_it.o(i.PendSV_Handler)
    i.RTC_EnterInitMode                      0x08005c6a   Section        0  stm32f1xx_hal_rtc.o(i.RTC_EnterInitMode)
    RTC_EnterInitMode                        0x08005c6b   Thumb Code    52  stm32f1xx_hal_rtc.o(i.RTC_EnterInitMode)
    i.RTC_ExitInitMode                       0x08005ca0   Section        0  stm32f1xx_hal_rtc.o(i.RTC_ExitInitMode)
    RTC_ExitInitMode                         0x08005ca1   Thumb Code    54  stm32f1xx_hal_rtc.o(i.RTC_ExitInitMode)
    i.RTC_Get                                0x08005cd8   Section        0  rtc.o(i.RTC_Get)
    i.RTC_Get_Week                           0x08005db8   Section        0  rtc.o(i.RTC_Get_Week)
    i.RTC_IRQHandler                         0x08005e08   Section        0  rtc.o(i.RTC_IRQHandler)
    i.RTC_Init                               0x08005e50   Section        0  rtc.o(i.RTC_Init)
    i.RTC_Set                                0x08005ed0   Section        0  rtc.o(i.RTC_Set)
    i.SHT20_GetHumiPoll                      0x08005fd4   Section        0  sht20.o(i.SHT20_GetHumiPoll)
    i.SHT20_GetTempPoll                      0x0800605c   Section        0  sht20.o(i.SHT20_GetTempPoll)
    i.SHT20_Init                             0x080060ec   Section        0  sht20.o(i.SHT20_Init)
    i.SHT20_SoftReset                        0x080060f0   Section        0  sht20.o(i.SHT20_SoftReset)
    i.SVC_Handler                            0x08006114   Section        0  stm32f1xx_it.o(i.SVC_Handler)
    i.SnakeBody_Construct                    0x08006116   Section        0  snake.o(i.SnakeBody_Construct)
    i.SnakeHead_Construct                    0x080061e8   Section        0  snake.o(i.SnakeHead_Construct)
    i.Snake_Init                             0x080062bc   Section        0  snake.o(i.Snake_Init)
    i.Snake_Move                             0x08006320   Section        0  snake.o(i.Snake_Move)
    i.Stm32_Clock_Init                       0x08006448   Section        0  delay.o(i.Stm32_Clock_Init)
    i.SysTick_Handler                        0x0800648c   Section        0  stm32f1xx_it.o(i.SysTick_Handler)
    i.SystemInit                             0x0800649c   Section        0  system_stm32f1xx.o(i.SystemInit)
    i.TEMPDisplay                            0x080064e4   Section        0  display.o(i.TEMPDisplay)
    i.TIM2_IRQHandler                        0x08006560   Section        0  tim.o(i.TIM2_IRQHandler)
    i.TIM2_Init                              0x0800656c   Section        0  tim.o(i.TIM2_Init)
    i.TIM3_Init                              0x0800659c   Section        0  tim.o(i.TIM3_Init)
    i.TIM4_IRQHandler                        0x080065f4   Section        0  tim.o(i.TIM4_IRQHandler)
    i.TIM4_Init                              0x08006600   Section        0  tim.o(i.TIM4_Init)
    i.TIM_Base_SetConfig                     0x08006630   Section        0  stm32f1xx_hal_tim.o(i.TIM_Base_SetConfig)
    i.TIM_ETR_SetConfig                      0x08006694   Section        0  stm32f1xx_hal_tim.o(i.TIM_ETR_SetConfig)
    TIM_ETR_SetConfig                        0x08006695   Thumb Code    20  stm32f1xx_hal_tim.o(i.TIM_ETR_SetConfig)
    i.TIM_ITRx_SetConfig                     0x080066a8   Section        0  stm32f1xx_hal_tim.o(i.TIM_ITRx_SetConfig)
    TIM_ITRx_SetConfig                       0x080066a9   Thumb Code    16  stm32f1xx_hal_tim.o(i.TIM_ITRx_SetConfig)
    i.TIM_TI1_ConfigInputStage               0x080066b8   Section        0  stm32f1xx_hal_tim.o(i.TIM_TI1_ConfigInputStage)
    TIM_TI1_ConfigInputStage                 0x080066b9   Thumb Code    34  stm32f1xx_hal_tim.o(i.TIM_TI1_ConfigInputStage)
    i.TIM_TI2_ConfigInputStage               0x080066da   Section        0  stm32f1xx_hal_tim.o(i.TIM_TI2_ConfigInputStage)
    TIM_TI2_ConfigInputStage                 0x080066db   Thumb Code    36  stm32f1xx_hal_tim.o(i.TIM_TI2_ConfigInputStage)
    i.UART_Init                              0x08006700   Section        0  usart.o(i.UART_Init)
    i.UART_SetConfig                         0x08006738   Section        0  stm32f1xx_hal_uart.o(i.UART_SetConfig)
    UART_SetConfig                           0x08006739   Thumb Code   364  stm32f1xx_hal_uart.o(i.UART_SetConfig)
    i.UART_WaitOnFlagUntilTimeout            0x080068a8   Section        0  stm32f1xx_hal_uart.o(i.UART_WaitOnFlagUntilTimeout)
    UART_WaitOnFlagUntilTimeout              0x080068a9   Thumb Code   146  stm32f1xx_hal_uart.o(i.UART_WaitOnFlagUntilTimeout)
    i.UsageFault_Handler                     0x0800693a   Section        0  stm32f1xx_it.o(i.UsageFault_Handler)
    i.Wipe_Point                             0x0800693c   Section        0  snake.o(i.Wipe_Point)
    i.__0printf                              0x08006a10   Section        0  printfa.o(i.__0printf)
    i.__0sprintf                             0x08006a30   Section        0  printfa.o(i.__0sprintf)
    i.__scatterload_copy                     0x08006a58   Section       14  handlers.o(i.__scatterload_copy)
    i.__scatterload_null                     0x08006a66   Section        2  handlers.o(i.__scatterload_null)
    i.__scatterload_zeroinit                 0x08006a68   Section       14  handlers.o(i.__scatterload_zeroinit)
    i.__set_errno                            0x08006a78   Section        0  errno.o(i.__set_errno)
    i._fp_digits                             0x08006a84   Section        0  printfa.o(i._fp_digits)
    _fp_digits                               0x08006a85   Thumb Code   366  printfa.o(i._fp_digits)
    i._printf_core                           0x08006c08   Section        0  printfa.o(i._printf_core)
    _printf_core                             0x08006c09   Thumb Code  1744  printfa.o(i._printf_core)
    i._printf_post_padding                   0x080072e4   Section        0  printfa.o(i._printf_post_padding)
    _printf_post_padding                     0x080072e5   Thumb Code    36  printfa.o(i._printf_post_padding)
    i._printf_pre_padding                    0x08007308   Section        0  printfa.o(i._printf_pre_padding)
    _printf_pre_padding                      0x08007309   Thumb Code    46  printfa.o(i._printf_pre_padding)
    i._sputc                                 0x08007336   Section        0  printfa.o(i._sputc)
    _sputc                                   0x08007337   Thumb Code    10  printfa.o(i._sputc)
    i.delay_init                             0x08007340   Section        0  delay.o(i.delay_init)
    i.delay_ms                               0x08007354   Section        0  delay.o(i.delay_ms)
    i.delay_us                               0x08007370   Section        0  delay.o(i.delay_us)
    i.fputc                                  0x080073a4   Section        0  usart.o(i.fputc)
    i.indexList                              0x080073bc   Section        0  display.o(i.indexList)
    i.main                                   0x080075d4   Section        0  main.o(i.main)
    i.oled_pow                               0x08007718   Section        0  oled.o(i.oled_pow)
    i.secondMove                             0x08007728   Section        0  oled.o(i.secondMove)
    i.sqrt                                   0x080077c0   Section        0  sqrt.o(i.sqrt)
    .constdata                               0x0800780c   Section       16  system_stm32f1xx.o(.constdata)
    .constdata                               0x0800781c   Section        8  system_stm32f1xx.o(.constdata)
    .constdata                               0x08007824   Section     4760  oled.o(.constdata)
    .constdata                               0x08008abc   Section       24  rtc.o(.constdata)
    .conststring                             0x08008ad4   Section       85  main.o(.conststring)
    .data                                    0x20000000   Section       12  main.o(.data)
    .data                                    0x2000000c   Section        8  main.o(.data)
    .data                                    0x20000014   Section        4  main.o(.data)
    .data                                    0x20000018   Section        1  main.o(.data)
    .data                                    0x2000001a   Section        8  main.o(.data)
    .data                                    0x20000022   Section        8  main.o(.data)
    .data                                    0x2000002a   Section        1  main.o(.data)
    .data                                    0x2000002c   Section        4  delay.o(.data)
    fac_us                                   0x2000002c   Data           4  delay.o(.data)
    .data                                    0x20000030   Section        4  system_stm32f1xx.o(.data)
    .data                                    0x20000034   Section        4  stm32f1xx_hal.o(.data)
    uwTick                                   0x20000034   Data           4  stm32f1xx_hal.o(.data)
    .data                                    0x20000038   Section        3  key.o(.data)
    key_up                                   0x20000038   Data           1  key.o(.data)
    temp                                     0x20000039   Data           1  key.o(.data)
    key_up                                   0x2000003a   Data           1  key.o(.data)
    .data                                    0x2000003b   Section     1064  oled.o(.data)
    .data                                    0x20000464   Section        2  rtc.o(.data)
    daycnt                                   0x20000464   Data           2  rtc.o(.data)
    .data                                    0x20000466   Section       28  display.o(.data)
    x                                        0x20000466   Data           1  display.o(.data)
    y                                        0x20000467   Data           1  display.o(.data)
    bFlag_t                                  0x20000468   Data           1  display.o(.data)
    CollectFre                               0x20000469   Data           1  display.o(.data)
    .data                                    0x20000482   Section        4  mp3.o(.data)
    num                                      0x20000484   Data           2  mp3.o(.data)
    .data                                    0x20000486   Section       12  snake.o(.data)
    .data                                    0x20000492   Section        1  snake.o(.data)
    .data                                    0x20000494   Section        4  stdout.o(.data)
    .data                                    0x20000498   Section        4  errno.o(.data)
    _errno                                   0x20000498   Data           4  errno.o(.data)
    .bss                                     0x2000049c   Section       64  usart.o(.bss)
    .bss                                     0x200004dc   Section      116  adc.o(.bss)
    .bss                                     0x20000550   Section     2048  oled.o(.bss)
    .bss                                     0x20000d50   Section       30  rtc.o(.bss)
    .bss                                     0x20000d70   Section      180  tim.o(.bss)
    .bss                                     0x20000e24   Section     3200  mp3.o(.bss)
    .bss                                     0x20001aa4   Section     2284  snake.o(.bss)
    STACK                                    0x20002390   Section     1024  startup_stm32f103xb.o(STACK)

    Global Symbols

    Symbol Name                              Value     Ov Type        Size  Object(Section)

    BuildAttributes$$THM_ISAv4$P$D$K$B$S$PE$A:L22UL41UL21$X:L11$S22US41US21$IEEE1$IW$USESV6$~STKCKD$USESV7$~SHL$OTIME$ROPI$IEEEJ$EBA8$MICROLIB$REQ8$PRES8$EABIv2 0x00000000   Number         0  anon$$obj.o ABSOLUTE
    __ARM_use_no_argv                        0x00000000   Number         0  main.o ABSOLUTE
    _printf_a                                0x00000000   Number         0  stubs.o ABSOLUTE
    _printf_c                                0x00000000   Number         0  stubs.o ABSOLUTE
    _printf_charcount                        0x00000000   Number         0  stubs.o ABSOLUTE
    _printf_d                                0x00000000   Number         0  stubs.o ABSOLUTE
    _printf_e                                0x00000000   Number         0  stubs.o ABSOLUTE
    _printf_f                                0x00000000   Number         0  stubs.o ABSOLUTE
    _printf_flags                            0x00000000   Number         0  stubs.o ABSOLUTE
    _printf_fp_dec                           0x00000000   Number         0  stubs.o ABSOLUTE
    _printf_fp_hex                           0x00000000   Number         0  stubs.o ABSOLUTE
    _printf_g                                0x00000000   Number         0  stubs.o ABSOLUTE
    _printf_i                                0x00000000   Number         0  stubs.o ABSOLUTE
    _printf_int_dec                          0x00000000   Number         0  stubs.o ABSOLUTE
    _printf_l                                0x00000000   Number         0  stubs.o ABSOLUTE
    _printf_lc                               0x00000000   Number         0  stubs.o ABSOLUTE
    _printf_ll                               0x00000000   Number         0  stubs.o ABSOLUTE
    _printf_lld                              0x00000000   Number         0  stubs.o ABSOLUTE
    _printf_lli                              0x00000000   Number         0  stubs.o ABSOLUTE
    _printf_llo                              0x00000000   Number         0  stubs.o ABSOLUTE
    _printf_llu                              0x00000000   Number         0  stubs.o ABSOLUTE
    _printf_llx                              0x00000000   Number         0  stubs.o ABSOLUTE
    _printf_longlong_dec                     0x00000000   Number         0  stubs.o ABSOLUTE
    _printf_longlong_hex                     0x00000000   Number         0  stubs.o ABSOLUTE
    _printf_longlong_oct                     0x00000000   Number         0  stubs.o ABSOLUTE
    _printf_ls                               0x00000000   Number         0  stubs.o ABSOLUTE
    _printf_mbtowc                           0x00000000   Number         0  stubs.o ABSOLUTE
    _printf_n                                0x00000000   Number         0  stubs.o ABSOLUTE
    _printf_o                                0x00000000   Number         0  stubs.o ABSOLUTE
    _printf_p                                0x00000000   Number         0  stubs.o ABSOLUTE
    _printf_percent                          0x00000000   Number         0  stubs.o ABSOLUTE
    _printf_pre_padding                      0x00000000   Number         0  stubs.o ABSOLUTE
    _printf_return_value                     0x00000000   Number         0  stubs.o ABSOLUTE
    _printf_s                                0x00000000   Number         0  stubs.o ABSOLUTE
    _printf_sizespec                         0x00000000   Number         0  stubs.o ABSOLUTE
    _printf_str                              0x00000000   Number         0  stubs.o ABSOLUTE
    _printf_truncate_signed                  0x00000000   Number         0  stubs.o ABSOLUTE
    _printf_truncate_unsigned                0x00000000   Number         0  stubs.o ABSOLUTE
    _printf_u                                0x00000000   Number         0  stubs.o ABSOLUTE
    _printf_wc                               0x00000000   Number         0  stubs.o ABSOLUTE
    _printf_wctomb                           0x00000000   Number         0  stubs.o ABSOLUTE
    _printf_widthprec                        0x00000000   Number         0  stubs.o ABSOLUTE
    _printf_x                                0x00000000   Number         0  stubs.o ABSOLUTE
    __cpp_initialize__aeabi_                  - Undefined Weak Reference
    __cxa_finalize                            - Undefined Weak Reference
    _clock_init                               - Undefined Weak Reference
    _microlib_exit                            - Undefined Weak Reference
    __Vectors_Size                           0x000000ec   Number         0  startup_stm32f103xb.o ABSOLUTE
    __Vectors                                0x08000000   Data           4  startup_stm32f103xb.o(RESET)
    __Vectors_End                            0x080000ec   Data           0  startup_stm32f103xb.o(RESET)
    __main                                   0x080000ed   Thumb Code     0  entry.o(.ARM.Collect$$$$00000000)
    _main_stk                                0x080000ed   Thumb Code     0  entry2.o(.ARM.Collect$$$$00000001)
    _main_scatterload                        0x080000f1   Thumb Code     0  entry5.o(.ARM.Collect$$$$00000004)
    __main_after_scatterload                 0x080000f5   Thumb Code     0  entry5.o(.ARM.Collect$$$$00000004)
    _main_clock                              0x080000f5   Thumb Code     0  entry7b.o(.ARM.Collect$$$$00000008)
    _main_cpp_init                           0x080000f5   Thumb Code     0  entry8b.o(.ARM.Collect$$$$0000000A)
    _main_init                               0x080000f5   Thumb Code     0  entry9a.o(.ARM.Collect$$$$0000000B)
    __rt_final_cpp                           0x080000fd   Thumb Code     0  entry10a.o(.ARM.Collect$$$$0000000D)
    __rt_final_exit                          0x080000fd   Thumb Code     0  entry11a.o(.ARM.Collect$$$$0000000F)
    cr4_fft_256_stm32                        0x08000101   Thumb Code     0  cr4_fft_256_stm32.o(.text)
    Reset_Handler                            0x080006e1   Thumb Code     8  startup_stm32f103xb.o(.text)
    ADC1_2_IRQHandler                        0x080006fb   Thumb Code     0  startup_stm32f103xb.o(.text)
    CAN1_RX1_IRQHandler                      0x080006fb   Thumb Code     0  startup_stm32f103xb.o(.text)
    CAN1_SCE_IRQHandler                      0x080006fb   Thumb Code     0  startup_stm32f103xb.o(.text)
    DMA1_Channel2_IRQHandler                 0x080006fb   Thumb Code     0  startup_stm32f103xb.o(.text)
    DMA1_Channel3_IRQHandler                 0x080006fb   Thumb Code     0  startup_stm32f103xb.o(.text)
    DMA1_Channel4_IRQHandler                 0x080006fb   Thumb Code     0  startup_stm32f103xb.o(.text)
    DMA1_Channel5_IRQHandler                 0x080006fb   Thumb Code     0  startup_stm32f103xb.o(.text)
    DMA1_Channel6_IRQHandler                 0x080006fb   Thumb Code     0  startup_stm32f103xb.o(.text)
    DMA1_Channel7_IRQHandler                 0x080006fb   Thumb Code     0  startup_stm32f103xb.o(.text)
    EXTI0_IRQHandler                         0x080006fb   Thumb Code     0  startup_stm32f103xb.o(.text)
    EXTI15_10_IRQHandler                     0x080006fb   Thumb Code     0  startup_stm32f103xb.o(.text)
    EXTI1_IRQHandler                         0x080006fb   Thumb Code     0  startup_stm32f103xb.o(.text)
    EXTI2_IRQHandler                         0x080006fb   Thumb Code     0  startup_stm32f103xb.o(.text)
    EXTI3_IRQHandler                         0x080006fb   Thumb Code     0  startup_stm32f103xb.o(.text)
    EXTI4_IRQHandler                         0x080006fb   Thumb Code     0  startup_stm32f103xb.o(.text)
    EXTI9_5_IRQHandler                       0x080006fb   Thumb Code     0  startup_stm32f103xb.o(.text)
    FLASH_IRQHandler                         0x080006fb   Thumb Code     0  startup_stm32f103xb.o(.text)
    I2C1_ER_IRQHandler                       0x080006fb   Thumb Code     0  startup_stm32f103xb.o(.text)
    I2C1_EV_IRQHandler                       0x080006fb   Thumb Code     0  startup_stm32f103xb.o(.text)
    I2C2_ER_IRQHandler                       0x080006fb   Thumb Code     0  startup_stm32f103xb.o(.text)
    I2C2_EV_IRQHandler                       0x080006fb   Thumb Code     0  startup_stm32f103xb.o(.text)
    PVD_IRQHandler                           0x080006fb   Thumb Code     0  startup_stm32f103xb.o(.text)
    RCC_IRQHandler                           0x080006fb   Thumb Code     0  startup_stm32f103xb.o(.text)
    RTC_Alarm_IRQHandler                     0x080006fb   Thumb Code     0  startup_stm32f103xb.o(.text)
    SPI1_IRQHandler                          0x080006fb   Thumb Code     0  startup_stm32f103xb.o(.text)
    SPI2_IRQHandler                          0x080006fb   Thumb Code     0  startup_stm32f103xb.o(.text)
    TAMPER_IRQHandler                        0x080006fb   Thumb Code     0  startup_stm32f103xb.o(.text)
    TIM1_BRK_IRQHandler                      0x080006fb   Thumb Code     0  startup_stm32f103xb.o(.text)
    TIM1_CC_IRQHandler                       0x080006fb   Thumb Code     0  startup_stm32f103xb.o(.text)
    TIM1_TRG_COM_IRQHandler                  0x080006fb   Thumb Code     0  startup_stm32f103xb.o(.text)
    TIM1_UP_IRQHandler                       0x080006fb   Thumb Code     0  startup_stm32f103xb.o(.text)
    TIM3_IRQHandler                          0x080006fb   Thumb Code     0  startup_stm32f103xb.o(.text)
    USART1_IRQHandler                        0x080006fb   Thumb Code     0  startup_stm32f103xb.o(.text)
    USART2_IRQHandler                        0x080006fb   Thumb Code     0  startup_stm32f103xb.o(.text)
    USART3_IRQHandler                        0x080006fb   Thumb Code     0  startup_stm32f103xb.o(.text)
    USBWakeUp_IRQHandler                     0x080006fb   Thumb Code     0  startup_stm32f103xb.o(.text)
    USB_HP_CAN1_TX_IRQHandler                0x080006fb   Thumb Code     0  startup_stm32f103xb.o(.text)
    USB_LP_CAN1_RX0_IRQHandler               0x080006fb   Thumb Code     0  startup_stm32f103xb.o(.text)
    WWDG_IRQHandler                          0x080006fb   Thumb Code     0  startup_stm32f103xb.o(.text)
    __aeabi_llsr                             0x08000705   Thumb Code    32  llushr.o(.text)
    _ll_ushift_r                             0x08000705   Thumb Code     0  llushr.o(.text)
    __aeabi_memset                           0x08000725   Thumb Code    14  memseta.o(.text)
    __aeabi_memset4                          0x08000725   Thumb Code     0  memseta.o(.text)
    __aeabi_memset8                          0x08000725   Thumb Code     0  memseta.o(.text)
    __aeabi_memclr                           0x08000733   Thumb Code     4  memseta.o(.text)
    __aeabi_memclr4                          0x08000733   Thumb Code     0  memseta.o(.text)
    __aeabi_memclr8                          0x08000733   Thumb Code     0  memseta.o(.text)
    _memset$wrapper                          0x08000737   Thumb Code    18  memseta.o(.text)
    __aeabi_fadd                             0x08000749   Thumb Code   164  fadd.o(.text)
    __aeabi_fsub                             0x080007ed   Thumb Code     6  fadd.o(.text)
    __aeabi_frsub                            0x080007f3   Thumb Code     6  fadd.o(.text)
    __aeabi_fmul                             0x080007f9   Thumb Code   100  fmul.o(.text)
    __ARM_scalbnf                            0x0800085d   Thumb Code    24  fscalb.o(.text)
    scalbnf                                  0x0800085d   Thumb Code     0  fscalb.o(.text)
    __aeabi_dadd                             0x08000875   Thumb Code   322  dadd.o(.text)
    __aeabi_dsub                             0x080009b7   Thumb Code     6  dadd.o(.text)
    __aeabi_drsub                            0x080009bd   Thumb Code     6  dadd.o(.text)
    __aeabi_dmul                             0x080009c3   Thumb Code   228  dmul.o(.text)
    __ARM_scalbn                             0x08000aa7   Thumb Code    46  dscalb.o(.text)
    scalbn                                   0x08000aa7   Thumb Code     0  dscalb.o(.text)
    __aeabi_i2f                              0x08000ad5   Thumb Code    18  fflti.o(.text)
    __aeabi_ui2d                             0x08000ae7   Thumb Code    26  dfltui.o(.text)
    __aeabi_f2iz                             0x08000b01   Thumb Code    50  ffixi.o(.text)
    __aeabi_f2uiz                            0x08000b33   Thumb Code    40  ffixui.o(.text)
    __aeabi_f2d                              0x08000b5b   Thumb Code    38  f2d.o(.text)
    __aeabi_d2f                              0x08000b81   Thumb Code    56  d2f.o(.text)
    __aeabi_uidiv                            0x08000bb9   Thumb Code     0  uidiv.o(.text)
    __aeabi_uidivmod                         0x08000bb9   Thumb Code    44  uidiv.o(.text)
    __aeabi_uldivmod                         0x08000be5   Thumb Code    98  uldiv.o(.text)
    __aeabi_llsl                             0x08000c47   Thumb Code    30  llshl.o(.text)
    _ll_shift_l                              0x08000c47   Thumb Code     0  llshl.o(.text)
    __aeabi_lasr                             0x08000c65   Thumb Code    36  llsshr.o(.text)
    _ll_sshift_r                             0x08000c65   Thumb Code     0  llsshr.o(.text)
    __I$use$fp                               0x08000c89   Thumb Code     0  iusefp.o(.text)
    _float_round                             0x08000c89   Thumb Code    18  fepilogue.o(.text)
    _float_epilogue                          0x08000c9b   Thumb Code    92  fepilogue.o(.text)
    _double_round                            0x08000cf7   Thumb Code    30  depilogue.o(.text)
    _double_epilogue                         0x08000d15   Thumb Code   156  depilogue.o(.text)
    __aeabi_ddiv                             0x08000db1   Thumb Code   222  ddiv.o(.text)
    _dsqrt                                   0x08000e8f   Thumb Code   162  dsqrt.o(.text)
    __aeabi_d2ulz                            0x08000f31   Thumb Code    48  dfixul.o(.text)
    __aeabi_cdrcmple                         0x08000f61   Thumb Code    48  cdrcmple.o(.text)
    __scatterload                            0x08000f91   Thumb Code    28  init.o(.text)
    __scatterload_rt2                        0x08000f91   Thumb Code     0  init.o(.text)
    __decompress                             0x08000fb5   Thumb Code     0  __dczerorl2.o(.text)
    __decompress1                            0x08000fb5   Thumb Code    86  __dczerorl2.o(.text)
    ADC1_Init                                0x0800100d   Thumb Code    64  adc.o(i.ADC1_Init)
    ADC_ConversionStop_Disable               0x08001055   Thumb Code    76  stm32f1xx_hal_adc.o(i.ADC_ConversionStop_Disable)
    ADC_DMAConvCplt                          0x080010a1   Thumb Code    78  stm32f1xx_hal_adc.o(i.ADC_DMAConvCplt)
    ADC_DMAError                             0x080010ef   Thumb Code    26  stm32f1xx_hal_adc.o(i.ADC_DMAError)
    ADC_DMAHalfConvCplt                      0x08001109   Thumb Code    10  stm32f1xx_hal_adc.o(i.ADC_DMAHalfConvCplt)
    ADC_Enable                               0x08001115   Thumb Code   104  stm32f1xx_hal_adc.o(i.ADC_Enable)
    BnumUpMove                               0x08001185   Thumb Code   150  oled.o(i.BnumUpMove)
    Border_Check                             0x0800121d   Thumb Code    32  snake.o(i.Border_Check)
    BusFault_Handler                         0x08001241   Thumb Code     2  stm32f1xx_it.o(i.BusFault_Handler)
    DMA1_Channel1_IRQHandler                 0x08001245   Thumb Code     6  stm32f1xx_it.o(i.DMA1_Channel1_IRQHandler)
    DMA_Init                                 0x08001251   Thumb Code    40  dma.o(i.DMA_Init)
    DebugMon_Handler                         0x080012a7   Thumb Code     2  stm32f1xx_it.o(i.DebugMon_Handler)
    Direction_Process                        0x080012a9   Thumb Code    96  snake.o(i.Direction_Process)
    DisplayIcon                              0x08001311   Thumb Code    70  display.o(i.DisplayIcon)
    DisplayList                              0x0800135d   Thumb Code   180  display.o(i.DisplayList)
    Draw_Single_Point                        0x0800148d   Thumb Code   134  oled.o(i.Draw_Single_Point)
    ElectricityDisplay                       0x08001519   Thumb Code    10  display.o(i.ElectricityDisplay)
    Error_Handler                            0x08001525   Thumb Code     8  stm32f1xx_hal_msp.o(i.Error_Handler)
    FFT_GetDcComponent                       0x08001549   Thumb Code   152  mp3.o(i.FFT_GetDcComponent)
    Food_Construct                           0x080015e5   Thumb Code   210  snake.o(i.Food_Construct)
    Frame_Init                               0x080016b7   Thumb Code    84  snake.o(i.Frame_Init)
    GPIO_Config                              0x0800170d   Thumb Code    94  oled.o(i.GPIO_Config)
    GUI_ClearSCR                             0x08001775   Thumb Code     4  lcmdrv.o(i.GUI_ClearSCR)
    GUI_Exec                                 0x08001779   Thumb Code     4  lcmdrv.o(i.GUI_Exec)
    GUI_HLine                                0x0800177d   Thumb Code    44  lcmdrv.o(i.GUI_HLine)
    GUI_Initialize                           0x080017a9   Thumb Code     4  lcmdrv.o(i.GUI_Initialize)
    GUI_Line                                 0x080017ad   Thumb Code   200  gui_basic.o(i.GUI_Line)
    GUI_LineWith                             0x08001875   Thumb Code   328  gui_basic.o(i.GUI_LineWith)
    GUI_Point                                0x080019bd   Thumb Code     6  lcmdrv.o(i.GUI_Point)
    GUI_PointS                               0x080019c5   Thumb Code    76  gui_basic.o(i.GUI_PointS)
    GUI_RLine                                0x08001a11   Thumb Code    42  lcmdrv.o(i.GUI_RLine)
    HAL_ADC_ConfigChannel                    0x08001a3d   Thumb Code   346  stm32f1xx_hal_adc.o(i.HAL_ADC_ConfigChannel)
    HAL_ADC_ConvCpltCallback                 0x08001ba5   Thumb Code   192  mp3.o(i.HAL_ADC_ConvCpltCallback)
    HAL_ADC_ConvHalfCpltCallback             0x08001c79   Thumb Code     2  stm32f1xx_hal_adc.o(i.HAL_ADC_ConvHalfCpltCallback)
    HAL_ADC_ErrorCallback                    0x08001c7b   Thumb Code     2  stm32f1xx_hal_adc.o(i.HAL_ADC_ErrorCallback)
    HAL_ADC_Init                             0x08001c7d   Thumb Code   300  stm32f1xx_hal_adc.o(i.HAL_ADC_Init)
    HAL_ADC_MspInit                          0x08001db1   Thumb Code    98  adc.o(i.HAL_ADC_MspInit)
    HAL_ADC_Start_DMA                        0x08001e29   Thumb Code   246  stm32f1xx_hal_adc.o(i.HAL_ADC_Start_DMA)
    HAL_ADC_Stop_DMA                         0x08001f35   Thumb Code    76  stm32f1xx_hal_adc.o(i.HAL_ADC_Stop_DMA)
    HAL_DMA_Abort                            0x08001f81   Thumb Code    48  stm32f1xx_hal_dma.o(i.HAL_DMA_Abort)
    HAL_DMA_IRQHandler                       0x08001fb1   Thumb Code   316  stm32f1xx_hal_dma.o(i.HAL_DMA_IRQHandler)
    HAL_DMA_Init                             0x08002105   Thumb Code    92  stm32f1xx_hal_dma.o(i.HAL_DMA_Init)
    HAL_DMA_Start_IT                         0x08002169   Thumb Code   112  stm32f1xx_hal_dma.o(i.HAL_DMA_Start_IT)
    HAL_Delay                                0x080021d9   Thumb Code    22  stm32f1xx_hal.o(i.HAL_Delay)
    HAL_GPIO_Init                            0x080021f1   Thumb Code   408  stm32f1xx_hal_gpio.o(i.HAL_GPIO_Init)
    HAL_GPIO_ReadPin                         0x080023ad   Thumb Code    10  stm32f1xx_hal_gpio.o(i.HAL_GPIO_ReadPin)
    HAL_GPIO_TogglePin                       0x080023b7   Thumb Code     8  stm32f1xx_hal_gpio.o(i.HAL_GPIO_TogglePin)
    HAL_GPIO_WritePin                        0x080023bf   Thumb Code    10  stm32f1xx_hal_gpio.o(i.HAL_GPIO_WritePin)
    HAL_GetTick                              0x080023c9   Thumb Code     6  stm32f1xx_hal.o(i.HAL_GetTick)
    HAL_IncTick                              0x080023d5   Thumb Code    10  stm32f1xx_hal.o(i.HAL_IncTick)
    HAL_Init                                 0x080023e5   Thumb Code    32  stm32f1xx_hal.o(i.HAL_Init)
    HAL_InitTick                             0x08002409   Thumb Code    34  stm32f1xx_hal.o(i.HAL_InitTick)
    HAL_MspInit                              0x0800242d   Thumb Code   114  stm32f1xx_hal_msp.o(i.HAL_MspInit)
    HAL_NVIC_EnableIRQ                       0x080024a9   Thumb Code    22  stm32f1xx_hal_cortex.o(i.HAL_NVIC_EnableIRQ)
    HAL_NVIC_SetPriority                     0x080024c1   Thumb Code    60  stm32f1xx_hal_cortex.o(i.HAL_NVIC_SetPriority)
    HAL_NVIC_SetPriorityGrouping             0x08002501   Thumb Code    26  stm32f1xx_hal_cortex.o(i.HAL_NVIC_SetPriorityGrouping)
    HAL_PWR_EnableBkUpAccess                 0x08002525   Thumb Code    20  stm32f1xx_hal_pwr.o(i.HAL_PWR_EnableBkUpAccess)
    HAL_RCCEx_GetPeriphCLKFreq               0x0800253d   Thumb Code   208  stm32f1xx_hal_rcc_ex.o(i.HAL_RCCEx_GetPeriphCLKFreq)
    HAL_RCCEx_PeriphCLKConfig                0x0800262d   Thumb Code   288  stm32f1xx_hal_rcc_ex.o(i.HAL_RCCEx_PeriphCLKConfig)
    HAL_RCC_ClockConfig                      0x08002759   Thumb Code   374  stm32f1xx_hal_rcc.o(i.HAL_RCC_ClockConfig)
    HAL_RCC_GetHCLKFreq                      0x080028e1   Thumb Code     6  stm32f1xx_hal_rcc.o(i.HAL_RCC_GetHCLKFreq)
    HAL_RCC_GetPCLK1Freq                     0x080028ed   Thumb Code    34  stm32f1xx_hal_rcc.o(i.HAL_RCC_GetPCLK1Freq)
    HAL_RCC_GetPCLK2Freq                     0x0800291d   Thumb Code    34  stm32f1xx_hal_rcc.o(i.HAL_RCC_GetPCLK2Freq)
    HAL_RCC_GetSysClockFreq                  0x0800294d   Thumb Code   102  stm32f1xx_hal_rcc.o(i.HAL_RCC_GetSysClockFreq)
    HAL_RCC_OscConfig                        0x080029d5   Thumb Code  1406  stm32f1xx_hal_rcc.o(i.HAL_RCC_OscConfig)
    HAL_RTCEx_BKUPRead                       0x08002f55   Thumb Code    10  stm32f1xx_hal_rtc_ex.o(i.HAL_RTCEx_BKUPRead)
    HAL_RTCEx_BKUPWrite                      0x08002f65   Thumb Code    12  stm32f1xx_hal_rtc_ex.o(i.HAL_RTCEx_BKUPWrite)
    HAL_RTC_Init                             0x08002f75   Thumb Code   154  stm32f1xx_hal_rtc.o(i.HAL_RTC_Init)
    HAL_RTC_MspInit                          0x08003015   Thumb Code    96  rtc.o(i.HAL_RTC_MspInit)
    HAL_RTC_WaitForSynchro                   0x0800307d   Thumb Code    58  stm32f1xx_hal_rtc.o(i.HAL_RTC_WaitForSynchro)
    HAL_SYSTICK_CLKSourceConfig              0x080030b7   Thumb Code    24  stm32f1xx_hal_cortex.o(i.HAL_SYSTICK_CLKSourceConfig)
    HAL_SYSTICK_Callback                     0x080030cf   Thumb Code     2  stm32f1xx_hal_cortex.o(i.HAL_SYSTICK_Callback)
    HAL_SYSTICK_Config                       0x080030d1   Thumb Code    40  stm32f1xx_hal_cortex.o(i.HAL_SYSTICK_Config)
    HAL_SYSTICK_IRQHandler                   0x080030f9   Thumb Code     8  stm32f1xx_hal_cortex.o(i.HAL_SYSTICK_IRQHandler)
    HAL_TIMEx_BreakCallback                  0x08003101   Thumb Code     2  stm32f1xx_hal_tim_ex.o(i.HAL_TIMEx_BreakCallback)
    HAL_TIMEx_CommutationCallback            0x08003103   Thumb Code     2  stm32f1xx_hal_tim_ex.o(i.HAL_TIMEx_CommutationCallback)
    HAL_TIMEx_MasterConfigSynchronization    0x08003105   Thumb Code    80  stm32f1xx_hal_tim_ex.o(i.HAL_TIMEx_MasterConfigSynchronization)
    HAL_TIM_Base_Init                        0x08003155   Thumb Code    54  stm32f1xx_hal_tim.o(i.HAL_TIM_Base_Init)
    HAL_TIM_Base_MspInit                     0x0800318d   Thumb Code   116  tim.o(i.HAL_TIM_Base_MspInit)
    HAL_TIM_Base_Start                       0x0800320d   Thumb Code    26  stm32f1xx_hal_tim.o(i.HAL_TIM_Base_Start)
    HAL_TIM_Base_Start_IT                    0x08003227   Thumb Code    24  stm32f1xx_hal_tim.o(i.HAL_TIM_Base_Start_IT)
    HAL_TIM_Base_Stop                        0x0800323f   Thumb Code    44  stm32f1xx_hal_tim.o(i.HAL_TIM_Base_Stop)
    HAL_TIM_Base_Stop_IT                     0x0800326b   Thumb Code    42  stm32f1xx_hal_tim.o(i.HAL_TIM_Base_Stop_IT)
    HAL_TIM_ConfigClockSource                0x08003295   Thumb Code   242  stm32f1xx_hal_tim.o(i.HAL_TIM_ConfigClockSource)
    HAL_TIM_IC_CaptureCallback               0x08003387   Thumb Code     2  stm32f1xx_hal_tim.o(i.HAL_TIM_IC_CaptureCallback)
    HAL_TIM_IRQHandler                       0x08003389   Thumb Code   358  stm32f1xx_hal_tim.o(i.HAL_TIM_IRQHandler)
    HAL_TIM_OC_DelayElapsedCallback          0x080034ef   Thumb Code     2  stm32f1xx_hal_tim.o(i.HAL_TIM_OC_DelayElapsedCallback)
    HAL_TIM_PWM_PulseFinishedCallback        0x080034f1   Thumb Code     2  stm32f1xx_hal_tim.o(i.HAL_TIM_PWM_PulseFinishedCallback)
    HAL_TIM_PeriodElapsedCallback            0x080034f5   Thumb Code   144  tim.o(i.HAL_TIM_PeriodElapsedCallback)
    HAL_TIM_TriggerCallback                  0x080035a9   Thumb Code     2  stm32f1xx_hal_tim.o(i.HAL_TIM_TriggerCallback)
    HAL_UART_Init                            0x080035ab   Thumb Code    94  stm32f1xx_hal_uart.o(i.HAL_UART_Init)
    HAL_UART_MspInit                         0x08003609   Thumb Code    92  usart.o(i.HAL_UART_MspInit)
    HAL_UART_Transmit                        0x08003671   Thumb Code   204  stm32f1xx_hal_uart.o(i.HAL_UART_Transmit)
    HUMIDisplay                              0x0800373d   Thumb Code   108  display.o(i.HUMIDisplay)
    HardFault_Handler                        0x080037b9   Thumb Code     2  stm32f1xx_it.o(i.HardFault_Handler)
    IIC_Ack                                  0x080037bd   Thumb Code    56  myiic.o(i.IIC_Ack)
    IIC_Init                                 0x080037fd   Thumb Code    72  myiic.o(i.IIC_Init)
    IIC_NAck                                 0x08003855   Thumb Code    56  myiic.o(i.IIC_NAck)
    IIC_Read_Byte                            0x08003895   Thumb Code   100  myiic.o(i.IIC_Read_Byte)
    IIC_Send_Byte                            0x08003901   Thumb Code    86  myiic.o(i.IIC_Send_Byte)
    IIC_Start                                0x08003961   Thumb Code    56  myiic.o(i.IIC_Start)
    IIC_Stop                                 0x080039a1   Thumb Code    58  myiic.o(i.IIC_Stop)
    IIC_Wait_Ack                             0x080039e5   Thumb Code    78  myiic.o(i.IIC_Wait_Ack)
    Is_Leap_Year                             0x08003a3d   Thumb Code    38  rtc.o(i.Is_Leap_Year)
    KEY_Init                                 0x08003a65   Thumb Code   110  key.o(i.KEY_Init)
    KEY_Scan                                 0x08003ae1   Thumb Code   190  key.o(i.KEY_Scan)
    LED_Init                                 0x08003bad   Thumb Code    58  led.o(i.LED_Init)
    LED_MODE                                 0x08003bf1   Thumb Code    40  display.o(i.LED_MODE)
    MP3_Init                                 0x08003c1d   Thumb Code    18  mp3.o(i.MP3_Init)
    MemManage_Handler                        0x08003c35   Thumb Code     2  stm32f1xx_it.o(i.MemManage_Handler)
    Mp3_Mi2ddleColuDisplay                   0x08003c39   Thumb Code   180  mp3.o(i.Mp3_Mi2ddleColuDisplay)
    Mp3_MiddleColuDisplay                    0x08003cf5   Thumb Code   150  mp3.o(i.Mp3_MiddleColuDisplay)
    Mp3_MiniUnColuDisplay                    0x08003d95   Thumb Code   116  mp3.o(i.Mp3_MiniUnColuDisplay)
    Mp3_RMiddleColuDisplay                   0x08003e11   Thumb Code   116  mp3.o(i.Mp3_RMiddleColuDisplay)
    Mp3_SMiddleColuDisplay                   0x08003e8d   Thumb Code   110  mp3.o(i.Mp3_SMiddleColuDisplay)
    Mp3_TMiddleColuDisplay                   0x08003f05   Thumb Code   148  mp3.o(i.Mp3_TMiddleColuDisplay)
    Mp3_UnColuDisplay                        0x08003fa1   Thumb Code   202  mp3.o(i.Mp3_UnColuDisplay)
    NMI_Handler                              0x08004079   Thumb Code     2  stm32f1xx_it.o(i.NMI_Handler)
    OLED_AlarmTop                            0x0800409d   Thumb Code   400  display.o(i.OLED_AlarmTop)
    OLED_Clear                               0x0800423d   Thumb Code    42  oled.o(i.OLED_Clear)
    OLED_ClockTop                            0x0800426d   Thumb Code   378  display.o(i.OLED_ClockTop)
    OLED_DataFlow                            0x080043f5   Thumb Code   366  oled.o(i.OLED_DataFlow)
    OLED_DeskTop                             0x0800456d   Thumb Code   204  display.o(i.OLED_DeskTop)
    OLED_Display_Off                         0x08004645   Thumb Code    30  oled.o(i.OLED_Display_Off)
    OLED_Display_On                          0x08004663   Thumb Code    30  oled.o(i.OLED_Display_On)
    OLED_DrawBMP                             0x08004681   Thumb Code    64  oled.o(i.OLED_DrawBMP)
    OLED_DrawPoint                           0x080046c1   Thumb Code    58  oled.o(i.OLED_DrawPoint)
    OLED_GameTop                             0x08004701   Thumb Code   358  display.o(i.OLED_GameTop)
    OLED_Init                                0x080048a5   Thumb Code   298  oled.o(i.OLED_Init)
    OLED_LedTop                              0x080049d5   Thumb Code   250  display.o(i.OLED_LedTop)
    OLED_MainTop                             0x08004ae1   Thumb Code   850  display.o(i.OLED_MainTop)
    OLED_Mp3Top                              0x08004e79   Thumb Code   270  display.o(i.OLED_Mp3Top)
    OLED_P16x16Ch                            0x08004fa1   Thumb Code    70  oled.o(i.OLED_P16x16Ch)
    OLED_P16x32Ch_Delay                      0x08004fed   Thumb Code   156  oled.o(i.OLED_P16x32Ch_Delay)
    OLED_P32x32Ch                            0x0800508d   Thumb Code   154  oled.o(i.OLED_P32x32Ch)
    OLED_P6x8Str                             0x0800512d   Thumb Code    90  oled.o(i.OLED_P6x8Str)
    OLED_P8x16Str                            0x0800518d   Thumb Code   130  oled.o(i.OLED_P8x16Str)
    OLED_Refresh_Gram                        0x08005215   Thumb Code    72  oled.o(i.OLED_Refresh_Gram)
    OLED_SetAlarmTime                        0x08005261   Thumb Code   410  display.o(i.OLED_SetAlarmTime)
    OLED_SetClockTime                        0x08005405   Thumb Code   410  display.o(i.OLED_SetClockTime)
    OLED_SetTop                              0x080055a9   Thumb Code   176  display.o(i.OLED_SetTop)
    OLED_Set_Address                         0x08005661   Thumb Code    40  oled.o(i.OLED_Set_Address)
    OLED_Set_Pos                             0x08005689   Thumb Code    44  oled.o(i.OLED_Set_Pos)
    OLED_ShowChar                            0x080056b5   Thumb Code    54  oled.o(i.OLED_ShowChar)
    OLED_ShowDate                            0x080056f1   Thumb Code   352  display.o(i.OLED_ShowDate)
    OLED_ShowNum                             0x08005875   Thumb Code    98  oled.o(i.OLED_ShowNum)
    OLED_ShowString                          0x080058d7   Thumb Code    50  oled.o(i.OLED_ShowString)
    OLED_ShowminiDate                        0x08005909   Thumb Code   178  display.o(i.OLED_ShowminiDate)
    OLED_Shownumber                          0x080059c9   Thumb Code    72  oled.o(i.OLED_Shownumber)
    OLED_Shownumber11X16                     0x08005a15   Thumb Code    76  oled.o(i.OLED_Shownumber11X16)
    OLED_StartClear                          0x08005a65   Thumb Code    60  oled.o(i.OLED_StartClear)
    OLED_TempTop                             0x08005aa1   Thumb Code    70  display.o(i.OLED_TempTop)
    OLED_UserTop                             0x08005aed   Thumb Code   156  display.o(i.OLED_UserTop)
    OLED_WR_Byte                             0x08005b91   Thumb Code   108  oled.o(i.OLED_WR_Byte)
    Oled_DisplayPage                         0x08005c01   Thumb Code    96  display.o(i.Oled_DisplayPage)
    PendSV_Handler                           0x08005c69   Thumb Code     2  stm32f1xx_it.o(i.PendSV_Handler)
    RTC_Get                                  0x08005cd9   Thumb Code   202  rtc.o(i.RTC_Get)
    RTC_Get_Week                             0x08005db9   Thumb Code    76  rtc.o(i.RTC_Get_Week)
    RTC_IRQHandler                           0x08005e09   Thumb Code    56  rtc.o(i.RTC_IRQHandler)
    RTC_Init                                 0x08005e51   Thumb Code   118  rtc.o(i.RTC_Init)
    RTC_Set                                  0x08005ed1   Thumb Code   230  rtc.o(i.RTC_Set)
    SHT20_GetHumiPoll                        0x08005fd5   Thumb Code   122  sht20.o(i.SHT20_GetHumiPoll)
    SHT20_GetTempPoll                        0x0800605d   Thumb Code   126  sht20.o(i.SHT20_GetTempPoll)
    SHT20_Init                               0x080060ed   Thumb Code     4  sht20.o(i.SHT20_Init)
    SHT20_SoftReset                          0x080060f1   Thumb Code    36  sht20.o(i.SHT20_SoftReset)
    SVC_Handler                              0x08006115   Thumb Code     2  stm32f1xx_it.o(i.SVC_Handler)
    SnakeBody_Construct                      0x08006117   Thumb Code   210  snake.o(i.SnakeBody_Construct)
    SnakeHead_Construct                      0x080061e9   Thumb Code   210  snake.o(i.SnakeHead_Construct)
    Snake_Init                               0x080062bd   Thumb Code    84  snake.o(i.Snake_Init)
    Snake_Move                               0x08006321   Thumb Code   282  snake.o(i.Snake_Move)
    Stm32_Clock_Init                         0x08006449   Thumb Code    68  delay.o(i.Stm32_Clock_Init)
    SysTick_Handler                          0x0800648d   Thumb Code    14  stm32f1xx_it.o(i.SysTick_Handler)
    SystemInit                               0x0800649d   Thumb Code    56  system_stm32f1xx.o(i.SystemInit)
    TEMPDisplay                              0x080064e5   Thumb Code   108  display.o(i.TEMPDisplay)
    TIM2_IRQHandler                          0x08006561   Thumb Code     6  tim.o(i.TIM2_IRQHandler)
    TIM2_Init                                0x0800656d   Thumb Code    42  tim.o(i.TIM2_Init)
    TIM3_Init                                0x0800659d   Thumb Code    80  tim.o(i.TIM3_Init)
    TIM4_IRQHandler                          0x080065f5   Thumb Code     6  tim.o(i.TIM4_IRQHandler)
    TIM4_Init                                0x08006601   Thumb Code    40  tim.o(i.TIM4_Init)
    TIM_Base_SetConfig                       0x08006631   Thumb Code    86  stm32f1xx_hal_tim.o(i.TIM_Base_SetConfig)
    UART_Init                                0x08006701   Thumb Code    48  usart.o(i.UART_Init)
    UsageFault_Handler                       0x0800693b   Thumb Code     2  stm32f1xx_it.o(i.UsageFault_Handler)
    Wipe_Point                               0x0800693d   Thumb Code   210  snake.o(i.Wipe_Point)
    __0printf                                0x08006a11   Thumb Code    22  printfa.o(i.__0printf)
    __1printf                                0x08006a11   Thumb Code     0  printfa.o(i.__0printf)
    __2printf                                0x08006a11   Thumb Code     0  printfa.o(i.__0printf)
    __c89printf                              0x08006a11   Thumb Code     0  printfa.o(i.__0printf)
    printf                                   0x08006a11   Thumb Code     0  printfa.o(i.__0printf)
    __0sprintf                               0x08006a31   Thumb Code    34  printfa.o(i.__0sprintf)
    __1sprintf                               0x08006a31   Thumb Code     0  printfa.o(i.__0sprintf)
    __2sprintf                               0x08006a31   Thumb Code     0  printfa.o(i.__0sprintf)
    __c89sprintf                             0x08006a31   Thumb Code     0  printfa.o(i.__0sprintf)
    sprintf                                  0x08006a31   Thumb Code     0  printfa.o(i.__0sprintf)
    __scatterload_copy                       0x08006a59   Thumb Code    14  handlers.o(i.__scatterload_copy)
    __scatterload_null                       0x08006a67   Thumb Code     2  handlers.o(i.__scatterload_null)
    __scatterload_zeroinit                   0x08006a69   Thumb Code    14  handlers.o(i.__scatterload_zeroinit)
    __set_errno                              0x08006a79   Thumb Code     6  errno.o(i.__set_errno)
    delay_init                               0x08007341   Thumb Code    16  delay.o(i.delay_init)
    delay_ms                                 0x08007355   Thumb Code    26  delay.o(i.delay_ms)
    delay_us                                 0x08007371   Thumb Code    48  delay.o(i.delay_us)
    fputc                                    0x080073a5   Thumb Code    20  usart.o(i.fputc)
    indexList                                0x080073bd   Thumb Code   430  display.o(i.indexList)
    main                                     0x080075d5   Thumb Code   170  main.o(i.main)
    oled_pow                                 0x08007719   Thumb Code    16  oled.o(i.oled_pow)
    secondMove                               0x08007729   Thumb Code   152  oled.o(i.secondMove)
    sqrt                                     0x080077c1   Thumb Code    76  sqrt.o(i.sqrt)
    AHBPrescTable                            0x0800780c   Data          16  system_stm32f1xx.o(.constdata)
    APBPrescTable                            0x0800781c   Data           8  system_stm32f1xx.o(.constdata)
    F16x16                                   0x08007824   Data         512  oled.o(.constdata)
    F16x32                                   0x08007a24   Data         768  oled.o(.constdata)
    F32x32                                   0x08007d24   Data        1408  oled.o(.constdata)
    F6x8                                     0x080082a4   Data         552  oled.o(.constdata)
    F8X16                                    0x080084cc   Data        1520  oled.o(.constdata)
    table_week                               0x08008abc   Data          12  rtc.o(.constdata)
    mon_table                                0x08008ac8   Data          12  rtc.o(.constdata)
    Region$$Table$$Base                      0x08008b2c   Number         0  anon$$obj.o(Region$$Table)
    Region$$Table$$Limit                     0x08008b4c   Number         0  anon$$obj.o(Region$$Table)
    gOLED_Display                            0x20000000   Data          12  main.o(.data)
    gSht20Date                               0x2000000c   Data           8  main.o(.data)
    Mp3_Data                                 0x20000014   Data           4  main.o(.data)
    Lock_OLED                                0x20000018   Data           1  main.o(.data)
    Set_RTCTime                              0x2000001a   Data           8  main.o(.data)
    Set_Alarm                                0x20000022   Data           8  main.o(.data)
    Led_Light                                0x2000002a   Data           1  main.o(.data)
    SystemCoreClock                          0x20000030   Data           4  system_stm32f1xx.o(.data)
    second                                   0x2000003b   Data         264  oled.o(.data)
    mid                                      0x20000143   Data         800  oled.o(.data)
    a                                        0x2000046a   Data           1  display.o(.data)
    b                                        0x2000046b   Data           1  display.o(.data)
    c                                        0x2000046c   Data           1  display.o(.data)
    d                                        0x2000046d   Data           1  display.o(.data)
    e                                        0x2000046e   Data           1  display.o(.data)
    f                                        0x2000046f   Data           1  display.o(.data)
    m1                                       0x20000470   Data           1  display.o(.data)
    m2                                       0x20000471   Data           1  display.o(.data)
    m3                                       0x20000472   Data           1  display.o(.data)
    m4                                       0x20000473   Data           1  display.o(.data)
    m5                                       0x20000474   Data           1  display.o(.data)
    m6                                       0x20000475   Data           1  display.o(.data)
    MoDat_of_Year                            0x20000476   Data          12  display.o(.data)
    prt                                      0x20000482   Data           1  mp3.o(.data)
    SnakeCoordinate_x                        0x20000486   Data           1  snake.o(.data)
    SnakeCoordinate_y                        0x20000487   Data           1  snake.o(.data)
    FoodCoordinate_x                         0x20000488   Data           1  snake.o(.data)
    FoodCoordinate_y                         0x20000489   Data           1  snake.o(.data)
    MoveDirection                            0x2000048a   Data           1  snake.o(.data)
    Counter_x                                0x2000048c   Data           2  snake.o(.data)
    Counter_y                                0x2000048e   Data           2  snake.o(.data)
    SnakeLength                              0x20000490   Data           2  snake.o(.data)
    runflag                                  0x20000492   Data           1  snake.o(.data)
    __stdout                                 0x20000494   Data           4  stdout.o(.data)
    huart1                                   0x2000049c   Data          64  usart.o(.bss)
    hadc1                                    0x200004dc   Data          48  adc.o(.bss)
    hdma_adc1                                0x2000050c   Data          68  adc.o(.bss)
    OLED_GRAM                                0x20000550   Data        2048  oled.o(.bss)
    RTC_Handler                              0x20000d50   Data          20  rtc.o(.bss)
    calendar                                 0x20000d64   Data          10  rtc.o(.bss)
    htim3                                    0x20000d70   Data          60  tim.o(.bss)
    htim4                                    0x20000dac   Data          60  tim.o(.bss)
    htim2                                    0x20000de8   Data          60  tim.o(.bss)
    Adc_SourceData                           0x20000e24   Data        1024  mp3.o(.bss)
    lBufInArray                              0x20001224   Data        1024  mp3.o(.bss)
    lBufOutArray                             0x20001624   Data         512  mp3.o(.bss)
    lBufMagArray                             0x20001824   Data         512  mp3.o(.bss)
    Fali_Point                               0x20001a24   Data         128  mp3.o(.bss)
    CheckBuffer                              0x20001aa4   Data         420  snake.o(.bss)
    MoveCoordinate                           0x20001c48   Data         840  snake.o(.bss)
    SnakeCoordinate                          0x20001f90   Data        1024  snake.o(.bss)
    __initial_sp                             0x20002790   Data           0  startup_stm32f103xb.o(STACK)



==============================================================================

Memory Map of the image

  Image Entry point : 0x080000ed

  Load Region LR_IROM1 (Base: 0x08000000, Size: 0x00008fe8, Max: 0x00010000, ABSOLUTE, COMPRESSED[0x00008d28])

    Execution Region ER_IROM1 (Base: 0x08000000, Size: 0x00008b4c, Max: 0x00010000, ABSOLUTE)

    Base Addr    Size         Type   Attr      Idx    E Section Name        Object

    0x08000000   0x000000ec   Data   RO         3386    RESET               startup_stm32f103xb.o
    0x080000ec   0x00000000   Code   RO         5020  * .ARM.Collect$$$$00000000  mc_w.l(entry.o)
    0x080000ec   0x00000004   Code   RO         5322    .ARM.Collect$$$$00000001  mc_w.l(entry2.o)
    0x080000f0   0x00000004   Code   RO         5325    .ARM.Collect$$$$00000004  mc_w.l(entry5.o)
    0x080000f4   0x00000000   Code   RO         5327    .ARM.Collect$$$$00000008  mc_w.l(entry7b.o)
    0x080000f4   0x00000000   Code   RO         5329    .ARM.Collect$$$$0000000A  mc_w.l(entry8b.o)
    0x080000f4   0x00000008   Code   RO         5330    .ARM.Collect$$$$0000000B  mc_w.l(entry9a.o)
    0x080000fc   0x00000000   Code   RO         5332    .ARM.Collect$$$$0000000D  mc_w.l(entry10a.o)
    0x080000fc   0x00000000   Code   RO         5334    .ARM.Collect$$$$0000000F  mc_w.l(entry11a.o)
    0x080000fc   0x00000004   Code   RO         5323    .ARM.Collect$$$$00002712  mc_w.l(entry2.o)
    0x08000100   0x000005de   Code   RO          445    .text               cr4_fft_256_stm32.o
    0x080006de   0x00000002   PAD
    0x080006e0   0x00000024   Code   RO         3387    .text               startup_stm32f103xb.o
    0x08000704   0x00000020   Code   RO         5023    .text               mc_w.l(llushr.o)
    0x08000724   0x00000024   Code   RO         5025    .text               mc_w.l(memseta.o)
    0x08000748   0x000000b0   Code   RO         5288    .text               mf_w.l(fadd.o)
    0x080007f8   0x00000064   Code   RO         5290    .text               mf_w.l(fmul.o)
    0x0800085c   0x00000018   Code   RO         5294    .text               mf_w.l(fscalb.o)
    0x08000874   0x0000014e   Code   RO         5296    .text               mf_w.l(dadd.o)
    0x080009c2   0x000000e4   Code   RO         5298    .text               mf_w.l(dmul.o)
    0x08000aa6   0x0000002e   Code   RO         5300    .text               mf_w.l(dscalb.o)
    0x08000ad4   0x00000012   Code   RO         5302    .text               mf_w.l(fflti.o)
    0x08000ae6   0x0000001a   Code   RO         5308    .text               mf_w.l(dfltui.o)
    0x08000b00   0x00000032   Code   RO         5310    .text               mf_w.l(ffixi.o)
    0x08000b32   0x00000028   Code   RO         5312    .text               mf_w.l(ffixui.o)
    0x08000b5a   0x00000026   Code   RO         5318    .text               mf_w.l(f2d.o)
    0x08000b80   0x00000038   Code   RO         5320    .text               mf_w.l(d2f.o)
    0x08000bb8   0x0000002c   Code   RO         5337    .text               mc_w.l(uidiv.o)
    0x08000be4   0x00000062   Code   RO         5339    .text               mc_w.l(uldiv.o)
    0x08000c46   0x0000001e   Code   RO         5341    .text               mc_w.l(llshl.o)
    0x08000c64   0x00000024   Code   RO         5343    .text               mc_w.l(llsshr.o)
    0x08000c88   0x00000000   Code   RO         5352    .text               mc_w.l(iusefp.o)
    0x08000c88   0x0000006e   Code   RO         5353    .text               mf_w.l(fepilogue.o)
    0x08000cf6   0x000000ba   Code   RO         5355    .text               mf_w.l(depilogue.o)
    0x08000db0   0x000000de   Code   RO         5357    .text               mf_w.l(ddiv.o)
    0x08000e8e   0x000000a2   Code   RO         5359    .text               mf_w.l(dsqrt.o)
    0x08000f30   0x00000030   Code   RO         5361    .text               mf_w.l(dfixul.o)
    0x08000f60   0x00000030   Code   RO         5365    .text               mf_w.l(cdrcmple.o)
    0x08000f90   0x00000024   Code   RO         5367    .text               mc_w.l(init.o)
    0x08000fb4   0x00000056   Code   RO         5377    .text               mc_w.l(__dczerorl2.o)
    0x0800100a   0x00000002   PAD
    0x0800100c   0x00000048   Code   RO         3982    i.ADC1_Init         adc.o
    0x08001054   0x0000004c   Code   RO         2492    i.ADC_ConversionStop_Disable  stm32f1xx_hal_adc.o
    0x080010a0   0x0000004e   Code   RO         2493    i.ADC_DMAConvCplt   stm32f1xx_hal_adc.o
    0x080010ee   0x0000001a   Code   RO         2494    i.ADC_DMAError      stm32f1xx_hal_adc.o
    0x08001108   0x0000000a   Code   RO         2495    i.ADC_DMAHalfConvCplt  stm32f1xx_hal_adc.o
    0x08001112   0x00000002   PAD
    0x08001114   0x00000070   Code   RO         2496    i.ADC_Enable        stm32f1xx_hal_adc.o
    0x08001184   0x00000096   Code   RO         4179    i.BnumUpMove        oled.o
    0x0800121a   0x00000002   PAD
    0x0800121c   0x00000024   Code   RO         4935    i.Border_Check      snake.o
    0x08001240   0x00000002   Code   RO          274    i.BusFault_Handler  stm32f1xx_it.o
    0x08001242   0x00000002   PAD
    0x08001244   0x0000000c   Code   RO          275    i.DMA1_Channel1_IRQHandler  stm32f1xx_it.o
    0x08001250   0x0000002c   Code   RO         4024    i.DMA_Init          dma.o
    0x0800127c   0x0000002a   Code   RO          492    i.DMA_SetConfig     stm32f1xx_hal_dma.o
    0x080012a6   0x00000002   Code   RO          276    i.DebugMon_Handler  stm32f1xx_it.o
    0x080012a8   0x00000068   Code   RO         4936    i.Direction_Process  snake.o
    0x08001310   0x0000004c   Code   RO         4645    i.DisplayIcon       display.o
    0x0800135c   0x00000130   Code   RO         4646    i.DisplayList       display.o
    0x0800148c   0x0000008c   Code   RO         4181    i.Draw_Single_Point  oled.o
    0x08001518   0x0000000a   Code   RO         4647    i.ElectricityDisplay  display.o
    0x08001522   0x00000002   PAD
    0x08001524   0x00000024   Code   RO          238    i.Error_Handler     stm32f1xx_hal_msp.o
    0x08001548   0x0000009c   Code   RO         4842    i.FFT_GetDcComponent  mp3.o
    0x080015e4   0x000000d2   Code   RO         4937    i.Food_Construct    snake.o
    0x080016b6   0x00000054   Code   RO         4938    i.Frame_Init        snake.o
    0x0800170a   0x00000002   PAD
    0x0800170c   0x00000068   Code   RO         4182    i.GPIO_Config       oled.o
    0x08001774   0x00000004   Code   RO         3636    i.GUI_ClearSCR      lcmdrv.o
    0x08001778   0x00000004   Code   RO         3637    i.GUI_Exec          lcmdrv.o
    0x0800177c   0x0000002c   Code   RO         3639    i.GUI_HLine         lcmdrv.o
    0x080017a8   0x00000004   Code   RO         3640    i.GUI_Initialize    lcmdrv.o
    0x080017ac   0x000000c8   Code   RO         3490    i.GUI_Line          gui_basic.o
    0x08001874   0x00000148   Code   RO         3492    i.GUI_LineWith      gui_basic.o
    0x080019bc   0x00000006   Code   RO         3641    i.GUI_Point         lcmdrv.o
    0x080019c2   0x00000002   PAD
    0x080019c4   0x0000004c   Code   RO         3494    i.GUI_PointS        gui_basic.o
    0x08001a10   0x0000002a   Code   RO         3642    i.GUI_RLine         lcmdrv.o
    0x08001a3a   0x00000002   PAD
    0x08001a3c   0x00000168   Code   RO         2498    i.HAL_ADC_ConfigChannel  stm32f1xx_hal_adc.o
    0x08001ba4   0x000000d4   Code   RO         4843    i.HAL_ADC_ConvCpltCallback  mp3.o
    0x08001c78   0x00000002   Code   RO         2500    i.HAL_ADC_ConvHalfCpltCallback  stm32f1xx_hal_adc.o
    0x08001c7a   0x00000002   Code   RO         2502    i.HAL_ADC_ErrorCallback  stm32f1xx_hal_adc.o
    0x08001c7c   0x00000134   Code   RO         2507    i.HAL_ADC_Init      stm32f1xx_hal_adc.o
    0x08001db0   0x00000078   Code   RO         3984    i.HAL_ADC_MspInit   adc.o
    0x08001e28   0x0000010c   Code   RO         2514    i.HAL_ADC_Start_DMA  stm32f1xx_hal_adc.o
    0x08001f34   0x0000004c   Code   RO         2517    i.HAL_ADC_Stop_DMA  stm32f1xx_hal_adc.o
    0x08001f80   0x00000030   Code   RO          493    i.HAL_DMA_Abort     stm32f1xx_hal_dma.o
    0x08001fb0   0x00000154   Code   RO          498    i.HAL_DMA_IRQHandler  stm32f1xx_hal_dma.o
    0x08002104   0x00000064   Code   RO          499    i.HAL_DMA_Init      stm32f1xx_hal_dma.o
    0x08002168   0x00000070   Code   RO          503    i.HAL_DMA_Start_IT  stm32f1xx_hal_dma.o
    0x080021d8   0x00000016   Code   RO         1501    i.HAL_Delay         stm32f1xx_hal.o
    0x080021ee   0x00000002   PAD
    0x080021f0   0x000001bc   Code   RO          590    i.HAL_GPIO_Init     stm32f1xx_hal_gpio.o
    0x080023ac   0x0000000a   Code   RO          592    i.HAL_GPIO_ReadPin  stm32f1xx_hal_gpio.o
    0x080023b6   0x00000008   Code   RO          593    i.HAL_GPIO_TogglePin  stm32f1xx_hal_gpio.o
    0x080023be   0x0000000a   Code   RO          594    i.HAL_GPIO_WritePin  stm32f1xx_hal_gpio.o
    0x080023c8   0x0000000c   Code   RO         1505    i.HAL_GetTick       stm32f1xx_hal.o
    0x080023d4   0x00000010   Code   RO         1506    i.HAL_IncTick       stm32f1xx_hal.o
    0x080023e4   0x00000024   Code   RO         1507    i.HAL_Init          stm32f1xx_hal.o
    0x08002408   0x00000022   Code   RO         1508    i.HAL_InitTick      stm32f1xx_hal.o
    0x0800242a   0x00000002   PAD
    0x0800242c   0x0000007c   Code   RO          239    i.HAL_MspInit       stm32f1xx_hal_msp.o
    0x080024a8   0x00000016   Code   RO          655    i.HAL_NVIC_EnableIRQ  stm32f1xx_hal_cortex.o
    0x080024be   0x00000002   PAD
    0x080024c0   0x00000040   Code   RO          661    i.HAL_NVIC_SetPriority  stm32f1xx_hal_cortex.o
    0x08002500   0x00000024   Code   RO          662    i.HAL_NVIC_SetPriorityGrouping  stm32f1xx_hal_cortex.o
    0x08002524   0x00000018   Code   RO          880    i.HAL_PWR_EnableBkUpAccess  stm32f1xx_hal_pwr.o
    0x0800253c   0x000000f0   Code   RO         1321    i.HAL_RCCEx_GetPeriphCLKFreq  stm32f1xx_hal_rcc_ex.o
    0x0800262c   0x0000012c   Code   RO         1322    i.HAL_RCCEx_PeriphCLKConfig  stm32f1xx_hal_rcc_ex.o
    0x08002758   0x00000188   Code   RO         1357    i.HAL_RCC_ClockConfig  stm32f1xx_hal_rcc.o
    0x080028e0   0x0000000c   Code   RO         1362    i.HAL_RCC_GetHCLKFreq  stm32f1xx_hal_rcc.o
    0x080028ec   0x00000030   Code   RO         1364    i.HAL_RCC_GetPCLK1Freq  stm32f1xx_hal_rcc.o
    0x0800291c   0x00000030   Code   RO         1365    i.HAL_RCC_GetPCLK2Freq  stm32f1xx_hal_rcc.o
    0x0800294c   0x00000088   Code   RO         1366    i.HAL_RCC_GetSysClockFreq  stm32f1xx_hal_rcc.o
    0x080029d4   0x0000057e   Code   RO         1369    i.HAL_RCC_OscConfig  stm32f1xx_hal_rcc.o
    0x08002f52   0x00000002   PAD
    0x08002f54   0x00000010   Code   RO         2938    i.HAL_RTCEx_BKUPRead  stm32f1xx_hal_rtc_ex.o
    0x08002f64   0x00000010   Code   RO         2939    i.HAL_RTCEx_BKUPWrite  stm32f1xx_hal_rtc_ex.o
    0x08002f74   0x000000a0   Code   RO         2776    i.HAL_RTC_Init      stm32f1xx_hal_rtc.o
    0x08003014   0x00000068   Code   RO         4407    i.HAL_RTC_MspInit   rtc.o
    0x0800307c   0x0000003a   Code   RO         2784    i.HAL_RTC_WaitForSynchro  stm32f1xx_hal_rtc.o
    0x080030b6   0x00000018   Code   RO          664    i.HAL_SYSTICK_CLKSourceConfig  stm32f1xx_hal_cortex.o
    0x080030ce   0x00000002   Code   RO          665    i.HAL_SYSTICK_Callback  stm32f1xx_hal_cortex.o
    0x080030d0   0x00000028   Code   RO          666    i.HAL_SYSTICK_Config  stm32f1xx_hal_cortex.o
    0x080030f8   0x00000008   Code   RO          667    i.HAL_SYSTICK_IRQHandler  stm32f1xx_hal_cortex.o
    0x08003100   0x00000002   Code   RO         1628    i.HAL_TIMEx_BreakCallback  stm32f1xx_hal_tim_ex.o
    0x08003102   0x00000002   Code   RO         1629    i.HAL_TIMEx_CommutationCallback  stm32f1xx_hal_tim_ex.o
    0x08003104   0x00000050   Code   RO         1645    i.HAL_TIMEx_MasterConfigSynchronization  stm32f1xx_hal_tim_ex.o
    0x08003154   0x00000036   Code   RO         1863    i.HAL_TIM_Base_Init  stm32f1xx_hal_tim.o
    0x0800318a   0x00000002   PAD
    0x0800318c   0x00000080   Code   RO         4571    i.HAL_TIM_Base_MspInit  tim.o
    0x0800320c   0x0000001a   Code   RO         1866    i.HAL_TIM_Base_Start  stm32f1xx_hal_tim.o
    0x08003226   0x00000018   Code   RO         1868    i.HAL_TIM_Base_Start_IT  stm32f1xx_hal_tim.o
    0x0800323e   0x0000002c   Code   RO         1869    i.HAL_TIM_Base_Stop  stm32f1xx_hal_tim.o
    0x0800326a   0x0000002a   Code   RO         1871    i.HAL_TIM_Base_Stop_IT  stm32f1xx_hal_tim.o
    0x08003294   0x000000f2   Code   RO         1872    i.HAL_TIM_ConfigClockSource  stm32f1xx_hal_tim.o
    0x08003386   0x00000002   Code   RO         1892    i.HAL_TIM_IC_CaptureCallback  stm32f1xx_hal_tim.o
    0x08003388   0x00000166   Code   RO         1905    i.HAL_TIM_IRQHandler  stm32f1xx_hal_tim.o
    0x080034ee   0x00000002   Code   RO         1908    i.HAL_TIM_OC_DelayElapsedCallback  stm32f1xx_hal_tim.o
    0x080034f0   0x00000002   Code   RO         1935    i.HAL_TIM_PWM_PulseFinishedCallback  stm32f1xx_hal_tim.o
    0x080034f2   0x00000002   PAD
    0x080034f4   0x000000b4   Code   RO         4572    i.HAL_TIM_PeriodElapsedCallback  tim.o
    0x080035a8   0x00000002   Code   RO         1946    i.HAL_TIM_TriggerCallback  stm32f1xx_hal_tim.o
    0x080035aa   0x0000005e   Code   RO         1099    i.HAL_UART_Init     stm32f1xx_hal_uart.o
    0x08003608   0x00000068   Code   RO          401    i.HAL_UART_MspInit  usart.o
    0x08003670   0x000000cc   Code   RO         1107    i.HAL_UART_Transmit  stm32f1xx_hal_uart.o
    0x0800373c   0x0000007c   Code   RO         4649    i.HUMIDisplay       display.o
    0x080037b8   0x00000002   Code   RO          277    i.HardFault_Handler  stm32f1xx_it.o
    0x080037ba   0x00000002   PAD
    0x080037bc   0x00000040   Code   RO         4048    i.IIC_Ack           myiic.o
    0x080037fc   0x00000058   Code   RO         4049    i.IIC_Init          myiic.o
    0x08003854   0x00000040   Code   RO         4050    i.IIC_NAck          myiic.o
    0x08003894   0x0000006c   Code   RO         4051    i.IIC_Read_Byte     myiic.o
    0x08003900   0x00000060   Code   RO         4052    i.IIC_Send_Byte     myiic.o
    0x08003960   0x00000040   Code   RO         4053    i.IIC_Start         myiic.o
    0x080039a0   0x00000044   Code   RO         4054    i.IIC_Stop          myiic.o
    0x080039e4   0x00000058   Code   RO         4055    i.IIC_Wait_Ack      myiic.o
    0x08003a3c   0x00000026   Code   RO         4408    i.Is_Leap_Year      rtc.o
    0x08003a62   0x00000002   PAD
    0x08003a64   0x0000007c   Code   RO         4114    i.KEY_Init          key.o
    0x08003ae0   0x000000cc   Code   RO         4115    i.KEY_Scan          key.o
    0x08003bac   0x00000044   Code   RO         4151    i.LED_Init          led.o
    0x08003bf0   0x0000002c   Code   RO         4650    i.LED_MODE          display.o
    0x08003c1c   0x00000018   Code   RO         4844    i.MP3_Init          mp3.o
    0x08003c34   0x00000002   Code   RO          278    i.MemManage_Handler  stm32f1xx_it.o
    0x08003c36   0x00000002   PAD
    0x08003c38   0x000000bc   Code   RO         4845    i.Mp3_Mi2ddleColuDisplay  mp3.o
    0x08003cf4   0x000000a0   Code   RO         4846    i.Mp3_MiddleColuDisplay  mp3.o
    0x08003d94   0x0000007c   Code   RO         4847    i.Mp3_MiniUnColuDisplay  mp3.o
    0x08003e10   0x0000007c   Code   RO         4848    i.Mp3_RMiddleColuDisplay  mp3.o
    0x08003e8c   0x00000078   Code   RO         4849    i.Mp3_SMiddleColuDisplay  mp3.o
    0x08003f04   0x0000009c   Code   RO         4850    i.Mp3_TMiddleColuDisplay  mp3.o
    0x08003fa0   0x000000d8   Code   RO         4851    i.Mp3_UnColuDisplay  mp3.o
    0x08004078   0x00000002   Code   RO          279    i.NMI_Handler       stm32f1xx_it.o
    0x0800407a   0x00000020   Code   RO          668    i.NVIC_SetPriority  stm32f1xx_hal_cortex.o
    0x0800409a   0x00000002   PAD
    0x0800409c   0x000001a0   Code   RO         4651    i.OLED_AlarmTop     display.o
    0x0800423c   0x00000030   Code   RO         4183    i.OLED_Clear        oled.o
    0x0800426c   0x00000188   Code   RO         4652    i.OLED_ClockTop     display.o
    0x080043f4   0x00000178   Code   RO         4186    i.OLED_DataFlow     oled.o
    0x0800456c   0x000000d8   Code   RO         4653    i.OLED_DeskTop      display.o
    0x08004644   0x0000001e   Code   RO         4187    i.OLED_Display_Off  oled.o
    0x08004662   0x0000001e   Code   RO         4188    i.OLED_Display_On   oled.o
    0x08004680   0x00000040   Code   RO         4189    i.OLED_DrawBMP      oled.o
    0x080046c0   0x00000040   Code   RO         4190    i.OLED_DrawPoint    oled.o
    0x08004700   0x000001a4   Code   RO         4654    i.OLED_GameTop      display.o
    0x080048a4   0x00000130   Code   RO         4192    i.OLED_Init         oled.o
    0x080049d4   0x0000010c   Code   RO         4655    i.OLED_LedTop       display.o
    0x08004ae0   0x00000398   Code   RO         4656    i.OLED_MainTop      display.o
    0x08004e78   0x00000128   Code   RO         4657    i.OLED_Mp3Top       display.o
    0x08004fa0   0x0000004c   Code   RO         4193    i.OLED_P16x16Ch     oled.o
    0x08004fec   0x000000a0   Code   RO         4195    i.OLED_P16x32Ch_Delay  oled.o
    0x0800508c   0x000000a0   Code   RO         4196    i.OLED_P32x32Ch     oled.o
    0x0800512c   0x00000060   Code   RO         4197    i.OLED_P6x8Str      oled.o
    0x0800518c   0x00000088   Code   RO         4199    i.OLED_P8x16Str     oled.o
    0x08005214   0x0000004c   Code   RO         4200    i.OLED_Refresh_Gram  oled.o
    0x08005260   0x000001a4   Code   RO         4658    i.OLED_SetAlarmTime  display.o
    0x08005404   0x000001a4   Code   RO         4659    i.OLED_SetClockTime  display.o
    0x080055a8   0x000000b8   Code   RO         4660    i.OLED_SetTop       display.o
    0x08005660   0x00000028   Code   RO         4201    i.OLED_Set_Address  oled.o
    0x08005688   0x0000002c   Code   RO         4202    i.OLED_Set_Pos      oled.o
    0x080056b4   0x0000003c   Code   RO         4203    i.OLED_ShowChar     oled.o
    0x080056f0   0x00000184   Code   RO         4661    i.OLED_ShowDate     display.o
    0x08005874   0x00000062   Code   RO         4204    i.OLED_ShowNum      oled.o
    0x080058d6   0x00000032   Code   RO         4205    i.OLED_ShowString   oled.o
    0x08005908   0x000000c0   Code   RO         4662    i.OLED_ShowminiDate  display.o
    0x080059c8   0x0000004c   Code   RO         4206    i.OLED_Shownumber   oled.o
    0x08005a14   0x00000050   Code   RO         4207    i.OLED_Shownumber11X16  oled.o
    0x08005a64   0x0000003c   Code   RO         4208    i.OLED_StartClear   oled.o
    0x08005aa0   0x0000004c   Code   RO         4663    i.OLED_TempTop      display.o
    0x08005aec   0x000000a4   Code   RO         4664    i.OLED_UserTop      display.o
    0x08005b90   0x00000070   Code   RO         4209    i.OLED_WR_Byte      oled.o
    0x08005c00   0x00000068   Code   RO         4665    i.Oled_DisplayPage  display.o
    0x08005c68   0x00000002   Code   RO          280    i.PendSV_Handler    stm32f1xx_it.o
    0x08005c6a   0x00000034   Code   RO         2788    i.RTC_EnterInitMode  stm32f1xx_hal_rtc.o
    0x08005c9e   0x00000002   PAD
    0x08005ca0   0x00000036   Code   RO         2789    i.RTC_ExitInitMode  stm32f1xx_hal_rtc.o
    0x08005cd6   0x00000002   PAD
    0x08005cd8   0x000000e0   Code   RO         4410    i.RTC_Get           rtc.o
    0x08005db8   0x00000050   Code   RO         4411    i.RTC_Get_Week      rtc.o
    0x08005e08   0x00000048   Code   RO         4412    i.RTC_IRQHandler    rtc.o
    0x08005e50   0x00000080   Code   RO         4413    i.RTC_Init          rtc.o
    0x08005ed0   0x00000104   Code   RO         4414    i.RTC_Set           rtc.o
    0x08005fd4   0x00000088   Code   RO         4482    i.SHT20_GetHumiPoll  sht20.o
    0x0800605c   0x00000090   Code   RO         4483    i.SHT20_GetTempPoll  sht20.o
    0x080060ec   0x00000004   Code   RO         4484    i.SHT20_Init        sht20.o
    0x080060f0   0x00000024   Code   RO         4485    i.SHT20_SoftReset   sht20.o
    0x08006114   0x00000002   Code   RO          281    i.SVC_Handler       stm32f1xx_it.o
    0x08006116   0x000000d2   Code   RO         4939    i.SnakeBody_Construct  snake.o
    0x080061e8   0x000000d2   Code   RO         4940    i.SnakeHead_Construct  snake.o
    0x080062ba   0x00000002   PAD
    0x080062bc   0x00000064   Code   RO         4941    i.Snake_Init        snake.o
    0x08006320   0x00000128   Code   RO         4942    i.Snake_Move        snake.o
    0x08006448   0x00000044   Code   RO          356    i.Stm32_Clock_Init  delay.o
    0x0800648c   0x0000000e   Code   RO          282    i.SysTick_Handler   stm32f1xx_it.o
    0x0800649a   0x00000002   PAD
    0x0800649c   0x00000048   Code   RO          455    i.SystemInit        system_stm32f1xx.o
    0x080064e4   0x0000007c   Code   RO         4666    i.TEMPDisplay       display.o
    0x08006560   0x0000000c   Code   RO         4573    i.TIM2_IRQHandler   tim.o
    0x0800656c   0x00000030   Code   RO         4574    i.TIM2_Init         tim.o
    0x0800659c   0x00000058   Code   RO         4575    i.TIM3_Init         tim.o
    0x080065f4   0x0000000c   Code   RO         4576    i.TIM4_IRQHandler   tim.o
    0x08006600   0x00000030   Code   RO         4577    i.TIM4_Init         tim.o
    0x08006630   0x00000064   Code   RO         1947    i.TIM_Base_SetConfig  stm32f1xx_hal_tim.o
    0x08006694   0x00000014   Code   RO         1954    i.TIM_ETR_SetConfig  stm32f1xx_hal_tim.o
    0x080066a8   0x00000010   Code   RO         1955    i.TIM_ITRx_SetConfig  stm32f1xx_hal_tim.o
    0x080066b8   0x00000022   Code   RO         1961    i.TIM_TI1_ConfigInputStage  stm32f1xx_hal_tim.o
    0x080066da   0x00000024   Code   RO         1963    i.TIM_TI2_ConfigInputStage  stm32f1xx_hal_tim.o
    0x080066fe   0x00000002   PAD
    0x08006700   0x00000038   Code   RO          402    i.UART_Init         usart.o
    0x08006738   0x00000170   Code   RO         1118    i.UART_SetConfig    stm32f1xx_hal_uart.o
    0x080068a8   0x00000092   Code   RO         1120    i.UART_WaitOnFlagUntilTimeout  stm32f1xx_hal_uart.o
    0x0800693a   0x00000002   Code   RO          283    i.UsageFault_Handler  stm32f1xx_it.o
    0x0800693c   0x000000d2   Code   RO         4943    i.Wipe_Point        snake.o
    0x08006a0e   0x00000002   PAD
    0x08006a10   0x00000020   Code   RO         5260    i.__0printf         mc_w.l(printfa.o)
    0x08006a30   0x00000028   Code   RO         5262    i.__0sprintf        mc_w.l(printfa.o)
    0x08006a58   0x0000000e   Code   RO         5371    i.__scatterload_copy  mc_w.l(handlers.o)
    0x08006a66   0x00000002   Code   RO         5372    i.__scatterload_null  mc_w.l(handlers.o)
    0x08006a68   0x0000000e   Code   RO         5373    i.__scatterload_zeroinit  mc_w.l(handlers.o)
    0x08006a76   0x00000002   PAD
    0x08006a78   0x0000000c   Code   RO         5347    i.__set_errno       mc_w.l(errno.o)
    0x08006a84   0x00000184   Code   RO         5267    i._fp_digits        mc_w.l(printfa.o)
    0x08006c08   0x000006dc   Code   RO         5268    i._printf_core      mc_w.l(printfa.o)
    0x080072e4   0x00000024   Code   RO         5269    i._printf_post_padding  mc_w.l(printfa.o)
    0x08007308   0x0000002e   Code   RO         5270    i._printf_pre_padding  mc_w.l(printfa.o)
    0x08007336   0x0000000a   Code   RO         5272    i._sputc            mc_w.l(printfa.o)
    0x08007340   0x00000014   Code   RO          357    i.delay_init        delay.o
    0x08007354   0x0000001a   Code   RO          358    i.delay_ms          delay.o
    0x0800736e   0x00000002   PAD
    0x08007370   0x00000034   Code   RO          359    i.delay_us          delay.o
    0x080073a4   0x00000018   Code   RO          403    i.fputc             usart.o
    0x080073bc   0x00000218   Code   RO         4669    i.indexList         display.o
    0x080075d4   0x00000144   Code   RO            4    i.main              main.o
    0x08007718   0x00000010   Code   RO         4210    i.oled_pow          oled.o
    0x08007728   0x00000098   Code   RO         4211    i.secondMove        oled.o
    0x080077c0   0x0000004c   Code   RO         5013    i.sqrt              m_ws.l(sqrt.o)
    0x0800780c   0x00000010   Data   RO          456    .constdata          system_stm32f1xx.o
    0x0800781c   0x00000008   Data   RO          457    .constdata          system_stm32f1xx.o
    0x08007824   0x00001298   Data   RO         4213    .constdata          oled.o
    0x08008abc   0x00000018   Data   RO         4416    .constdata          rtc.o
    0x08008ad4   0x00000055   Data   RO            5    .conststring        main.o
    0x08008b29   0x00000003   PAD
    0x08008b2c   0x00000020   Data   RO         5369    Region$$Table       anon$$obj.o


    Execution Region RW_IRAM1 (Base: 0x20000000, Size: 0x00002790, Max: 0x00005000, ABSOLUTE, COMPRESSED[0x000001dc])

    Base Addr    Size         Type   Attr      Idx    E Section Name        Object

    0x20000000   0x0000000c   Data   RW            6    .data               main.o
    0x2000000c   0x00000008   Data   RW            7    .data               main.o
    0x20000014   0x00000004   Data   RW            8    .data               main.o
    0x20000018   0x00000001   Data   RW            9    .data               main.o
    0x20000019   0x00000001   PAD
    0x2000001a   0x00000008   Data   RW           10    .data               main.o
    0x20000022   0x00000008   Data   RW           11    .data               main.o
    0x2000002a   0x00000001   Data   RW           12    .data               main.o
    0x2000002b   0x00000001   PAD
    0x2000002c   0x00000004   Data   RW          360    .data               delay.o
    0x20000030   0x00000004   Data   RW          458    .data               system_stm32f1xx.o
    0x20000034   0x00000004   Data   RW         1513    .data               stm32f1xx_hal.o
    0x20000038   0x00000003   Data   RW         4117    .data               key.o
    0x2000003b   0x00000428   Data   RW         4216    .data               oled.o
    0x20000463   0x00000001   PAD
    0x20000464   0x00000002   Data   RW         4417    .data               rtc.o
    0x20000466   0x0000001c   Data   RW         4670    .data               display.o
    0x20000482   0x00000004   Data   RW         4854    .data               mp3.o
    0x20000486   0x0000000c   Data   RW         4945    .data               snake.o
    0x20000492   0x00000001   Data   RW         4946    .data               snake.o
    0x20000493   0x00000001   PAD
    0x20000494   0x00000004   Data   RW         5336    .data               mc_w.l(stdout.o)
    0x20000498   0x00000004   Data   RW         5348    .data               mc_w.l(errno.o)
    0x2000049c   0x00000040   Zero   RW          404    .bss                usart.o
    0x200004dc   0x00000074   Zero   RW         3985    .bss                adc.o
    0x20000550   0x00000800   Zero   RW         4212    .bss                oled.o
    0x20000d50   0x0000001e   Zero   RW         4415    .bss                rtc.o
    0x20000d6e   0x00000002   PAD
    0x20000d70   0x000000b4   Zero   RW         4578    .bss                tim.o
    0x20000e24   0x00000c80   Zero   RW         4852    .bss                mp3.o
    0x20001aa4   0x000008ec   Zero   RW         4944    .bss                snake.o
    0x20002390   0x00000400   Zero   RW         3384    STACK               startup_stm32f103xb.o


==============================================================================

Image component sizes


      Code (inc. data)   RO Data    RW Data    ZI Data      Debug   Object Name

       192         30          0          0        116       1680   adc.o
         0          0          0          0          0        736   convertcolor.o
      1502       1008          0          0          0        296   cr4_fft_256_stm32.o
       166          8          0          4          0       2494   delay.o
      6094        702          0         28          0      16423   display.o
        44          4          0          0          0        743   dma.o
       604          0          0          0          0       3967   gui_basic.o
       328         28          0          3          0       2323   key.o
       104          0          0          0          0       3315   lcmdrv.o
        68         10          0          0          0        819   led.o
       324        154         85         42          0     480513   main.o
      1480        104          0          4       3200       7682   mp3.o
       640         78          0          0          0       4602   myiic.o
      2802        114       4760       1064       2048      20108   oled.o
       906         90         24          2         30       6144   rtc.o
       320         32          0          0          0       2799   sht20.o
      1460         42          0         13       2284       6841   snake.o
        36          8        236          0       1024        756   startup_stm32f103xb.o
       120         16          0          4          0       3506   stm32f1xx_hal.o
      1318         52          0          0          0       8670   stm32f1xx_hal_adc.o
       228         14          0          0          0      27265   stm32f1xx_hal_cortex.o
       642         32          0          0          0       4099   stm32f1xx_hal_dma.o
       472         36          0          0          0       4184   stm32f1xx_hal_gpio.o
       160         38          0          0          0       1250   stm32f1xx_hal_msp.o
        24          4          0          0          0        499   stm32f1xx_hal_pwr.o
      2042         98          0          0          0       5732   stm32f1xx_hal_rcc.o
       540         44          0          0          0       2433   stm32f1xx_hal_rcc_ex.o
       324          6          0          0          0       3636   stm32f1xx_hal_rtc.o
        32         10          0          0          0       1591   stm32f1xx_hal_rtc_ex.o
      1004         14          0          0          0      10899   stm32f1xx_hal_tim.o
        84          0          0          0          0       2270   stm32f1xx_hal_tim_ex.o
       812          4          0          0          0       3944   stm32f1xx_hal_uart.o
        42          6          0          0          0       4129   stm32f1xx_it.o
        72         16         24          4          0       1107   system_stm32f1xx.o
       516         82          0          0        180       4503   tim.o
       184         24          0          0         64       2108   usart.o

    ----------------------------------------------------------------------
     25736       2910       5164       1172       8948     654066   Object Totals
         0          0         32          0          0          0   (incl. Generated)
        50          2          3          4          2          0   (incl. Padding)

    ----------------------------------------------------------------------

      Code (inc. data)   RO Data    RW Data    ZI Data      Debug   Library Member Name

        76          0          0          0          0         84   sqrt.o
        86          0          0          0          0          0   __dczerorl2.o
         0          0          0          0          0          0   entry.o
         0          0          0          0          0          0   entry10a.o
         0          0          0          0          0          0   entry11a.o
         8          4          0          0          0          0   entry2.o
         4          0          0          0          0          0   entry5.o
         0          0          0          0          0          0   entry7b.o
         0          0          0          0          0          0   entry8b.o
         8          4          0          0          0          0   entry9a.o
        12          6          0          4          0         68   errno.o
        30          0          0          0          0          0   handlers.o
        36          8          0          0          0         68   init.o
         0          0          0          0          0          0   iusefp.o
        30          0          0          0          0         68   llshl.o
        36          0          0          0          0         68   llsshr.o
        32          0          0          0          0         68   llushr.o
        36          0          0          0          0        108   memseta.o
      2308         96          0          0          0        604   printfa.o
         0          0          0          4          0          0   stdout.o
        44          0          0          0          0         80   uidiv.o
        98          0          0          0          0         92   uldiv.o
        48          0          0          0          0         68   cdrcmple.o
        56          0          0          0          0         88   d2f.o
       334          0          0          0          0        148   dadd.o
       222          0          0          0          0        100   ddiv.o
       186          0          0          0          0        176   depilogue.o
        48          0          0          0          0         68   dfixul.o
        26          0          0          0          0         76   dfltui.o
       228          0          0          0          0         96   dmul.o
        46          0          0          0          0         80   dscalb.o
       162          0          0          0          0        100   dsqrt.o
        38          0          0          0          0         68   f2d.o
       176          0          0          0          0        140   fadd.o
       110          0          0          0          0        168   fepilogue.o
        50          0          0          0          0         68   ffixi.o
        40          0          0          0          0         68   ffixui.o
        18          0          0          0          0         68   fflti.o
       100          0          0          0          0         76   fmul.o
        24          0          0          0          0         68   fscalb.o

    ----------------------------------------------------------------------
      4760        118          0          8          0       3032   Library Totals
         4          0          0          0          0          0   (incl. Padding)

    ----------------------------------------------------------------------

      Code (inc. data)   RO Data    RW Data    ZI Data      Debug   Library Name

        76          0          0          0          0         84   m_ws.l
      2768        118          0          8          0       1224   mc_w.l
      1912          0          0          0          0       1724   mf_w.l

    ----------------------------------------------------------------------
      4760        118          0          8          0       3032   Library Totals

    ----------------------------------------------------------------------

==============================================================================


      Code (inc. data)   RO Data    RW Data    ZI Data      Debug   

     30496       3028       5164       1180       8948     645370   Grand Totals
     30496       3028       5164        476       8948     645370   ELF Image Totals (compressed)
     30496       3028       5164        476          0          0   ROM Totals

==============================================================================

    Total RO  Size (Code + RO Data)                35660 (  34.82kB)
    Total RW  Size (RW Data + ZI Data)             10128 (   9.89kB)
    Total ROM Size (Code + RO Data + RW Data)      36136 (  35.29kB)

==============================================================================

