Component: ARM Compiler 5.06 update 4 (build 422) Tool: armlink [4d35d2]

==============================================================================

Section Cross References

    stm32f1xx_hal_msp.o(i.Error_Handler) refers to printfa.o(i.__0printf) for __2printf
    stm32f1xx_hal_msp.o(i.HAL_MspInit) refers to stm32f1xx_hal_cortex.o(i.HAL_NVIC_SetPriorityGrouping) for HAL_NVIC_SetPriorityGrouping
    stm32f1xx_hal_msp.o(i.HAL_MspInit) refers to stm32f1xx_hal_cortex.o(i.HAL_NVIC_SetPriority) for HAL_NVIC_SetPriority
    stm32f1xx_hal_msp.o(i._Error_Handler) refers to printfa.o(i.__0printf) for __2printf
    main.o(i.main) refers to stm32f1xx_hal.o(i.HAL_Init) for HAL_Init
    main.o(i.main) refers to delay.o(i.Stm32_Clock_Init) for Stm32_Clock_Init
    main.o(i.main) refers to delay.o(i.delay_init) for delay_init
    main.o(i.main) refers to usart.o(i.UART_Init) for UART_Init
    main.o(i.main) refers to printfa.o(i.__0printf) for __2printf
    main.o(i.main) refers to led.o(i.LED_Init) for LED_Init
    main.o(i.main) refers to key.o(i.KEY_Init) for KEY_Init
    main.o(i.main) refers to dma.o(i.DMA_Init) for DMA_Init
    main.o(i.main) refers to adc.o(i.ADC1_Init) for ADC1_Init
    main.o(i.main) refers to tim.o(i.TIM3_Init) for TIM3_Init
    main.o(i.main) refers to delay.o(i.delay_ms) for delay_ms
    main.o(i.main) refers to rtc.o(i.RTC_Init) for RTC_Init
    main.o(i.main) refers to myiic.o(i.IIC_Init) for IIC_Init
    main.o(i.main) refers to sht20.o(i.SHT20_Init) for SHT20_Init
    main.o(i.main) refers to lcmdrv.o(i.GUI_Initialize) for GUI_Initialize
    main.o(i.main) refers to mp3.o(i.Mp3_Init) for Mp3_Init
    main.o(i.main) refers to tim.o(i.TIM4_Init) for TIM4_Init
    main.o(i.main) refers to stm32f1xx_hal_tim.o(i.HAL_TIM_Base_Stop) for HAL_TIM_Base_Stop
    main.o(i.main) refers to tim.o(i.TIM2_Init) for TIM2_Init
    main.o(i.main) refers to display.o(i.Oled_DisplayPage) for Oled_DisplayPage
    main.o(i.main) refers to main.o(.conststring) for .conststring
    main.o(i.main) refers to tim.o(.bss) for htim4
    stm32f1xx_it.o(i.DMA1_Channel1_IRQHandler) refers to stm32f1xx_hal_dma.o(i.HAL_DMA_IRQHandler) for HAL_DMA_IRQHandler
    stm32f1xx_it.o(i.DMA1_Channel1_IRQHandler) refers to adc.o(.bss) for hdma_adc1
    stm32f1xx_it.o(i.SysTick_Handler) refers to stm32f1xx_hal.o(i.HAL_IncTick) for HAL_IncTick
    stm32f1xx_it.o(i.SysTick_Handler) refers to stm32f1xx_hal_cortex.o(i.HAL_SYSTICK_IRQHandler) for HAL_SYSTICK_IRQHandler
    usart.o(i.HAL_UART_MspDeInit) refers to stm32f1xx_hal_gpio.o(i.HAL_GPIO_DeInit) for HAL_GPIO_DeInit
    usart.o(i.HAL_UART_MspInit) refers to stm32f1xx_hal_gpio.o(i.HAL_GPIO_Init) for HAL_GPIO_Init
    usart.o(i.UART_Init) refers to stm32f1xx_hal_uart.o(i.HAL_UART_Init) for HAL_UART_Init
    usart.o(i.UART_Init) refers to stm32f1xx_hal_msp.o(i.Error_Handler) for Error_Handler
    usart.o(i.UART_Init) refers to usart.o(.bss) for .bss
    usart.o(i.fputc) refers to stm32f1xx_hal_uart.o(i.HAL_UART_Transmit) for HAL_UART_Transmit
    usart.o(i.fputc) refers to usart.o(.bss) for .bss
    dma.o(i.DMA_Init) refers to stm32f1xx_hal_cortex.o(i.HAL_NVIC_SetPriority) for HAL_NVIC_SetPriority
    dma.o(i.DMA_Init) refers to stm32f1xx_hal_cortex.o(i.HAL_NVIC_EnableIRQ) for HAL_NVIC_EnableIRQ
    adc.o(i.ADC1_Init) refers to stm32f1xx_hal_adc.o(i.HAL_ADC_Init) for HAL_ADC_Init
    adc.o(i.ADC1_Init) refers to stm32f1xx_hal_msp.o(i.Error_Handler) for Error_Handler
    adc.o(i.ADC1_Init) refers to stm32f1xx_hal_adc.o(i.HAL_ADC_ConfigChannel) for HAL_ADC_ConfigChannel
    adc.o(i.ADC1_Init) refers to adc.o(.bss) for .bss
    adc.o(i.HAL_ADC_MspDeInit) refers to stm32f1xx_hal_gpio.o(i.HAL_GPIO_DeInit) for HAL_GPIO_DeInit
    adc.o(i.HAL_ADC_MspDeInit) refers to stm32f1xx_hal_dma.o(i.HAL_DMA_DeInit) for HAL_DMA_DeInit
    adc.o(i.HAL_ADC_MspInit) refers to stm32f1xx_hal_gpio.o(i.HAL_GPIO_Init) for HAL_GPIO_Init
    adc.o(i.HAL_ADC_MspInit) refers to stm32f1xx_hal_dma.o(i.HAL_DMA_Init) for HAL_DMA_Init
    adc.o(i.HAL_ADC_MspInit) refers to stm32f1xx_hal_msp.o(i.Error_Handler) for Error_Handler
    adc.o(i.HAL_ADC_MspInit) refers to adc.o(.bss) for .bss
    tim.o(i.HAL_TIM_Base_MspInit) refers to stm32f1xx_hal_cortex.o(i.HAL_NVIC_SetPriority) for HAL_NVIC_SetPriority
    tim.o(i.HAL_TIM_Base_MspInit) refers to stm32f1xx_hal_cortex.o(i.HAL_NVIC_EnableIRQ) for HAL_NVIC_EnableIRQ
    tim.o(i.HAL_TIM_PeriodElapsedCallback) refers to snake.o(i.Border_Check) for Border_Check
    tim.o(i.HAL_TIM_PeriodElapsedCallback) refers to snake.o(i.Direction_Process) for Direction_Process
    tim.o(i.HAL_TIM_PeriodElapsedCallback) refers to stm32f1xx_hal_gpio.o(i.HAL_GPIO_TogglePin) for HAL_GPIO_TogglePin
    tim.o(i.HAL_TIM_PeriodElapsedCallback) refers to tim.o(.bss) for .bss
    tim.o(i.HAL_TIM_PeriodElapsedCallback) refers to snake.o(.bss) for MoveCoordinate
[...]
    i.HAL_TIM_IRQHandler                     0x08003354   Section        0  stm32f1xx_hal_tim.o(i.HAL_TIM_IRQHandler)
    i.HAL_TIM_OC_DelayElapsedCallback        0x080034ba   Section        0  stm32f1xx_hal_tim.o(i.HAL_TIM_OC_DelayElapsedCallback)
    i.HAL_TIM_PWM_PulseFinishedCallback      0x080034bc   Section        0  stm32f1xx_hal_tim.o(i.HAL_TIM_PWM_PulseFinishedCallback)
    i.HAL_TIM_PeriodElapsedCallback          0x080034c0   Section        0  tim.o(i.HAL_TIM_PeriodElapsedCallback)
    i.HAL_TIM_TriggerCallback                0x08003584   Section        0  stm32f1xx_hal_tim.o(i.HAL_TIM_TriggerCallback)
    i.HAL_UART_Init                          0x08003586   Section        0  stm32f1xx_hal_uart.o(i.HAL_UART_Init)
    i.HAL_UART_MspInit                       0x080035e4   Section        0  usart.o(i.HAL_UART_MspInit)
    i.HAL_UART_Transmit                      0x0800364c   Section        0  stm32f1xx_hal_uart.o(i.HAL_UART_Transmit)
    i.HUMIDisplay                            0x08003718   Section        0  display.o(i.HUMIDisplay)
    i.HardFault_Handler                      0x08003794   Section        0  stm32f1xx_it.o(i.HardFault_Handler)
    i.IIC_Ack                                0x08003798   Section        0  myiic.o(i.IIC_Ack)
    i.IIC_Init                               0x080037d8   Section        0  myiic.o(i.IIC_Init)
    i.IIC_NAck                               0x08003830   Section        0  myiic.o(i.IIC_NAck)
    i.IIC_Read_Byte                          0x08003870   Section        0  myiic.o(i.IIC_Read_Byte)
    i.IIC_Send_Byte                          0x080038dc   Section        0  myiic.o(i.IIC_Send_Byte)
    i.IIC_Start                              0x0800393c   Section        0  myiic.o(i.IIC_Start)
    i.IIC_Stop                               0x0800397c   Section        0  myiic.o(i.IIC_Stop)
    i.IIC_Wait_Ack                           0x080039c0   Section        0  myiic.o(i.IIC_Wait_Ack)
    i.Is_Leap_Year                           0x08003a18   Section        0  rtc.o(i.Is_Leap_Year)
    i.KEY_Init                               0x08003a40   Section        0  key.o(i.KEY_Init)
    i.KEY_Scan                               0x08003abc   Section        0  key.o(i.KEY_Scan)
    i.LED_Init                               0x08003b8c   Section        0  led.o(i.LED_Init)
    i.MemManage_Handler                      0x08003bd0   Section        0  stm32f1xx_it.o(i.MemManage_Handler)
    i.Mp3_Init                               0x08003bd4   Section        0  mp3.o(i.Mp3_Init)
    i.Mp3_Mi2ddleColuDisplay                 0x08003bec   Section        0  mp3.o(i.Mp3_Mi2ddleColuDisplay)
    i.Mp3_MiddleColuDisplay                  0x08003ca8   Section        0  mp3.o(i.Mp3_MiddleColuDisplay)
    i.Mp3_MiniUnColuDisplay                  0x08003d48   Section        0  mp3.o(i.Mp3_MiniUnColuDisplay)
    i.Mp3_RMiddleColuDisplay                 0x08003dc4   Section        0  mp3.o(i.Mp3_RMiddleColuDisplay)
    i.Mp3_SMiddleColuDisplay                 0x08003e40   Section        0  mp3.o(i.Mp3_SMiddleColuDisplay)
    i.Mp3_TMiddleColuDisplay                 0x08003eb8   Section        0  mp3.o(i.Mp3_TMiddleColuDisplay)
    i.Mp3_UnColuDisplay                      0x08003f54   Section        0  mp3.o(i.Mp3_UnColuDisplay)
    i.NMI_Handler                            0x0800402c   Section        0  stm32f1xx_it.o(i.NMI_Handler)
    i.NVIC_SetPriority                       0x0800402e   Section        0  stm32f1xx_hal_cortex.o(i.NVIC_SetPriority)
    NVIC_SetPriority                         0x0800402f   Thumb Code    32  stm32f1xx_hal_cortex.o(i.NVIC_SetPriority)
    i.OLED_Clear                             0x08004050   Section        0  oled.o(i.OLED_Clear)
    i.OLED_ClockTop                          0x08004080   Section        0  display.o(i.OLED_ClockTop)
    i.OLED_DataFlow                          0x080040a4   Section        0  oled.o(i.OLED_DataFlow)
    i.OLED_DeskTop                           0x08004218   Section        0  display.o(i.OLED_DeskTop)
    i.OLED_DrawBMP                           0x080042b8   Section        0  oled.o(i.OLED_DrawBMP)
    i.OLED_DrawPoint                         0x080042f8   Section        0  oled.o(i.OLED_DrawPoint)
    i.OLED_GameTop                           0x08004338   Section        0  display.o(i.OLED_GameTop)
    i.OLED_Init                              0x080044dc   Section        0  oled.o(i.OLED_Init)
    i.OLED_LedTop                            0x0800460c   Section        0  display.o(i.OLED_LedTop)
    i.OLED_MainTop                           0x08004664   Section        0  display.o(i.OLED_MainTop)
    i.OLED_Mp3Top                            0x080047dc   Section        0  display.o(i.OLED_Mp3Top)
    i.OLED_P16x16Ch                          0x080048c8   Section        0  oled.o(i.OLED_P16x16Ch)
    i.OLED_P16x32Ch                          0x08004914   Section        0  oled.o(i.OLED_P16x32Ch)
    i.OLED_P16x32Ch_Delay                    0x0800499c   Section        0  oled.o(i.OLED_P16x32Ch_Delay)
    i.OLED_P32x32Ch                          0x08004a3c   Section        0  oled.o(i.OLED_P32x32Ch)
    i.OLED_P6x8Str                           0x08004adc   Section        0  oled.o(i.OLED_P6x8Str)
    i.OLED_P8x16Str                          0x08004b3c   Section        0  oled.o(i.OLED_P8x16Str)
    i.OLED_Refresh_Gram                      0x08004bc4   Section        0  oled.o(i.OLED_Refresh_Gram)
    i.OLED_Set_Address                       0x08004c10   Section        0  oled.o(i.OLED_Set_Address)
    i.OLED_Set_Pos                           0x08004c38   Section        0  oled.o(i.OLED_Set_Pos)
    i.OLED_ShowChar                          0x08004c64   Section        0  oled.o(i.OLED_ShowChar)
    i.OLED_ShowDate                          0x08004ca0   Section        0  display.o(i.OLED_ShowDate)
    i.OLED_ShowNum                           0x08004e08   Section        0  oled.o(i.OLED_ShowNum)
    i.OLED_ShowString                        0x08004e6a   Section        0  oled.o(i.OLED_ShowString)
    i.OLED_Shownumber                        0x08004e9c   Section        0  oled.o(i.OLED_Shownumber)
    i.OLED_Shownumber11X16                   0x08004ee8   Section        0  oled.o(i.OLED_Shownumber11X16)
    i.OLED_StartClear                        0x08004f38   Section        0  oled.o(i.OLED_StartClear)
    i.OLED_TempTop                           0x08004f74   Section        0  display.o(i.OLED_TempTop)
    i.OLED_UserTop                           0x08004fc0   Section        0  display.o(i.OLED_UserTop)
    i.OLED_WR_Byte                           0x0800505c   Section        0  oled.o(i.OLED_WR_Byte)
    i.Oled_DisplayPage                       0x080050cc   Section        0  display.o(i.Oled_DisplayPage)
    i.PendSV_Handler                         0x0800513c   Section        0  stm32f1xx_it.o(i.PendSV_Handler)
    i.RTC_EnterInitMode                      0x0800513e   Section        0  stm32f1xx_hal_rtc.o(i.RTC_EnterInitMode)
    RTC_EnterInitMode                        0x0800513f   Thumb Code    52  stm32f1xx_hal_rtc.o(i.RTC_EnterInitMode)
    i.RTC_ExitInitMode                       0x08005174   Section        0  stm32f1xx_hal_rtc.o(i.RTC_ExitInitMode)
    RTC_ExitInitMode                         0x08005175   Thumb Code    54  stm32f1xx_hal_rtc.o(i.RTC_ExitInitMode)
    i.RTC_Get                                0x080051ac   Section        0  rtc.o(i.RTC_Get)
    i.RTC_Get_Week                           0x0800528c   Section        0  rtc.o(i.RTC_Get_Week)
    i.RTC_IRQHandler                         0x080052dc   Section        0  rtc.o(i.RTC_IRQHandler)
    i.RTC_Init                               0x08005324   Section        0  rtc.o(i.RTC_Init)
    i.RTC_Set                                0x080053a4   Section        0  rtc.o(i.RTC_Set)
    i.SHT20_GetHumiPoll                      0x080054a8   Section        0  sht20.o(i.SHT20_GetHumiPoll)
    i.SHT20_GetTempPoll                      0x08005530   Section        0  sht20.o(i.SHT20_GetTempPoll)
    i.SHT20_Init                             0x080055c0   Section        0  sht20.o(i.SHT20_Init)
    i.SHT20_SoftReset                        0x080055c4   Section        0  sht20.o(i.SHT20_SoftReset)
    i.SVC_Handler                            0x080055e8   Section        0  stm32f1xx_it.o(i.SVC_Handler)
    i.SnakeBody_Construct                    0x080055ea   Section        0  snake.o(i.SnakeBody_Construct)
    i.SnakeHead_Construct                    0x080056bc   Section        0  snake.o(i.SnakeHead_Construct)
    i.Snake_Init                             0x08005790   Section        0  snake.o(i.Snake_Init)
    i.Snake_Move                             0x080057f4   Section        0  snake.o(i.Snake_Move)
    i.Stm32_Clock_Init                       0x0800591c   Section        0  delay.o(i.Stm32_Clock_Init)
    i.SysTick_Handler                        0x08005960   Section        0  stm32f1xx_it.o(i.SysTick_Handler)
    i.SystemInit                             0x08005970   Section        0  system_stm32f1xx.o(i.SystemInit)
    i.TEMPDisplay                            0x080059b8   Section        0  display.o(i.TEMPDisplay)
    i.TIM2_IRQHandler                        0x08005a34   Section        0  tim.o(i.TIM2_IRQHandler)
    i.TIM2_Init                              0x08005a40   Section        0  tim.o(i.TIM2_Init)
    i.TIM3_Init                              0x08005a70   Section        0  tim.o(i.TIM3_Init)
    i.TIM4_IRQHandler                        0x08005ac8   Section        0  tim.o(i.TIM4_IRQHandler)
    i.TIM4_Init                              0x08005ad4   Section        0  tim.o(i.TIM4_Init)
    i.TIM_Base_SetConfig                     0x08005b04   Section        0  stm32f1xx_hal_tim.o(i.TIM_Base_SetConfig)
    i.TIM_ETR_SetConfig                      0x08005b68   Section        0  stm32f1xx_hal_tim.o(i.TIM_ETR_SetConfig)
    TIM_ETR_SetConfig                        0x08005b69   Thumb Code    20  stm32f1xx_hal_tim.o(i.TIM_ETR_SetConfig)
    i.TIM_ITRx_SetConfig                     0x08005b7c   Section        0  stm32f1xx_hal_tim.o(i.TIM_ITRx_SetConfig)
    TIM_ITRx_SetConfig                       0x08005b7d   Thumb Code    16  stm32f1xx_hal_tim.o(i.TIM_ITRx_SetConfig)
    i.TIM_TI1_ConfigInputStage               0x08005b8c   Section        0  stm32f1xx_hal_tim.o(i.TIM_TI1_ConfigInputStage)
    TIM_TI1_ConfigInputStage                 0x08005b8d   Thumb Code    34  stm32f1xx_hal_tim.o(i.TIM_TI1_ConfigInputStage)
    i.TIM_TI2_ConfigInputStage               0x08005bae   Section        0  stm32f1xx_hal_tim.o(i.TIM_TI2_ConfigInputStage)
    TIM_TI2_ConfigInputStage                 0x08005baf   Thumb Code    36  stm32f1xx_hal_tim.o(i.TIM_TI2_ConfigInputStage)
    i.UART_Init                              0x08005bd4   Section        0  usart.o(i.UART_Init)
    i.UART_SetConfig                         0x08005c0c   Section        0  stm32f1xx_hal_uart.o(i.UART_SetConfig)
    UART_SetConfig                           0x08005c0d   Thumb Code   364  stm32f1xx_hal_uart.o(i.UART_SetConfig)
    i.UART_WaitOnFlagUntilTimeout            0x08005d7c   Section        0  stm32f1xx_hal_uart.o(i.UART_WaitOnFlagUntilTimeout)
    UART_WaitOnFlagUntilTimeout              0x08005d7d   Thumb Code   146  stm32f1xx_hal_uart.o(i.UART_WaitOnFlagUntilTimeout)
    i.UsageFault_Handler                     0x08005e0e   Section        0  stm32f1xx_it.o(i.UsageFault_Handler)
    i.WhenTheDisplay                         0x08005e10   Section        0  display.o(i.WhenTheDisplay)
    i.Wipe_Point                             0x08005e7c   Section        0  snake.o(i.Wipe_Point)
    i.__0printf                              0x08005f50   Section        0  printfa.o(i.__0printf)
    i.__0sprintf                             0x08005f70   Section        0  printfa.o(i.__0sprintf)
    i.__scatterload_copy                     0x08005f98   Section       14  handlers.o(i.__scatterload_copy)
    i.__scatterload_null                     0x08005fa6   Section        2  handlers.o(i.__scatterload_null)
    i.__scatterload_zeroinit                 0x08005fa8   Section       14  handlers.o(i.__scatterload_zeroinit)
    i.__set_errno                            0x08005fb8   Section        0  errno.o(i.__set_errno)
    i._fp_digits                             0x08005fc4   Section        0  printfa.o(i._fp_digits)
    _fp_digits                               0x08005fc5   Thumb Code   366  printfa.o(i._fp_digits)
    i._printf_core                           0x08006148   Section        0  printfa.o(i._printf_core)
    _printf_core                             0x08006149   Thumb Code  1744  printfa.o(i._printf_core)
    i._printf_post_padding                   0x08006824   Section        0  printfa.o(i._printf_post_padding)
    _printf_post_padding                     0x08006825   Thumb Code    36  printfa.o(i._printf_post_padding)
    i._printf_pre_padding                    0x08006848   Section        0  printfa.o(i._printf_pre_padding)
    _printf_pre_padding                      0x08006849   Thumb Code    46  printfa.o(i._printf_pre_padding)
    i._sputc                                 0x08006876   Section        0  printfa.o(i._sputc)
    _sputc                                   0x08006877   Thumb Code    10  printfa.o(i._sputc)
    i.delay_init                             0x08006880   Section        0  delay.o(i.delay_init)
    i.delay_ms                               0x08006894   Section        0  delay.o(i.delay_ms)
    i.delay_us                               0x080068b0   Section        0  delay.o(i.delay_us)
    i.fputc                                  0x080068e4   Section        0  usart.o(i.fputc)
    i.main                                   0x080068fc   Section        0  main.o(i.main)
    i.oled_pow                               0x080069b0   Section        0  oled.o(i.oled_pow)
    i.secondMove                             0x080069c0   Section        0  oled.o(i.secondMove)
    i.sqrt                                   0x08006a58   Section        0  sqrt.o(i.sqrt)
    .constdata                               0x08006aa4   Section     6680  oled.o(.constdata)
    .constdata                               0x080084bc   Section       24  rtc.o(.constdata)
    .constdata                               0x080084d4   Section       16  system_stm32f1xx.o(.constdata)
    .constdata                               0x080084e4   Section        8  system_stm32f1xx.o(.constdata)
    .conststring                             0x080084ec   Section       85  main.o(.conststring)
    .data                                    0x20000000   Section        8  main.o(.data)
    .data                                    0x20000008   Section        8  main.o(.data)
    .data                                    0x20000010   Section        2  main.o(.data)
    .data                                    0x20000012   Section     1042  oled.o(.data)
    .data                                    0x20000424   Section        2  rtc.o(.data)
    daycnt                                   0x20000424   Data           2  rtc.o(.data)
    .data                                    0x20000428   Section        4  delay.o(.data)
    fac_us                                   0x20000428   Data           4  delay.o(.data)
    .data                                    0x2000042c   Section       12  snake.o(.data)
    .data                                    0x20000438   Section        1  snake.o(.data)
    .data                                    0x20000439   Section       14  display.o(.data)
    x                                        0x20000439   Data           1  display.o(.data)
    y                                        0x2000043a   Data           1  display.o(.data)
    .data                                    0x20000447   Section        3  key.o(.data)
    key_up                                   0x20000447   Data           1  key.o(.data)
    temp                                     0x20000448   Data           1  key.o(.data)
    key_up                                   0x20000449   Data           1  key.o(.data)
    .data                                    0x2000044a   Section        4  mp3.o(.data)
    num                                      0x2000044c   Data           2  mp3.o(.data)
    .data                                    0x20000450   Section        4  system_stm32f1xx.o(.data)
    .data                                    0x20000454   Section        4  stm32f1xx_hal.o(.data)
    uwTick                                   0x20000454   Data           4  stm32f1xx_hal.o(.data)
    .data                                    0x20000458   Section        4  stdout.o(.data)
    .data                                    0x2000045c   Section        4  errno.o(.data)
    _errno                                   0x2000045c   Data           4  errno.o(.data)
    .bss                                     0x20000460   Section       64  usart.o(.bss)
    .bss                                     0x200004a0   Section      116  adc.o(.bss)
    .bss                                     0x20000514   Section      180  tim.o(.bss)
    .bss                                     0x200005c8   Section     2048  oled.o(.bss)
    .bss                                     0x20000dc8   Section       30  rtc.o(.bss)
    .bss                                     0x20000de6   Section     2284  snake.o(.bss)
    .bss                                     0x200016d4   Section     3200  mp3.o(.bss)
    STACK                                    0x20002358   Section     1024  startup_stm32f103xb.o(STACK)

    Global Symbols

    Symbol Name                              Value     Ov Type        Size  Object(Section)

    BuildAttributes$$THM_ISAv4$P$D$K$B$S$PE$A:L22UL41UL21$X:L11$S22US41US21$IEEE1$IW$USESV6$~STKCKD$USESV7$~SHL$OTIME$ROPI$IEEEJ$EBA8$MICROLIB$REQ8$PRES8$EABIv2 0x00000000   Number         0  anon$$obj.o ABSOLUTE
    __ARM_use_no_argv                        0x00000000   Number         0  main.o ABSOLUTE
    _printf_a                                0x00000000   Number         0  stubs.o ABSOLUTE
    _printf_c                                0x00000000   Number         0  stubs.o ABSOLUTE
    _printf_charcount                        0x00000000   Number         0  stubs.o ABSOLUTE
    _printf_d                                0x00000000   Number         0  stubs.o ABSOLUTE
    _printf_e                                0x00000000   Number         0  stubs.o ABSOLUTE
    _printf_f                                0x00000000   Number         0  stubs.o ABSOLUTE
    _printf_flags                            0x00000000   Number         0  stubs.o ABSOLUTE
    _printf_fp_dec                           0x00000000   Number         0  stubs.o ABSOLUTE
    _printf_fp_hex                           0x00000000   Number         0  stubs.o ABSOLUTE
    _printf_g                                0x00000000   Number         0  stubs.o ABSOLUTE
    _printf_i                                0x00000000   Number         0  stubs.o ABSOLUTE
    _printf_int_dec                          0x00000000   Number         0  stubs.o ABSOLUTE
    _printf_l                                0x00000000   Number         0  stubs.o ABSOLUTE
    _printf_lc                               0x00000000   Number         0  stubs.o ABSOLUTE
    _printf_ll                               0x00000000   Number         0  stubs.o ABSOLUTE
    _printf_lld                              0x00000000   Number         0  stubs.o ABSOLUTE
    _printf_lli                              0x00000000   Number         0  stubs.o ABSOLUTE
    _printf_llo                              0x00000000   Number         0  stubs.o ABSOLUTE
    _printf_llu                              0x00000000   Number         0  stubs.o ABSOLUTE
    _printf_llx                              0x00000000   Number         0  stubs.o ABSOLUTE
    _printf_longlong_dec                     0x00000000   Number         0  stubs.o ABSOLUTE
    _printf_longlong_hex                     0x00000000   Number         0  stubs.o ABSOLUTE
    _printf_longlong_oct                     0x00000000   Number         0  stubs.o ABSOLUTE
    _printf_ls                               0x00000000   Number         0  stubs.o ABSOLUTE
    _printf_mbtowc                           0x00000000   Number         0  stubs.o ABSOLUTE
    _printf_n                                0x00000000   Number         0  stubs.o ABSOLUTE
    _printf_o                                0x00000000   Number         0  stubs.o ABSOLUTE
    _printf_p                                0x00000000   Number         0  stubs.o ABSOLUTE
    _printf_percent                          0x00000000   Number         0  stubs.o ABSOLUTE
    _printf_pre_padding                      0x00000000   Number         0  stubs.o ABSOLUTE
    _printf_return_value                     0x00000000   Number         0  stubs.o ABSOLUTE
    _printf_s                                0x00000000   Number         0  stubs.o ABSOLUTE
    _printf_sizespec                         0x00000000   Number         0  stubs.o ABSOLUTE
    _printf_str                              0x00000000   Number         0  stubs.o ABSOLUTE
    _printf_truncate_signed                  0x00000000   Number         0  stubs.o ABSOLUTE
    _printf_truncate_unsigned                0x00000000   Number         0  stubs.o ABSOLUTE
    _printf_u                                0x00000000   Number         0  stubs.o ABSOLUTE
    _printf_wc                               0x00000000   Number         0  stubs.o ABSOLUTE
    _printf_wctomb                           0x00000000   Number         0  stubs.o ABSOLUTE
    _printf_widthprec                        0x00000000   Number         0  stubs.o ABSOLUTE
    _printf_x                                0x00000000   Number         0  stubs.o ABSOLUTE
    __cpp_initialize__aeabi_                  - Undefined Weak Reference
    __cxa_finalize                            - Undefined Weak Reference
    _clock_init                               - Undefined Weak Reference
    _microlib_exit                            - Undefined Weak Reference
    __Vectors_Size                           0x000000ec   Number         0  startup_stm32f103xb.o ABSOLUTE
    __Vectors                                0x08000000   Data           4  startup_stm32f103xb.o(RESET)
    __Vectors_End                            0x080000ec   Data           0  startup_stm32f103xb.o(RESET)
    __main                                   0x080000ed   Thumb Code     0  entry.o(.ARM.Collect$$$$00000000)
    _main_stk                                0x080000ed   Thumb Code     0  entry2.o(.ARM.Collect$$$$00000001)
    _main_scatterload                        0x080000f1   Thumb Code     0  entry5.o(.ARM.Collect$$$$00000004)
    __main_after_scatterload                 0x080000f5   Thumb Code     0  entry5.o(.ARM.Collect$$$$00000004)
    _main_clock                              0x080000f5   Thumb Code     0  entry7b.o(.ARM.Collect$$$$00000008)
    _main_cpp_init                           0x080000f5   Thumb Code     0  entry8b.o(.ARM.Collect$$$$0000000A)
    _main_init                               0x080000f5   Thumb Code     0  entry9a.o(.ARM.Collect$$$$0000000B)
    __rt_final_cpp                           0x080000fd   Thumb Code     0  entry10a.o(.ARM.Collect$$$$0000000D)
    __rt_final_exit                          0x080000fd   Thumb Code     0  entry11a.o(.ARM.Collect$$$$0000000F)
    cr4_fft_256_stm32                        0x08000101   Thumb Code     0  cr4_fft_256_stm32.o(.text)
    Reset_Handler                            0x080006e1   Thumb Code     8  startup_stm32f103xb.o(.text)
    ADC1_2_IRQHandler                        0x080006fb   Thumb Code     0  startup_stm32f103xb.o(.text)
    CAN1_RX1_IRQHandler                      0x080006fb   Thumb Code     0  startup_stm32f103xb.o(.text)
    CAN1_SCE_IRQHandler                      0x080006fb   Thumb Code     0  startup_stm32f103xb.o(.text)
    DMA1_Channel2_IRQHandler                 0x080006fb   Thumb Code     0  startup_stm32f103xb.o(.text)
    DMA1_Channel3_IRQHandler                 0x080006fb   Thumb Code     0  startup_stm32f103xb.o(.text)
    DMA1_Channel4_IRQHandler                 0x080006fb   Thumb Code     0  startup_stm32f103xb.o(.text)
    DMA1_Channel5_IRQHandler                 0x080006fb   Thumb Code     0  startup_stm32f103xb.o(.text)
    DMA1_Channel6_IRQHandler                 0x080006fb   Thumb Code     0  startup_stm32f103xb.o(.text)
    DMA1_Channel7_IRQHandler                 0x080006fb   Thumb Code     0  startup_stm32f103xb.o(.text)
    EXTI0_IRQHandler                         0x080006fb   Thumb Code     0  startup_stm32f103xb.o(.text)
    EXTI15_10_IRQHandler                     0x080006fb   Thumb Code     0  startup_stm32f103xb.o(.text)
    EXTI1_IRQHandler                         0x080006fb   Thumb Code     0  startup_stm32f103xb.o(.text)
    EXTI2_IRQHandler                         0x080006fb   Thumb Code     0  startup_stm32f103xb.o(.text)
    EXTI3_IRQHandler                         0x080006fb   Thumb Code     0  startup_stm32f103xb.o(.text)
    EXTI4_IRQHandler                         0x080006fb   Thumb Code     0  startup_stm32f103xb.o(.text)
    EXTI9_5_IRQHandler                       0x080006fb   Thumb Code     0  startup_stm32f103xb.o(.text)
    FLASH_IRQHandler                         0x080006fb   Thumb Code     0  startup_stm32f103xb.o(.text)
    I2C1_ER_IRQHandler                       0x080006fb   Thumb Code     0  startup_stm32f103xb.o(.text)
    I2C1_EV_IRQHandler                       0x080006fb   Thumb Code     0  startup_stm32f103xb.o(.text)
    I2C2_ER_IRQHandler                       0x080006fb   Thumb Code     0  startup_stm32f103xb.o(.text)
    I2C2_EV_IRQHandler                       0x080006fb   Thumb Code     0  startup_stm32f103xb.o(.text)
    PVD_IRQHandler                           0x080006fb   Thumb Code     0  startup_stm32f103xb.o(.text)
    RCC_IRQHandler                           0x080006fb   Thumb Code     0  startup_stm32f103xb.o(.text)
    RTC_Alarm_IRQHandler                     0x080006fb   Thumb Code     0  startup_stm32f103xb.o(.text)
    SPI1_IRQHandler                          0x080006fb   Thumb Code     0  startup_stm32f103xb.o(.text)
    SPI2_IRQHandler                          0x080006fb   Thumb Code     0  startup_stm32f103xb.o(.text)
    TAMPER_IRQHandler                        0x080006fb   Thumb Code     0  startup_stm32f103xb.o(.text)
    TIM1_BRK_IRQHandler                      0x080006fb   Thumb Code     0  startup_stm32f103xb.o(.text)
    TIM1_CC_IRQHandler                       0x080006fb   Thumb Code     0  startup_stm32f103xb.o(.text)
    TIM1_TRG_COM_IRQHandler                  0x080006fb   Thumb Code     0  startup_stm32f103xb.o(.text)
    TIM1_UP_IRQHandler                       0x080006fb   Thumb Code     0  startup_stm32f103xb.o(.text)
    TIM3_IRQHandler                          0x080006fb   Thumb Code     0  startup_stm32f103xb.o(.text)
    USART1_IRQHandler                        0x080006fb   Thumb Code     0  startup_stm32f103xb.o(.text)
    USART2_IRQHandler                        0x080006fb   Thumb Code     0  startup_stm32f103xb.o(.text)
    USART3_IRQHandler                        0x080006fb   Thumb Code     0  startup_stm32f103xb.o(.text)
    USBWakeUp_IRQHandler                     0x080006fb   Thumb Code     0  startup_stm32f103xb.o(.text)
    USB_HP_CAN1_TX_IRQHandler                0x080006fb   Thumb Code     0  startup_stm32f103xb.o(.text)
    USB_LP_CAN1_RX0_IRQHandler               0x080006fb   Thumb Code     0  startup_stm32f103xb.o(.text)
    WWDG_IRQHandler                          0x080006fb   Thumb Code     0  startup_stm32f103xb.o(.text)
    __aeabi_llsr                             0x08000705   Thumb Code    32  llushr.o(.text)
    _ll_ushift_r                             0x08000705   Thumb Code     0  llushr.o(.text)
    __aeabi_memset                           0x08000725   Thumb Code    14  memseta.o(.text)
    __aeabi_memset4                          0x08000725   Thumb Code     0  memseta.o(.text)
    __aeabi_memset8                          0x08000725   Thumb Code     0  memseta.o(.text)
    __aeabi_memclr                           0x08000733   Thumb Code     4  memseta.o(.text)
    __aeabi_memclr4                          0x08000733   Thumb Code     0  memseta.o(.text)
    __aeabi_memclr8                          0x08000733   Thumb Code     0  memseta.o(.text)
    _memset$wrapper                          0x08000737   Thumb Code    18  memseta.o(.text)
    __aeabi_fadd                             0x08000749   Thumb Code   164  fadd.o(.text)
    __aeabi_fsub                             0x080007ed   Thumb Code     6  fadd.o(.text)
    __aeabi_frsub                            0x080007f3   Thumb Code     6  fadd.o(.text)
    __aeabi_fmul                             0x080007f9   Thumb Code   100  fmul.o(.text)
    __ARM_scalbnf                            0x0800085d   Thumb Code    24  fscalb.o(.text)
    scalbnf                                  0x0800085d   Thumb Code     0  fscalb.o(.text)
    __aeabi_dadd                             0x08000875   Thumb Code   322  dadd.o(.text)
    __aeabi_dsub                             0x080009b7   Thumb Code     6  dadd.o(.text)
    __aeabi_drsub                            0x080009bd   Thumb Code     6  dadd.o(.text)
    __aeabi_dmul                             0x080009c3   Thumb Code   228  dmul.o(.text)
    __ARM_scalbn                             0x08000aa7   Thumb Code    46  dscalb.o(.text)
    scalbn                                   0x08000aa7   Thumb Code     0  dscalb.o(.text)
    __aeabi_i2f                              0x08000ad5   Thumb Code    18  fflti.o(.text)
    __aeabi_ui2d                             0x08000ae7   Thumb Code    26  dfltui.o(.text)
    __aeabi_f2iz                             0x08000b01   Thumb Code    50  ffixi.o(.text)
    __aeabi_f2uiz                            0x08000b33   Thumb Code    40  ffixui.o(.text)
    __aeabi_f2d                              0x08000b5b   Thumb Code    38  f2d.o(.text)
    __aeabi_d2f                              0x08000b81   Thumb Code    56  d2f.o(.text)
    __aeabi_uidiv                            0x08000bb9   Thumb Code     0  uidiv.o(.text)
    __aeabi_uidivmod                         0x08000bb9   Thumb Code    44  uidiv.o(.text)
    __aeabi_uldivmod                         0x08000be5   Thumb Code    98  uldiv.o(.text)
    __aeabi_llsl                             0x08000c47   Thumb Code    30  llshl.o(.text)
    _ll_shift_l                              0x08000c47   Thumb Code     0  llshl.o(.text)
    __aeabi_lasr                             0x08000c65   Thumb Code    36  llsshr.o(.text)
    _ll_sshift_r                             0x08000c65   Thumb Code     0  llsshr.o(.text)
    __I$use$fp                               0x08000c89   Thumb Code     0  iusefp.o(.text)
    _float_round                             0x08000c89   Thumb Code    18  fepilogue.o(.text)
    _float_epilogue                          0x08000c9b   Thumb Code    92  fepilogue.o(.text)
    _double_round                            0x08000cf7   Thumb Code    30  depilogue.o(.text)
    _double_epilogue                         0x08000d15   Thumb Code   156  depilogue.o(.text)
    __aeabi_ddiv                             0x08000db1   Thumb Code   222  ddiv.o(.text)
    _dsqrt                                   0x08000e8f   Thumb Code   162  dsqrt.o(.text)
    __aeabi_d2ulz                            0x08000f31   Thumb Code    48  dfixul.o(.text)
    __aeabi_cdrcmple                         0x08000f61   Thumb Code    48  cdrcmple.o(.text)
    __scatterload                            0x08000f91   Thumb Code    28  init.o(.text)
    __scatterload_rt2                        0x08000f91   Thumb Code     0  init.o(.text)
    __decompress                             0x08000fb5   Thumb Code     0  __dczerorl2.o(.text)
    __decompress1                            0x08000fb5   Thumb Code    86  __dczerorl2.o(.text)
    ADC1_Init                                0x0800100d   Thumb Code    64  adc.o(i.ADC1_Init)
    ADC_ConversionStop_Disable               0x08001055   Thumb Code    76  stm32f1xx_hal_adc.o(i.ADC_ConversionStop_Disable)
    ADC_DMAConvCplt                          0x080010a1   Thumb Code    78  stm32f1xx_hal_adc.o(i.ADC_DMAConvCplt)
    ADC_DMAError                             0x080010ef   Thumb Code    26  stm32f1xx_hal_adc.o(i.ADC_DMAError)
    ADC_DMAHalfConvCplt                      0x08001109   Thumb Code    10  stm32f1xx_hal_adc.o(i.ADC_DMAHalfConvCplt)
    ADC_Enable                               0x08001115   Thumb Code   104  stm32f1xx_hal_adc.o(i.ADC_Enable)
    BnumUpMove                               0x08001185   Thumb Code   150  oled.o(i.BnumUpMove)
    Border_Check                             0x0800121d   Thumb Code    32  snake.o(i.Border_Check)
    BusFault_Handler                         0x08001241   Thumb Code     2  stm32f1xx_it.o(i.BusFault_Handler)
    DMA1_Channel1_IRQHandler                 0x08001245   Thumb Code     6  stm32f1xx_it.o(i.DMA1_Channel1_IRQHandler)
    DMA_Init                                 0x08001251   Thumb Code    40  dma.o(i.DMA_Init)
    DebugMon_Handler                         0x080012a7   Thumb Code     2  stm32f1xx_it.o(i.DebugMon_Handler)
    Direction_Process                        0x080012a9   Thumb Code    96  snake.o(i.Direction_Process)
    DisplayIcon                              0x08001311   Thumb Code    70  display.o(i.DisplayIcon)
    DisplayList                              0x0800135d   Thumb Code   178  display.o(i.DisplayList)
    Draw_Single_Point                        0x08001469   Thumb Code   134  oled.o(i.Draw_Single_Point)
    ElectricityDisplay                       0x080014f5   Thumb Code    10  display.o(i.ElectricityDisplay)
    Error_Handler                            0x08001501   Thumb Code     8  stm32f1xx_hal_msp.o(i.Error_Handler)
    FFT_GetDcComponent                       0x08001525   Thumb Code   152  mp3.o(i.FFT_GetDcComponent)
    Food_Construct                           0x080015c1   Thumb Code   210  snake.o(i.Food_Construct)
    Frame_Init                               0x08001693   Thumb Code    84  snake.o(i.Frame_Init)
    GPIO_Config                              0x080016e9   Thumb Code    94  oled.o(i.GPIO_Config)
    GUI_ClearSCR                             0x08001751   Thumb Code     4  lcmdrv.o(i.GUI_ClearSCR)
    GUI_Exec                                 0x08001755   Thumb Code     4  lcmdrv.o(i.GUI_Exec)
    GUI_HLine                                0x08001759   Thumb Code    44  lcmdrv.o(i.GUI_HLine)
    GUI_Initialize                           0x08001785   Thumb Code     4  lcmdrv.o(i.GUI_Initialize)
    GUI_Line                                 0x08001789   Thumb Code   200  gui_basic.o(i.GUI_Line)
    GUI_LineWith                             0x08001851   Thumb Code   328  gui_basic.o(i.GUI_LineWith)
    GUI_Point                                0x08001999   Thumb Code     6  lcmdrv.o(i.GUI_Point)
    GUI_PointS                               0x080019a1   Thumb Code    76  gui_basic.o(i.GUI_PointS)
    GUI_RLine                                0x080019ed   Thumb Code    42  lcmdrv.o(i.GUI_RLine)
    HAL_ADC_ConfigChannel                    0x08001a19   Thumb Code   346  stm32f1xx_hal_adc.o(i.HAL_ADC_ConfigChannel)
    HAL_ADC_ConvCpltCallback                 0x08001b81   Thumb Code   174  mp3.o(i.HAL_ADC_ConvCpltCallback)
    HAL_ADC_ConvHalfCpltCallback             0x08001c45   Thumb Code     2  stm32f1xx_hal_adc.o(i.HAL_ADC_ConvHalfCpltCallback)
    HAL_ADC_ErrorCallback                    0x08001c47   Thumb Code     2  stm32f1xx_hal_adc.o(i.HAL_ADC_ErrorCallback)
    HAL_ADC_Init                             0x08001c49   Thumb Code   300  stm32f1xx_hal_adc.o(i.HAL_ADC_Init)
    HAL_ADC_MspInit                          0x08001d7d   Thumb Code    98  adc.o(i.HAL_ADC_MspInit)
    HAL_ADC_Start_DMA                        0x08001df5   Thumb Code   246  stm32f1xx_hal_adc.o(i.HAL_ADC_Start_DMA)
    HAL_ADC_Stop_DMA                         0x08001f01   Thumb Code    76  stm32f1xx_hal_adc.o(i.HAL_ADC_Stop_DMA)
    HAL_DMA_Abort                            0x08001f4d   Thumb Code    48  stm32f1xx_hal_dma.o(i.HAL_DMA_Abort)
    HAL_DMA_IRQHandler                       0x08001f7d   Thumb Code   316  stm32f1xx_hal_dma.o(i.HAL_DMA_IRQHandler)
    HAL_DMA_Init                             0x080020d1   Thumb Code    92  stm32f1xx_hal_dma.o(i.HAL_DMA_Init)
    HAL_DMA_Start_IT                         0x08002135   Thumb Code   112  stm32f1xx_hal_dma.o(i.HAL_DMA_Start_IT)
    HAL_Delay                                0x080021a5   Thumb Code    22  stm32f1xx_hal.o(i.HAL_Delay)
    HAL_GPIO_Init                            0x080021bd   Thumb Code   408  stm32f1xx_hal_gpio.o(i.HAL_GPIO_Init)
    HAL_GPIO_ReadPin                         0x08002379   Thumb Code    10  stm32f1xx_hal_gpio.o(i.HAL_GPIO_ReadPin)
    HAL_GPIO_TogglePin                       0x08002383   Thumb Code     8  stm32f1xx_hal_gpio.o(i.HAL_GPIO_TogglePin)
    HAL_GPIO_WritePin                        0x0800238b   Thumb Code    10  stm32f1xx_hal_gpio.o(i.HAL_GPIO_WritePin)
    HAL_GetTick                              0x08002395   Thumb Code     6  stm32f1xx_hal.o(i.HAL_GetTick)
    HAL_IncTick                              0x080023a1   Thumb Code    10  stm32f1xx_hal.o(i.HAL_IncTick)
    HAL_Init                                 0x080023b1   Thumb Code    32  stm32f1xx_hal.o(i.HAL_Init)
    HAL_InitTick                             0x080023d5   Thumb Code    34  stm32f1xx_hal.o(i.HAL_InitTick)
    HAL_MspInit                              0x080023f9   Thumb Code   114  stm32f1xx_hal_msp.o(i.HAL_MspInit)
    HAL_NVIC_EnableIRQ                       0x08002475   Thumb Code    22  stm32f1xx_hal_cortex.o(i.HAL_NVIC_EnableIRQ)
    HAL_NVIC_SetPriority                     0x0800248d   Thumb Code    60  stm32f1xx_hal_cortex.o(i.HAL_NVIC_SetPriority)
    HAL_NVIC_SetPriorityGrouping             0x080024cd   Thumb Code    26  stm32f1xx_hal_cortex.o(i.HAL_NVIC_SetPriorityGrouping)
    HAL_PWR_EnableBkUpAccess                 0x080024f1   Thumb Code    20  stm32f1xx_hal_pwr.o(i.HAL_PWR_EnableBkUpAccess)
    HAL_RCCEx_GetPeriphCLKFreq               0x08002509   Thumb Code   208  stm32f1xx_hal_rcc_ex.o(i.HAL_RCCEx_GetPeriphCLKFreq)
    HAL_RCCEx_PeriphCLKConfig                0x080025f9   Thumb Code   288  stm32f1xx_hal_rcc_ex.o(i.HAL_RCCEx_PeriphCLKConfig)
    HAL_RCC_ClockConfig                      0x08002725   Thumb Code   374  stm32f1xx_hal_rcc.o(i.HAL_RCC_ClockConfig)
    HAL_RCC_GetHCLKFreq                      0x080028ad   Thumb Code     6  stm32f1xx_hal_rcc.o(i.HAL_RCC_GetHCLKFreq)
    HAL_RCC_GetPCLK1Freq                     0x080028b9   Thumb Code    34  stm32f1xx_hal_rcc.o(i.HAL_RCC_GetPCLK1Freq)
    HAL_RCC_GetPCLK2Freq                     0x080028e9   Thumb Code    34  stm32f1xx_hal_rcc.o(i.HAL_RCC_GetPCLK2Freq)
    HAL_RCC_GetSysClockFreq                  0x08002919   Thumb Code   102  stm32f1xx_hal_rcc.o(i.HAL_RCC_GetSysClockFreq)
    HAL_RCC_OscConfig                        0x080029a1   Thumb Code  1406  stm32f1xx_hal_rcc.o(i.HAL_RCC_OscConfig)
    HAL_RTCEx_BKUPRead                       0x08002f21   Thumb Code    10  stm32f1xx_hal_rtc_ex.o(i.HAL_RTCEx_BKUPRead)
    HAL_RTCEx_BKUPWrite                      0x08002f31   Thumb Code    12  stm32f1xx_hal_rtc_ex.o(i.HAL_RTCEx_BKUPWrite)
    HAL_RTC_Init                             0x08002f41   Thumb Code   154  stm32f1xx_hal_rtc.o(i.HAL_RTC_Init)
    HAL_RTC_MspInit                          0x08002fe1   Thumb Code    96  rtc.o(i.HAL_RTC_MspInit)
    HAL_RTC_WaitForSynchro                   0x08003049   Thumb Code    58  stm32f1xx_hal_rtc.o(i.HAL_RTC_WaitForSynchro)
    HAL_SYSTICK_CLKSourceConfig              0x08003083   Thumb Code    24  stm32f1xx_hal_cortex.o(i.HAL_SYSTICK_CLKSourceConfig)
    HAL_SYSTICK_Callback                     0x0800309b   Thumb Code     2  stm32f1xx_hal_cortex.o(i.HAL_SYSTICK_Callback)
    HAL_SYSTICK_Config                       0x0800309d   Thumb Code    40  stm32f1xx_hal_cortex.o(i.HAL_SYSTICK_Config)
    HAL_SYSTICK_IRQHandler                   0x080030c5   Thumb Code     8  stm32f1xx_hal_cortex.o(i.HAL_SYSTICK_IRQHandler)
    HAL_TIMEx_BreakCallback                  0x080030cd   Thumb Code     2  stm32f1xx_hal_tim_ex.o(i.HAL_TIMEx_BreakCallback)
    HAL_TIMEx_CommutationCallback            0x080030cf   Thumb Code     2  stm32f1xx_hal_tim_ex.o(i.HAL_TIMEx_CommutationCallback)
    HAL_TIMEx_MasterConfigSynchronization    0x080030d1   Thumb Code    80  stm32f1xx_hal_tim_ex.o(i.HAL_TIMEx_MasterConfigSynchronization)
    HAL_TIM_Base_Init                        0x08003121   Thumb Code    54  stm32f1xx_hal_tim.o(i.HAL_TIM_Base_Init)
    HAL_TIM_Base_MspInit                     0x08003159   Thumb Code   116  tim.o(i.HAL_TIM_Base_MspInit)
    HAL_TIM_Base_Start                       0x080031d9   Thumb Code    26  stm32f1xx_hal_tim.o(i.HAL_TIM_Base_Start)
    HAL_TIM_Base_Start_IT                    0x080031f3   Thumb Code    24  stm32f1xx_hal_tim.o(i.HAL_TIM_Base_Start_IT)
    HAL_TIM_Base_Stop                        0x0800320b   Thumb Code    44  stm32f1xx_hal_tim.o(i.HAL_TIM_Base_Stop)
    HAL_TIM_Base_Stop_IT                     0x08003237   Thumb Code    42  stm32f1xx_hal_tim.o(i.HAL_TIM_Base_Stop_IT)
    HAL_TIM_ConfigClockSource                0x08003261   Thumb Code   242  stm32f1xx_hal_tim.o(i.HAL_TIM_ConfigClockSource)
    HAL_TIM_IC_CaptureCallback               0x08003353   Thumb Code     2  stm32f1xx_hal_tim.o(i.HAL_TIM_IC_CaptureCallback)
    HAL_TIM_IRQHandler                       0x08003355   Thumb Code   358  stm32f1xx_hal_tim.o(i.HAL_TIM_IRQHandler)
    HAL_TIM_OC_DelayElapsedCallback          0x080034bb   Thumb Code     2  stm32f1xx_hal_tim.o(i.HAL_TIM_OC_DelayElapsedCallback)
    HAL_TIM_PWM_PulseFinishedCallback        0x080034bd   Thumb Code     2  stm32f1xx_hal_tim.o(i.HAL_TIM_PWM_PulseFinishedCallback)
    HAL_TIM_PeriodElapsedCallback            0x080034c1   Thumb Code   154  tim.o(i.HAL_TIM_PeriodElapsedCallback)
    HAL_TIM_TriggerCallback                  0x08003585   Thumb Code     2  stm32f1xx_hal_tim.o(i.HAL_TIM_TriggerCallback)
    HAL_UART_Init                            0x08003587   Thumb Code    94  stm32f1xx_hal_uart.o(i.HAL_UART_Init)
    HAL_UART_MspInit                         0x080035e5   Thumb Code    92  usart.o(i.HAL_UART_MspInit)
    HAL_UART_Transmit                        0x0800364d   Thumb Code   204  stm32f1xx_hal_uart.o(i.HAL_UART_Transmit)
    HUMIDisplay                              0x08003719   Thumb Code   108  display.o(i.HUMIDisplay)
    HardFault_Handler                        0x08003795   Thumb Code     2  stm32f1xx_it.o(i.HardFault_Handler)
    IIC_Ack                                  0x08003799   Thumb Code    56  myiic.o(i.IIC_Ack)
    IIC_Init                                 0x080037d9   Thumb Code    72  myiic.o(i.IIC_Init)
    IIC_NAck                                 0x08003831   Thumb Code    56  myiic.o(i.IIC_NAck)
    IIC_Read_Byte                            0x08003871   Thumb Code   100  myiic.o(i.IIC_Read_Byte)
    IIC_Send_Byte                            0x080038dd   Thumb Code    86  myiic.o(i.IIC_Send_Byte)
    IIC_Start                                0x0800393d   Thumb Code    56  myiic.o(i.IIC_Start)
    IIC_Stop                                 0x0800397d   Thumb Code    58  myiic.o(i.IIC_Stop)
    IIC_Wait_Ack                             0x080039c1   Thumb Code    78  myiic.o(i.IIC_Wait_Ack)
    Is_Leap_Year                             0x08003a19   Thumb Code    38  rtc.o(i.Is_Leap_Year)
    KEY_Init                                 0x08003a41   Thumb Code   110  key.o(i.KEY_Init)
    KEY_Scan                                 0x08003abd   Thumb Code   196  key.o(i.KEY_Scan)
    LED_Init                                 0x08003b8d   Thumb Code    58  led.o(i.LED_Init)
    MemManage_Handler                        0x08003bd1   Thumb Code     2  stm32f1xx_it.o(i.MemManage_Handler)
    Mp3_Init                                 0x08003bd5   Thumb Code    18  mp3.o(i.Mp3_Init)
    Mp3_Mi2ddleColuDisplay                   0x08003bed   Thumb Code   180  mp3.o(i.Mp3_Mi2ddleColuDisplay)
    Mp3_MiddleColuDisplay                    0x08003ca9   Thumb Code   150  mp3.o(i.Mp3_MiddleColuDisplay)
    Mp3_MiniUnColuDisplay                    0x08003d49   Thumb Code   116  mp3.o(i.Mp3_MiniUnColuDisplay)
    Mp3_RMiddleColuDisplay                   0x08003dc5   Thumb Code   116  mp3.o(i.Mp3_RMiddleColuDisplay)
    Mp3_SMiddleColuDisplay                   0x08003e41   Thumb Code   110  mp3.o(i.Mp3_SMiddleColuDisplay)
    Mp3_TMiddleColuDisplay                   0x08003eb9   Thumb Code   148  mp3.o(i.Mp3_TMiddleColuDisplay)
    Mp3_UnColuDisplay                        0x08003f55   Thumb Code   202  mp3.o(i.Mp3_UnColuDisplay)
    NMI_Handler                              0x0800402d   Thumb Code     2  stm32f1xx_it.o(i.NMI_Handler)
    OLED_Clear                               0x08004051   Thumb Code    42  oled.o(i.OLED_Clear)
    OLED_ClockTop                            0x08004081   Thumb Code    32  display.o(i.OLED_ClockTop)
    OLED_DataFlow                            0x080040a5   Thumb Code   368  oled.o(i.OLED_DataFlow)
    OLED_DeskTop                             0x08004219   Thumb Code   152  display.o(i.OLED_DeskTop)
    OLED_DrawBMP                             0x080042b9   Thumb Code    64  oled.o(i.OLED_DrawBMP)
    OLED_DrawPoint                           0x080042f9   Thumb Code    58  oled.o(i.OLED_DrawPoint)
    OLED_GameTop                             0x08004339   Thumb Code   358  display.o(i.OLED_GameTop)
    OLED_Init                                0x080044dd   Thumb Code   298  oled.o(i.OLED_Init)
    OLED_LedTop                              0x0800460d   Thumb Code    80  display.o(i.OLED_LedTop)
    OLED_MainTop                             0x08004665   Thumb Code   314  display.o(i.OLED_MainTop)
    OLED_Mp3Top                              0x080047dd   Thumb Code   214  display.o(i.OLED_Mp3Top)
    OLED_P16x16Ch                            0x080048c9   Thumb Code    70  oled.o(i.OLED_P16x16Ch)
    OLED_P16x32Ch                            0x08004915   Thumb Code   130  oled.o(i.OLED_P16x32Ch)
    OLED_P16x32Ch_Delay                      0x0800499d   Thumb Code   156  oled.o(i.OLED_P16x32Ch_Delay)
    OLED_P32x32Ch                            0x08004a3d   Thumb Code   154  oled.o(i.OLED_P32x32Ch)
    OLED_P6x8Str                             0x08004add   Thumb Code    90  oled.o(i.OLED_P6x8Str)
    OLED_P8x16Str                            0x08004b3d   Thumb Code   130  oled.o(i.OLED_P8x16Str)
    OLED_Refresh_Gram                        0x08004bc5   Thumb Code    72  oled.o(i.OLED_Refresh_Gram)
    OLED_Set_Address                         0x08004c11   Thumb Code    40  oled.o(i.OLED_Set_Address)
    OLED_Set_Pos                             0x08004c39   Thumb Code    44  oled.o(i.OLED_Set_Pos)
    OLED_ShowChar                            0x08004c65   Thumb Code    54  oled.o(i.OLED_ShowChar)
    OLED_ShowDate                            0x08004ca1   Thumb Code   322  display.o(i.OLED_ShowDate)
    OLED_ShowNum                             0x08004e09   Thumb Code    98  oled.o(i.OLED_ShowNum)
    OLED_ShowString                          0x08004e6b   Thumb Code    50  oled.o(i.OLED_ShowString)
    OLED_Shownumber                          0x08004e9d   Thumb Code    72  oled.o(i.OLED_Shownumber)
    OLED_Shownumber11X16                     0x08004ee9   Thumb Code    76  oled.o(i.OLED_Shownumber11X16)
    OLED_StartClear                          0x08004f39   Thumb Code    60  oled.o(i.OLED_StartClear)
    OLED_TempTop                             0x08004f75   Thumb Code    70  display.o(i.OLED_TempTop)
    OLED_UserTop                             0x08004fc1   Thumb Code   146  display.o(i.OLED_UserTop)
    OLED_WR_Byte                             0x0800505d   Thumb Code   108  oled.o(i.OLED_WR_Byte)
    Oled_DisplayPage                         0x080050cd   Thumb Code   108  display.o(i.Oled_DisplayPage)
    PendSV_Handler                           0x0800513d   Thumb Code     2  stm32f1xx_it.o(i.PendSV_Handler)
    RTC_Get                                  0x080051ad   Thumb Code   202  rtc.o(i.RTC_Get)
    RTC_Get_Week                             0x0800528d   Thumb Code    76  rtc.o(i.RTC_Get_Week)
    RTC_IRQHandler                           0x080052dd   Thumb Code    56  rtc.o(i.RTC_IRQHandler)
    RTC_Init                                 0x08005325   Thumb Code   118  rtc.o(i.RTC_Init)
    RTC_Set                                  0x080053a5   Thumb Code   230  rtc.o(i.RTC_Set)
    SHT20_GetHumiPoll                        0x080054a9   Thumb Code   122  sht20.o(i.SHT20_GetHumiPoll)
    SHT20_GetTempPoll                        0x08005531   Thumb Code   126  sht20.o(i.SHT20_GetTempPoll)
    SHT20_Init                               0x080055c1   Thumb Code     4  sht20.o(i.SHT20_Init)
    SHT20_SoftReset                          0x080055c5   Thumb Code    36  sht20.o(i.SHT20_SoftReset)
    SVC_Handler                              0x080055e9   Thumb Code     2  stm32f1xx_it.o(i.SVC_Handler)
    SnakeBody_Construct                      0x080055eb   Thumb Code   210  snake.o(i.SnakeBody_Construct)
    SnakeHead_Construct                      0x080056bd   Thumb Code   210  snake.o(i.SnakeHead_Construct)
    Snake_Init                               0x08005791   Thumb Code    84  snake.o(i.Snake_Init)
    Snake_Move                               0x080057f5   Thumb Code   282  snake.o(i.Snake_Move)
    Stm32_Clock_Init                         0x0800591d   Thumb Code    68  delay.o(i.Stm32_Clock_Init)
    SysTick_Handler                          0x08005961   Thumb Code    14  stm32f1xx_it.o(i.SysTick_Handler)
    SystemInit                               0x08005971   Thumb Code    56  system_stm32f1xx.o(i.SystemInit)
    TEMPDisplay                              0x080059b9   Thumb Code   108  display.o(i.TEMPDisplay)
    TIM2_IRQHandler                          0x08005a35   Thumb Code     6  tim.o(i.TIM2_IRQHandler)
    TIM2_Init                                0x08005a41   Thumb Code    42  tim.o(i.TIM2_Init)
    TIM3_Init                                0x08005a71   Thumb Code    80  tim.o(i.TIM3_Init)
    TIM4_IRQHandler                          0x08005ac9   Thumb Code     6  tim.o(i.TIM4_IRQHandler)
    TIM4_Init                                0x08005ad5   Thumb Code    40  tim.o(i.TIM4_Init)
    TIM_Base_SetConfig                       0x08005b05   Thumb Code    86  stm32f1xx_hal_tim.o(i.TIM_Base_SetConfig)
    UART_Init                                0x08005bd5   Thumb Code    46  usart.o(i.UART_Init)
    UsageFault_Handler                       0x08005e0f   Thumb Code     2  stm32f1xx_it.o(i.UsageFault_Handler)
    WhenTheDisplay                           0x08005e11   Thumb Code   102  display.o(i.WhenTheDisplay)
    Wipe_Point                               0x08005e7d   Thumb Code   210  snake.o(i.Wipe_Point)
    __0printf                                0x08005f51   Thumb Code    22  printfa.o(i.__0printf)
    __1printf                                0x08005f51   Thumb Code     0  printfa.o(i.__0printf)
    __2printf                                0x08005f51   Thumb Code     0  printfa.o(i.__0printf)
    __c89printf                              0x08005f51   Thumb Code     0  printfa.o(i.__0printf)
    printf                                   0x08005f51   Thumb Code     0  printfa.o(i.__0printf)
    __0sprintf                               0x08005f71   Thumb Code    34  printfa.o(i.__0sprintf)
    __1sprintf                               0x08005f71   Thumb Code     0  printfa.o(i.__0sprintf)
    __2sprintf                               0x08005f71   Thumb Code     0  printfa.o(i.__0sprintf)
    __c89sprintf                             0x08005f71   Thumb Code     0  printfa.o(i.__0sprintf)
    sprintf                                  0x08005f71   Thumb Code     0  printfa.o(i.__0sprintf)
    __scatterload_copy                       0x08005f99   Thumb Code    14  handlers.o(i.__scatterload_copy)
    __scatterload_null                       0x08005fa7   Thumb Code     2  handlers.o(i.__scatterload_null)
    __scatterload_zeroinit                   0x08005fa9   Thumb Code    14  handlers.o(i.__scatterload_zeroinit)
    __set_errno                              0x08005fb9   Thumb Code     6  errno.o(i.__set_errno)
    delay_init                               0x08006881   Thumb Code    16  delay.o(i.delay_init)
    delay_ms                                 0x08006895   Thumb Code    26  delay.o(i.delay_ms)
    delay_us                                 0x080068b1   Thumb Code    48  delay.o(i.delay_us)
    fputc                                    0x080068e5   Thumb Code    20  usart.o(i.fputc)
    main                                     0x080068fd   Thumb Code   142  main.o(i.main)
    oled_pow                                 0x080069b1   Thumb Code    16  oled.o(i.oled_pow)
    secondMove                               0x080069c1   Thumb Code   152  oled.o(i.secondMove)
    sqrt                                     0x08006a59   Thumb Code    76  sqrt.o(i.sqrt)
    F16x16                                   0x08006aa4   Data         384  oled.o(.constdata)
    F16x32                                   0x08006c24   Data         768  oled.o(.constdata)
    F32x32                                   0x08006f24   Data        1152  oled.o(.constdata)
    F6x8                                     0x080073a4   Data         552  oled.o(.constdata)
    F8X16                                    0x080075cc   Data        1520  oled.o(.constdata)
    F128x48                                  0x08007bbc   Data        2304  oled.o(.constdata)
    table_week                               0x080084bc   Data          12  rtc.o(.constdata)
    mon_table                                0x080084c8   Data          12  rtc.o(.constdata)
    AHBPrescTable                            0x080084d4   Data          16  system_stm32f1xx.o(.constdata)
    APBPrescTable                            0x080084e4   Data           8  system_stm32f1xx.o(.constdata)
    Region$$Table$$Base                      0x08008544   Number         0  anon$$obj.o(Region$$Table)
    Region$$Table$$Limit                     0x08008564   Number         0  anon$$obj.o(Region$$Table)
    gOLED_Display                            0x20000000   Data           8  main.o(.data)
    gSht20Date                               0x20000008   Data           8  main.o(.data)
    Mp3_Data                                 0x20000010   Data           2  main.o(.data)
    second                                   0x20000012   Data         242  oled.o(.data)
    mid                                      0x20000104   Data         800  oled.o(.data)
    SnakeCoordinate_x                        0x2000042c   Data           1  snake.o(.data)
    SnakeCoordinate_y                        0x2000042d   Data           1  snake.o(.data)
    FoodCoordinate_x                         0x2000042e   Data           1  snake.o(.data)
    FoodCoordinate_y                         0x2000042f   Data           1  snake.o(.data)
    MoveDirection                            0x20000430   Data           1  snake.o(.data)
    Counter_x                                0x20000432   Data           2  snake.o(.data)
    Counter_y                                0x20000434   Data           2  snake.o(.data)
    SnakeLength                              0x20000436   Data           2  snake.o(.data)
    runflag                                  0x20000438   Data           1  snake.o(.data)
    a                                        0x2000043b   Data           1  display.o(.data)
    b                                        0x2000043c   Data           1  display.o(.data)
    c                                        0x2000043d   Data           1  display.o(.data)
    d                                        0x2000043e   Data           1  display.o(.data)
    e                                        0x2000043f   Data           1  display.o(.data)
    f                                        0x20000440   Data           1  display.o(.data)
    m1                                       0x20000441   Data           1  display.o(.data)
    m2                                       0x20000442   Data           1  display.o(.data)
    m3                                       0x20000443   Data           1  display.o(.data)
    m4                                       0x20000444   Data           1  display.o(.data)
    m5                                       0x20000445   Data           1  display.o(.data)
    m6                                       0x20000446   Data           1  display.o(.data)
    prt                                      0x2000044a   Data           1  mp3.o(.data)
    SystemCoreClock                          0x20000450   Data           4  system_stm32f1xx.o(.data)
    __stdout                                 0x20000458   Data           4  stdout.o(.data)
    huart1                                   0x20000460   Data          64  usart.o(.bss)
    hadc1                                    0x200004a0   Data          48  adc.o(.bss)
    hdma_adc1                                0x200004d0   Data          68  adc.o(.bss)
    htim3                                    0x20000514   Data          60  tim.o(.bss)
    htim4                                    0x20000550   Data          60  tim.o(.bss)
    htim2                                    0x2000058c   Data          60  tim.o(.bss)
    OLED_GRAM                                0x200005c8   Data        2048  oled.o(.bss)
    RTC_Handler                              0x20000dc8   Data          20  rtc.o(.bss)
    calendar                                 0x20000ddc   Data          10  rtc.o(.bss)
    CheckBuffer                              0x20000de6   Data         420  snake.o(.bss)
    MoveCoordinate                           0x20000f8a   Data         840  snake.o(.bss)
    SnakeCoordinate                          0x200012d2   Data        1024  snake.o(.bss)
    Adc_SourceData                           0x200016d4   Data        1024  mp3.o(.bss)
    lBufInArray                              0x20001ad4   Data        1024  mp3.o(.bss)
    lBufOutArray                             0x20001ed4   Data         512  mp3.o(.bss)
    lBufMagArray                             0x200020d4   Data         512  mp3.o(.bss)
    Fali_Point                               0x200022d4   Data         128  mp3.o(.bss)
    __initial_sp                             0x20002758   Data           0  startup_stm32f103xb.o(STACK)



==============================================================================

Memory Map of the image

  Image Entry point : 0x080000ed

  Load Region LR_IROM1 (Base: 0x08000000, Size: 0x000089c4, Max: 0x00010000, ABSOLUTE, COMPRESSED[0x00008728])

    Execution Region ER_IROM1 (Base: 0x08000000, Size: 0x00008564, Max: 0x00010000, ABSOLUTE)

    Base Addr    Size         Type   Attr      Idx    E Section Name        Object

    0x08000000   0x000000ec   Data   RO         4351    RESET               startup_stm32f103xb.o
    0x080000ec   0x00000000   Code   RO         4952  * .ARM.Collect$$$$00000000  mc_w.l(entry.o)
    0x080000ec   0x00000004   Code   RO         5254    .ARM.Collect$$$$00000001  mc_w.l(entry2.o)
    0x080000f0   0x00000004   Code   RO         5257    .ARM.Collect$$$$00000004  mc_w.l(entry5.o)
    0x080000f4   0x00000000   Code   RO         5259    .ARM.Collect$$$$00000008  mc_w.l(entry7b.o)
    0x080000f4   0x00000000   Code   RO         5261    .ARM.Collect$$$$0000000A  mc_w.l(entry8b.o)
    0x080000f4   0x00000008   Code   RO         5262    .ARM.Collect$$$$0000000B  mc_w.l(entry9a.o)
    0x080000fc   0x00000000   Code   RO         5264    .ARM.Collect$$$$0000000D  mc_w.l(entry10a.o)
    0x080000fc   0x00000000   Code   RO         5266    .ARM.Collect$$$$0000000F  mc_w.l(entry11a.o)
    0x080000fc   0x00000004   Code   RO         5255    .ARM.Collect$$$$00002712  mc_w.l(entry2.o)
    0x08000100   0x000005de   Code   RO         1410    .text               cr4_fft_256_stm32.o
    0x080006de   0x00000002   PAD
    0x080006e0   0x00000024   Code   RO         4352    .text               startup_stm32f103xb.o
    0x08000704   0x00000020   Code   RO         4955    .text               mc_w.l(llushr.o)
    0x08000724   0x00000024   Code   RO         4957    .text               mc_w.l(memseta.o)
    0x08000748   0x000000b0   Code   RO         5220    .text               mf_w.l(fadd.o)
    0x080007f8   0x00000064   Code   RO         5222    .text               mf_w.l(fmul.o)
    0x0800085c   0x00000018   Code   RO         5226    .text               mf_w.l(fscalb.o)
    0x08000874   0x0000014e   Code   RO         5228    .text               mf_w.l(dadd.o)
    0x080009c2   0x000000e4   Code   RO         5230    .text               mf_w.l(dmul.o)
    0x08000aa6   0x0000002e   Code   RO         5232    .text               mf_w.l(dscalb.o)
    0x08000ad4   0x00000012   Code   RO         5234    .text               mf_w.l(fflti.o)
    0x08000ae6   0x0000001a   Code   RO         5240    .text               mf_w.l(dfltui.o)
    0x08000b00   0x00000032   Code   RO         5242    .text               mf_w.l(ffixi.o)
    0x08000b32   0x00000028   Code   RO         5244    .text               mf_w.l(ffixui.o)
    0x08000b5a   0x00000026   Code   RO         5250    .text               mf_w.l(f2d.o)
    0x08000b80   0x00000038   Code   RO         5252    .text               mf_w.l(d2f.o)
    0x08000bb8   0x0000002c   Code   RO         5269    .text               mc_w.l(uidiv.o)
    0x08000be4   0x00000062   Code   RO         5271    .text               mc_w.l(uldiv.o)
    0x08000c46   0x0000001e   Code   RO         5273    .text               mc_w.l(llshl.o)
    0x08000c64   0x00000024   Code   RO         5275    .text               mc_w.l(llsshr.o)
    0x08000c88   0x00000000   Code   RO         5284    .text               mc_w.l(iusefp.o)
    0x08000c88   0x0000006e   Code   RO         5285    .text               mf_w.l(fepilogue.o)
    0x08000cf6   0x000000ba   Code   RO         5287    .text               mf_w.l(depilogue.o)
    0x08000db0   0x000000de   Code   RO         5289    .text               mf_w.l(ddiv.o)
    0x08000e8e   0x000000a2   Code   RO         5291    .text               mf_w.l(dsqrt.o)
    0x08000f30   0x00000030   Code   RO         5293    .text               mf_w.l(dfixul.o)
    0x08000f60   0x00000030   Code   RO         5297    .text               mf_w.l(cdrcmple.o)
    0x08000f90   0x00000024   Code   RO         5299    .text               mc_w.l(init.o)
    0x08000fb4   0x00000056   Code   RO         5309    .text               mc_w.l(__dczerorl2.o)
    0x0800100a   0x00000002   PAD
    0x0800100c   0x00000048   Code   RO          424    i.ADC1_Init         adc.o
    0x08001054   0x0000004c   Code   RO         3457    i.ADC_ConversionStop_Disable  stm32f1xx_hal_adc.o
    0x080010a0   0x0000004e   Code   RO         3458    i.ADC_DMAConvCplt   stm32f1xx_hal_adc.o
    0x080010ee   0x0000001a   Code   RO         3459    i.ADC_DMAError      stm32f1xx_hal_adc.o
    0x08001108   0x0000000a   Code   RO         3460    i.ADC_DMAHalfConvCplt  stm32f1xx_hal_adc.o
    0x08001112   0x00000002   PAD
    0x08001114   0x00000070   Code   RO         3461    i.ADC_Enable        stm32f1xx_hal_adc.o
    0x08001184   0x00000096   Code   RO          538    i.BnumUpMove        oled.o
    0x0800121a   0x00000002   PAD
    0x0800121c   0x00000024   Code   RO          998    i.Border_Check      snake.o
    0x08001240   0x00000002   Code   RO          270    i.BusFault_Handler  stm32f1xx_it.o
    0x08001242   0x00000002   PAD
    0x08001244   0x0000000c   Code   RO          271    i.DMA1_Channel1_IRQHandler  stm32f1xx_it.o
    0x08001250   0x0000002c   Code   RO          400    i.DMA_Init          dma.o
    0x0800127c   0x0000002a   Code   RO         1457    i.DMA_SetConfig     stm32f1xx_hal_dma.o
    0x080012a6   0x00000002   Code   RO          272    i.DebugMon_Handler  stm32f1xx_it.o
    0x080012a8   0x00000068   Code   RO          999    i.Direction_Process  snake.o
    0x08001310   0x0000004c   Code   RO         1125    i.DisplayIcon       display.o
    0x0800135c   0x0000010c   Code   RO         1126    i.DisplayList       display.o
    0x08001468   0x0000008c   Code   RO          540    i.Draw_Single_Point  oled.o
    0x080014f4   0x0000000a   Code   RO         1127    i.ElectricityDisplay  display.o
    0x080014fe   0x00000002   PAD
    0x08001500   0x00000024   Code   RO            4    i.Error_Handler     stm32f1xx_hal_msp.o
    0x08001524   0x0000009c   Code   RO         1320    i.FFT_GetDcComponent  mp3.o
    0x080015c0   0x000000d2   Code   RO         1000    i.Food_Construct    snake.o
    0x08001692   0x00000054   Code   RO         1001    i.Frame_Init        snake.o
    0x080016e6   0x00000002   PAD
    0x080016e8   0x00000068   Code   RO          541    i.GPIO_Config       oled.o
    0x08001750   0x00000004   Code   RO         4601    i.GUI_ClearSCR      lcmdrv.o
    0x08001754   0x00000004   Code   RO         4602    i.GUI_Exec          lcmdrv.o
    0x08001758   0x0000002c   Code   RO         4604    i.GUI_HLine         lcmdrv.o
    0x08001784   0x00000004   Code   RO         4605    i.GUI_Initialize    lcmdrv.o
    0x08001788   0x000000c8   Code   RO         4455    i.GUI_Line          gui_basic.o
    0x08001850   0x00000148   Code   RO         4457    i.GUI_LineWith      gui_basic.o
    0x08001998   0x00000006   Code   RO         4606    i.GUI_Point         lcmdrv.o
    0x0800199e   0x00000002   PAD
    0x080019a0   0x0000004c   Code   RO         4459    i.GUI_PointS        gui_basic.o
    0x080019ec   0x0000002a   Code   RO         4607    i.GUI_RLine         lcmdrv.o
    0x08001a16   0x00000002   PAD
    0x08001a18   0x00000168   Code   RO         3463    i.HAL_ADC_ConfigChannel  stm32f1xx_hal_adc.o
    0x08001b80   0x000000c4   Code   RO         1321    i.HAL_ADC_ConvCpltCallback  mp3.o
    0x08001c44   0x00000002   Code   RO         3465    i.HAL_ADC_ConvHalfCpltCallback  stm32f1xx_hal_adc.o
    0x08001c46   0x00000002   Code   RO         3467    i.HAL_ADC_ErrorCallback  stm32f1xx_hal_adc.o
    0x08001c48   0x00000134   Code   RO         3472    i.HAL_ADC_Init      stm32f1xx_hal_adc.o
    0x08001d7c   0x00000078   Code   RO          426    i.HAL_ADC_MspInit   adc.o
    0x08001df4   0x0000010c   Code   RO         3479    i.HAL_ADC_Start_DMA  stm32f1xx_hal_adc.o
    0x08001f00   0x0000004c   Code   RO         3482    i.HAL_ADC_Stop_DMA  stm32f1xx_hal_adc.o
    0x08001f4c   0x00000030   Code   RO         1458    i.HAL_DMA_Abort     stm32f1xx_hal_dma.o
    0x08001f7c   0x00000154   Code   RO         1463    i.HAL_DMA_IRQHandler  stm32f1xx_hal_dma.o
    0x080020d0   0x00000064   Code   RO         1464    i.HAL_DMA_Init      stm32f1xx_hal_dma.o
    0x08002134   0x00000070   Code   RO         1468    i.HAL_DMA_Start_IT  stm32f1xx_hal_dma.o
    0x080021a4   0x00000016   Code   RO         2466    i.HAL_Delay         stm32f1xx_hal.o
    0x080021ba   0x00000002   PAD
    0x080021bc   0x000001bc   Code   RO         1555    i.HAL_GPIO_Init     stm32f1xx_hal_gpio.o
    0x08002378   0x0000000a   Code   RO         1557    i.HAL_GPIO_ReadPin  stm32f1xx_hal_gpio.o
    0x08002382   0x00000008   Code   RO         1558    i.HAL_GPIO_TogglePin  stm32f1xx_hal_gpio.o
    0x0800238a   0x0000000a   Code   RO         1559    i.HAL_GPIO_WritePin  stm32f1xx_hal_gpio.o
    0x08002394   0x0000000c   Code   RO         2470    i.HAL_GetTick       stm32f1xx_hal.o
    0x080023a0   0x00000010   Code   RO         2471    i.HAL_IncTick       stm32f1xx_hal.o
    0x080023b0   0x00000024   Code   RO         2472    i.HAL_Init          stm32f1xx_hal.o
    0x080023d4   0x00000022   Code   RO         2473    i.HAL_InitTick      stm32f1xx_hal.o
    0x080023f6   0x00000002   PAD
    0x080023f8   0x0000007c   Code   RO            5    i.HAL_MspInit       stm32f1xx_hal_msp.o
    0x08002474   0x00000016   Code   RO         1620    i.HAL_NVIC_EnableIRQ  stm32f1xx_hal_cortex.o
    0x0800248a   0x00000002   PAD
    0x0800248c   0x00000040   Code   RO         1626    i.HAL_NVIC_SetPriority  stm32f1xx_hal_cortex.o
    0x080024cc   0x00000024   Code   RO         1627    i.HAL_NVIC_SetPriorityGrouping  stm32f1xx_hal_cortex.o
    0x080024f0   0x00000018   Code   RO         1845    i.HAL_PWR_EnableBkUpAccess  stm32f1xx_hal_pwr.o
    0x08002508   0x000000f0   Code   RO         2286    i.HAL_RCCEx_GetPeriphCLKFreq  stm32f1xx_hal_rcc_ex.o
    0x080025f8   0x0000012c   Code   RO         2287    i.HAL_RCCEx_PeriphCLKConfig  stm32f1xx_hal_rcc_ex.o
    0x08002724   0x00000188   Code   RO         2322    i.HAL_RCC_ClockConfig  stm32f1xx_hal_rcc.o
    0x080028ac   0x0000000c   Code   RO         2327    i.HAL_RCC_GetHCLKFreq  stm32f1xx_hal_rcc.o
    0x080028b8   0x00000030   Code   RO         2329    i.HAL_RCC_GetPCLK1Freq  stm32f1xx_hal_rcc.o
    0x080028e8   0x00000030   Code   RO         2330    i.HAL_RCC_GetPCLK2Freq  stm32f1xx_hal_rcc.o
    0x08002918   0x00000088   Code   RO         2331    i.HAL_RCC_GetSysClockFreq  stm32f1xx_hal_rcc.o
    0x080029a0   0x0000057e   Code   RO         2334    i.HAL_RCC_OscConfig  stm32f1xx_hal_rcc.o
    0x08002f1e   0x00000002   PAD
    0x08002f20   0x00000010   Code   RO         3903    i.HAL_RTCEx_BKUPRead  stm32f1xx_hal_rtc_ex.o
    0x08002f30   0x00000010   Code   RO         3904    i.HAL_RTCEx_BKUPWrite  stm32f1xx_hal_rtc_ex.o
    0x08002f40   0x000000a0   Code   RO         3741    i.HAL_RTC_Init      stm32f1xx_hal_rtc.o
    0x08002fe0   0x00000068   Code   RO          768    i.HAL_RTC_MspInit   rtc.o
    0x08003048   0x0000003a   Code   RO         3749    i.HAL_RTC_WaitForSynchro  stm32f1xx_hal_rtc.o
    0x08003082   0x00000018   Code   RO         1629    i.HAL_SYSTICK_CLKSourceConfig  stm32f1xx_hal_cortex.o
    0x0800309a   0x00000002   Code   RO         1630    i.HAL_SYSTICK_Callback  stm32f1xx_hal_cortex.o
    0x0800309c   0x00000028   Code   RO         1631    i.HAL_SYSTICK_Config  stm32f1xx_hal_cortex.o
    0x080030c4   0x00000008   Code   RO         1632    i.HAL_SYSTICK_IRQHandler  stm32f1xx_hal_cortex.o
    0x080030cc   0x00000002   Code   RO         2593    i.HAL_TIMEx_BreakCallback  stm32f1xx_hal_tim_ex.o
    0x080030ce   0x00000002   Code   RO         2594    i.HAL_TIMEx_CommutationCallback  stm32f1xx_hal_tim_ex.o
    0x080030d0   0x00000050   Code   RO         2610    i.HAL_TIMEx_MasterConfigSynchronization  stm32f1xx_hal_tim_ex.o
    0x08003120   0x00000036   Code   RO         2828    i.HAL_TIM_Base_Init  stm32f1xx_hal_tim.o
    0x08003156   0x00000002   PAD
    0x08003158   0x00000080   Code   RO          467    i.HAL_TIM_Base_MspInit  tim.o
    0x080031d8   0x0000001a   Code   RO         2831    i.HAL_TIM_Base_Start  stm32f1xx_hal_tim.o
    0x080031f2   0x00000018   Code   RO         2833    i.HAL_TIM_Base_Start_IT  stm32f1xx_hal_tim.o
    0x0800320a   0x0000002c   Code   RO         2834    i.HAL_TIM_Base_Stop  stm32f1xx_hal_tim.o
    0x08003236   0x0000002a   Code   RO         2836    i.HAL_TIM_Base_Stop_IT  stm32f1xx_hal_tim.o
    0x08003260   0x000000f2   Code   RO         2837    i.HAL_TIM_ConfigClockSource  stm32f1xx_hal_tim.o
    0x08003352   0x00000002   Code   RO         2857    i.HAL_TIM_IC_CaptureCallback  stm32f1xx_hal_tim.o
    0x08003354   0x00000166   Code   RO         2870    i.HAL_TIM_IRQHandler  stm32f1xx_hal_tim.o
    0x080034ba   0x00000002   Code   RO         2873    i.HAL_TIM_OC_DelayElapsedCallback  stm32f1xx_hal_tim.o
    0x080034bc   0x00000002   Code   RO         2900    i.HAL_TIM_PWM_PulseFinishedCallback  stm32f1xx_hal_tim.o
    0x080034be   0x00000002   PAD
    0x080034c0   0x000000c4   Code   RO          468    i.HAL_TIM_PeriodElapsedCallback  tim.o
    0x08003584   0x00000002   Code   RO         2911    i.HAL_TIM_TriggerCallback  stm32f1xx_hal_tim.o
    0x08003586   0x0000005e   Code   RO         2064    i.HAL_UART_Init     stm32f1xx_hal_uart.o
    0x080035e4   0x00000068   Code   RO          353    i.HAL_UART_MspInit  usart.o
    0x0800364c   0x000000cc   Code   RO         2072    i.HAL_UART_Transmit  stm32f1xx_hal_uart.o
    0x08003718   0x0000007c   Code   RO         1128    i.HUMIDisplay       display.o
    0x08003794   0x00000002   Code   RO          273    i.HardFault_Handler  stm32f1xx_it.o
    0x08003796   0x00000002   PAD
    0x08003798   0x00000040   Code   RO          842    i.IIC_Ack           myiic.o
    0x080037d8   0x00000058   Code   RO          843    i.IIC_Init          myiic.o
    0x08003830   0x00000040   Code   RO          844    i.IIC_NAck          myiic.o
    0x08003870   0x0000006c   Code   RO          845    i.IIC_Read_Byte     myiic.o
    0x080038dc   0x00000060   Code   RO          846    i.IIC_Send_Byte     myiic.o
    0x0800393c   0x00000040   Code   RO          847    i.IIC_Start         myiic.o
    0x0800397c   0x00000044   Code   RO          848    i.IIC_Stop          myiic.o
    0x080039c0   0x00000058   Code   RO          849    i.IIC_Wait_Ack      myiic.o
    0x08003a18   0x00000026   Code   RO          769    i.Is_Leap_Year      rtc.o
    0x08003a3e   0x00000002   PAD
    0x08003a40   0x0000007c   Code   RO         1283    i.KEY_Init          key.o
    0x08003abc   0x000000d0   Code   RO         1284    i.KEY_Scan          key.o
    0x08003b8c   0x00000044   Code   RO         1259    i.LED_Init          led.o
    0x08003bd0   0x00000002   Code   RO          274    i.MemManage_Handler  stm32f1xx_it.o
    0x08003bd2   0x00000002   PAD
    0x08003bd4   0x00000018   Code   RO         1322    i.Mp3_Init          mp3.o
    0x08003bec   0x000000bc   Code   RO         1323    i.Mp3_Mi2ddleColuDisplay  mp3.o
    0x08003ca8   0x000000a0   Code   RO         1324    i.Mp3_MiddleColuDisplay  mp3.o
    0x08003d48   0x0000007c   Code   RO         1325    i.Mp3_MiniUnColuDisplay  mp3.o
    0x08003dc4   0x0000007c   Code   RO         1326    i.Mp3_RMiddleColuDisplay  mp3.o
    0x08003e40   0x00000078   Code   RO         1327    i.Mp3_SMiddleColuDisplay  mp3.o
    0x08003eb8   0x0000009c   Code   RO         1328    i.Mp3_TMiddleColuDisplay  mp3.o
    0x08003f54   0x000000d8   Code   RO         1329    i.Mp3_UnColuDisplay  mp3.o
    0x0800402c   0x00000002   Code   RO          275    i.NMI_Handler       stm32f1xx_it.o
    0x0800402e   0x00000020   Code   RO         1633    i.NVIC_SetPriority  stm32f1xx_hal_cortex.o
    0x0800404e   0x00000002   PAD
    0x08004050   0x00000030   Code   RO          542    i.OLED_Clear        oled.o
    0x08004080   0x00000024   Code   RO         1129    i.OLED_ClockTop     display.o
    0x080040a4   0x00000174   Code   RO          545    i.OLED_DataFlow     oled.o
    0x08004218   0x000000a0   Code   RO         1130    i.OLED_DeskTop      display.o
    0x080042b8   0x00000040   Code   RO          548    i.OLED_DrawBMP      oled.o
    0x080042f8   0x00000040   Code   RO          549    i.OLED_DrawPoint    oled.o
    0x08004338   0x000001a4   Code   RO         1131    i.OLED_GameTop      display.o
    0x080044dc   0x00000130   Code   RO          551    i.OLED_Init         oled.o
    0x0800460c   0x00000058   Code   RO         1132    i.OLED_LedTop       display.o
    0x08004664   0x00000178   Code   RO         1133    i.OLED_MainTop      display.o
    0x080047dc   0x000000ec   Code   RO         1134    i.OLED_Mp3Top       display.o
    0x080048c8   0x0000004c   Code   RO          553    i.OLED_P16x16Ch     oled.o
    0x08004914   0x00000088   Code   RO          554    i.OLED_P16x32Ch     oled.o
    0x0800499c   0x000000a0   Code   RO          555    i.OLED_P16x32Ch_Delay  oled.o
    0x08004a3c   0x000000a0   Code   RO          556    i.OLED_P32x32Ch     oled.o
    0x08004adc   0x00000060   Code   RO          557    i.OLED_P6x8Str      oled.o
    0x08004b3c   0x00000088   Code   RO          559    i.OLED_P8x16Str     oled.o
    0x08004bc4   0x0000004c   Code   RO          560    i.OLED_Refresh_Gram  oled.o
    0x08004c10   0x00000028   Code   RO          561    i.OLED_Set_Address  oled.o
    0x08004c38   0x0000002c   Code   RO          562    i.OLED_Set_Pos      oled.o
    0x08004c64   0x0000003c   Code   RO          563    i.OLED_ShowChar     oled.o
    0x08004ca0   0x00000168   Code   RO         1135    i.OLED_ShowDate     display.o
    0x08004e08   0x00000062   Code   RO          564    i.OLED_ShowNum      oled.o
    0x08004e6a   0x00000032   Code   RO          565    i.OLED_ShowString   oled.o
    0x08004e9c   0x0000004c   Code   RO          566    i.OLED_Shownumber   oled.o
    0x08004ee8   0x00000050   Code   RO          567    i.OLED_Shownumber11X16  oled.o
    0x08004f38   0x0000003c   Code   RO          568    i.OLED_StartClear   oled.o
    0x08004f74   0x0000004c   Code   RO         1136    i.OLED_TempTop      display.o
    0x08004fc0   0x0000009c   Code   RO         1137    i.OLED_UserTop      display.o
    0x0800505c   0x00000070   Code   RO          569    i.OLED_WR_Byte      oled.o
    0x080050cc   0x00000070   Code   RO         1138    i.Oled_DisplayPage  display.o
    0x0800513c   0x00000002   Code   RO          276    i.PendSV_Handler    stm32f1xx_it.o
    0x0800513e   0x00000034   Code   RO         3753    i.RTC_EnterInitMode  stm32f1xx_hal_rtc.o
    0x08005172   0x00000002   PAD
    0x08005174   0x00000036   Code   RO         3754    i.RTC_ExitInitMode  stm32f1xx_hal_rtc.o
    0x080051aa   0x00000002   PAD
    0x080051ac   0x000000e0   Code   RO          771    i.RTC_Get           rtc.o
    0x0800528c   0x00000050   Code   RO          772    i.RTC_Get_Week      rtc.o
    0x080052dc   0x00000048   Code   RO          773    i.RTC_IRQHandler    rtc.o
    0x08005324   0x00000080   Code   RO          774    i.RTC_Init          rtc.o
    0x080053a4   0x00000104   Code   RO          775    i.RTC_Set           rtc.o
    0x080054a8   0x00000088   Code   RO          952    i.SHT20_GetHumiPoll  sht20.o
    0x08005530   0x00000090   Code   RO          953    i.SHT20_GetTempPoll  sht20.o
    0x080055c0   0x00000004   Code   RO          954    i.SHT20_Init        sht20.o
    0x080055c4   0x00000024   Code   RO          955    i.SHT20_SoftReset   sht20.o
    0x080055e8   0x00000002   Code   RO          277    i.SVC_Handler       stm32f1xx_it.o
    0x080055ea   0x000000d2   Code   RO         1002    i.SnakeBody_Construct  snake.o
    0x080056bc   0x000000d2   Code   RO         1003    i.SnakeHead_Construct  snake.o
    0x0800578e   0x00000002   PAD
    0x08005790   0x00000064   Code   RO         1004    i.Snake_Init        snake.o
    0x080057f4   0x00000128   Code   RO         1005    i.Snake_Move        snake.o
    0x0800591c   0x00000044   Code   RO          908    i.Stm32_Clock_Init  delay.o
    0x08005960   0x0000000e   Code   RO          278    i.SysTick_Handler   stm32f1xx_it.o
    0x0800596e   0x00000002   PAD
    0x08005970   0x00000048   Code   RO         1420    i.SystemInit        system_stm32f1xx.o
    0x080059b8   0x0000007c   Code   RO         1139    i.TEMPDisplay       display.o
    0x08005a34   0x0000000c   Code   RO          469    i.TIM2_IRQHandler   tim.o
    0x08005a40   0x00000030   Code   RO          470    i.TIM2_Init         tim.o
    0x08005a70   0x00000058   Code   RO          471    i.TIM3_Init         tim.o
    0x08005ac8   0x0000000c   Code   RO          472    i.TIM4_IRQHandler   tim.o
    0x08005ad4   0x00000030   Code   RO          473    i.TIM4_Init         tim.o
    0x08005b04   0x00000064   Code   RO         2912    i.TIM_Base_SetConfig  stm32f1xx_hal_tim.o
    0x08005b68   0x00000014   Code   RO         2919    i.TIM_ETR_SetConfig  stm32f1xx_hal_tim.o
    0x08005b7c   0x00000010   Code   RO         2920    i.TIM_ITRx_SetConfig  stm32f1xx_hal_tim.o
    0x08005b8c   0x00000022   Code   RO         2926    i.TIM_TI1_ConfigInputStage  stm32f1xx_hal_tim.o
    0x08005bae   0x00000024   Code   RO         2928    i.TIM_TI2_ConfigInputStage  stm32f1xx_hal_tim.o
    0x08005bd2   0x00000002   PAD
    0x08005bd4   0x00000038   Code   RO          354    i.UART_Init         usart.o
    0x08005c0c   0x00000170   Code   RO         2083    i.UART_SetConfig    stm32f1xx_hal_uart.o
    0x08005d7c   0x00000092   Code   RO         2085    i.UART_WaitOnFlagUntilTimeout  stm32f1xx_hal_uart.o
    0x08005e0e   0x00000002   Code   RO          279    i.UsageFault_Handler  stm32f1xx_it.o
    0x08005e10   0x0000006c   Code   RO         1140    i.WhenTheDisplay    display.o
    0x08005e7c   0x000000d2   Code   RO         1006    i.Wipe_Point        snake.o
    0x08005f4e   0x00000002   PAD
    0x08005f50   0x00000020   Code   RO         5192    i.__0printf         mc_w.l(printfa.o)
    0x08005f70   0x00000028   Code   RO         5194    i.__0sprintf        mc_w.l(printfa.o)
    0x08005f98   0x0000000e   Code   RO         5303    i.__scatterload_copy  mc_w.l(handlers.o)
    0x08005fa6   0x00000002   Code   RO         5304    i.__scatterload_null  mc_w.l(handlers.o)
    0x08005fa8   0x0000000e   Code   RO         5305    i.__scatterload_zeroinit  mc_w.l(handlers.o)
    0x08005fb6   0x00000002   PAD
    0x08005fb8   0x0000000c   Code   RO         5279    i.__set_errno       mc_w.l(errno.o)
    0x08005fc4   0x00000184   Code   RO         5199    i._fp_digits        mc_w.l(printfa.o)
    0x08006148   0x000006dc   Code   RO         5200    i._printf_core      mc_w.l(printfa.o)
    0x08006824   0x00000024   Code   RO         5201    i._printf_post_padding  mc_w.l(printfa.o)
    0x08006848   0x0000002e   Code   RO         5202    i._printf_pre_padding  mc_w.l(printfa.o)
    0x08006876   0x0000000a   Code   RO         5204    i._sputc            mc_w.l(printfa.o)
    0x08006880   0x00000014   Code   RO          909    i.delay_init        delay.o
    0x08006894   0x0000001a   Code   RO          910    i.delay_ms          delay.o
    0x080068ae   0x00000002   PAD
    0x080068b0   0x00000034   Code   RO          911    i.delay_us          delay.o
    0x080068e4   0x00000018   Code   RO          355    i.fputc             usart.o
    0x080068fc   0x000000b4   Code   RO          142    i.main              main.o
    0x080069b0   0x00000010   Code   RO          570    i.oled_pow          oled.o
    0x080069c0   0x00000098   Code   RO          571    i.secondMove        oled.o
    0x08006a58   0x0000004c   Code   RO         4945    i.sqrt              m_ws.l(sqrt.o)
    0x08006aa4   0x00001a18   Data   RO          573    .constdata          oled.o
    0x080084bc   0x00000018   Data   RO          777    .constdata          rtc.o
    0x080084d4   0x00000010   Data   RO         1421    .constdata          system_stm32f1xx.o
    0x080084e4   0x00000008   Data   RO         1422    .constdata          system_stm32f1xx.o
    0x080084ec   0x00000055   Data   RO          143    .conststring        main.o
    0x08008541   0x00000003   PAD
    0x08008544   0x00000020   Data   RO         5301    Region$$Table       anon$$obj.o


    Execution Region RW_IRAM1 (Base: 0x20000000, Size: 0x00002758, Max: 0x00005000, ABSOLUTE, COMPRESSED[0x000001c4])

    Base Addr    Size         Type   Attr      Idx    E Section Name        Object

    0x20000000   0x00000008   Data   RW          144    .data               main.o
    0x20000008   0x00000008   Data   RW          145    .data               main.o
    0x20000010   0x00000002   Data   RW          146    .data               main.o
    0x20000012   0x00000412   Data   RW          576    .data               oled.o
    0x20000424   0x00000002   Data   RW          778    .data               rtc.o
    0x20000426   0x00000002   PAD
    0x20000428   0x00000004   Data   RW          912    .data               delay.o
    0x2000042c   0x0000000c   Data   RW         1008    .data               snake.o
    0x20000438   0x00000001   Data   RW         1009    .data               snake.o
    0x20000439   0x0000000e   Data   RW         1141    .data               display.o
    0x20000447   0x00000003   Data   RW         1286    .data               key.o
    0x2000044a   0x00000004   Data   RW         1332    .data               mp3.o
    0x2000044e   0x00000002   PAD
    0x20000450   0x00000004   Data   RW         1423    .data               system_stm32f1xx.o
    0x20000454   0x00000004   Data   RW         2478    .data               stm32f1xx_hal.o
    0x20000458   0x00000004   Data   RW         5268    .data               mc_w.l(stdout.o)
    0x2000045c   0x00000004   Data   RW         5280    .data               mc_w.l(errno.o)
    0x20000460   0x00000040   Zero   RW          356    .bss                usart.o
    0x200004a0   0x00000074   Zero   RW          427    .bss                adc.o
    0x20000514   0x000000b4   Zero   RW          474    .bss                tim.o
    0x200005c8   0x00000800   Zero   RW          572    .bss                oled.o
    0x20000dc8   0x0000001e   Zero   RW          776    .bss                rtc.o
    0x20000de6   0x000008ec   Zero   RW         1007    .bss                snake.o
    0x200016d2   0x00000002   PAD
    0x200016d4   0x00000c80   Zero   RW         1330    .bss                mp3.o
    0x20002354   0x00000004   PAD
    0x20002358   0x00000400   Zero   RW         4349    STACK               startup_stm32f103xb.o


==============================================================================

Image component sizes


      Code (inc. data)   RO Data    RW Data    ZI Data      Debug   Object Name

       192         30          0          0        116       1556   adc.o
         0          0          0          0          0        728   convertcolor.o
      1502       1008          0          0          0        288   cr4_fft_256_stm32.o
       166          8          0          4          0       2378   delay.o
      2730        394          0         14          0      10667   display.o
        44          4          0          0          0        679   dma.o
       604          0          0          0          0       3935   gui_basic.o
       332         26          0          3          0       2179   key.o
       104          0          0          0          0       3251   lcmdrv.o
        68         10          0          0          0        751   led.o
       180         38         85         18          0       2964   main.o
      1464        106          0          4       3200       7374   mp3.o
       640         78          0          0          0       4330   myiic.o
      2874        114       6680       1042       2048      19027   oled.o
       906         90         24          2         30       5560   rtc.o
       320         32          0          0          0       2587   sht20.o
      1460         42          0         13       2284       6585   snake.o
        36          8        236          0       1024        748   startup_stm32f103xb.o
       120         16          0          4          0       3450   stm32f1xx_hal.o
      1318         52          0          0          0       8574   stm32f1xx_hal_adc.o
       228         14          0          0          0      27193   stm32f1xx_hal_cortex.o
       642         32          0          0          0       4051   stm32f1xx_hal_dma.o
       472         36          0          0          0       4144   stm32f1xx_hal_gpio.o
       160         38          0          0          0     476930   stm32f1xx_hal_msp.o
        24          4          0          0          0        491   stm32f1xx_hal_pwr.o
      2042         98          0          0          0       5676   stm32f1xx_hal_rcc.o
       540         44          0          0          0       2409   stm32f1xx_hal_rcc_ex.o
       324          6          0          0          0       3596   stm32f1xx_hal_rtc.o
        32         10          0          0          0       1567   stm32f1xx_hal_rtc_ex.o
      1004         14          0          0          0      10763   stm32f1xx_hal_tim.o
        84          0          0          0          0       2238   stm32f1xx_hal_tim_ex.o
       812          4          0          0          0       3904   stm32f1xx_hal_uart.o
        42          6          0          0          0       4049   stm32f1xx_it.o
        72         16         24          4          0       1083   system_stm32f1xx.o
       532         88          0          0        180       4247   tim.o
       184         26          0          0         64       2016   usart.o

    ----------------------------------------------------------------------
     22304       2494       7084       1112       8952     641968   Object Totals
         0          0         32          0          0          0   (incl. Generated)
        50          2          3          4          6          0   (incl. Padding)

    ----------------------------------------------------------------------

      Code (inc. data)   RO Data    RW Data    ZI Data      Debug   Library Member Name

        76          0          0          0          0         84   sqrt.o
        86          0          0          0          0          0   __dczerorl2.o
         0          0          0          0          0          0   entry.o
         0          0          0          0          0          0   entry10a.o
         0          0          0          0          0          0   entry11a.o
         8          4          0          0          0          0   entry2.o
         4          0          0          0          0          0   entry5.o
         0          0          0          0          0          0   entry7b.o
         0          0          0          0          0          0   entry8b.o
         8          4          0          0          0          0   entry9a.o
        12          6          0          4          0         68   errno.o
        30          0          0          0          0          0   handlers.o
        36          8          0          0          0         68   init.o
         0          0          0          0          0          0   iusefp.o
        30          0          0          0          0         68   llshl.o
        36          0          0          0          0         68   llsshr.o
        32          0          0          0          0         68   llushr.o
        36          0          0          0          0        108   memseta.o
      2308         96          0          0          0        604   printfa.o
         0          0          0          4          0          0   stdout.o
        44          0          0          0          0         80   uidiv.o
        98          0          0          0          0         92   uldiv.o
        48          0          0          0          0         68   cdrcmple.o
        56          0          0          0          0         88   d2f.o
       334          0          0          0          0        148   dadd.o
       222          0          0          0          0        100   ddiv.o
       186          0          0          0          0        176   depilogue.o
        48          0          0          0          0         68   dfixul.o
        26          0          0          0          0         76   dfltui.o
       228          0          0          0          0         96   dmul.o
        46          0          0          0          0         80   dscalb.o
       162          0          0          0          0        100   dsqrt.o
        38          0          0          0          0         68   f2d.o
       176          0          0          0          0        140   fadd.o
       110          0          0          0          0        168   fepilogue.o
        50          0          0          0          0         68   ffixi.o
        40          0          0          0          0         68   ffixui.o
        18          0          0          0          0         68   fflti.o
       100          0          0          0          0         76   fmul.o
        24          0          0          0          0         68   fscalb.o

    ----------------------------------------------------------------------
      4760        118          0          8          0       3032   Library Totals
         4          0          0          0          0          0   (incl. Padding)

    ----------------------------------------------------------------------

      Code (inc. data)   RO Data    RW Data    ZI Data      Debug   Library Name

        76          0          0          0          0         84   m_ws.l
      2768        118          0          8          0       1224   mc_w.l
      1912          0          0          0          0       1724   mf_w.l

    ----------------------------------------------------------------------
      4760        118          0          8          0       3032   Library Totals

    ----------------------------------------------------------------------

==============================================================================


      Code (inc. data)   RO Data    RW Data    ZI Data      Debug   

     27064       2612       7084       1120       8952     633636   Grand Totals
     27064       2612       7084        452       8952     633636   ELF Image Totals (compressed)
     27064       2612       7084        452          0          0   ROM Totals

==============================================================================

    Total RO  Size (Code + RO Data)                34148 (  33.35kB)
    Total RW  Size (RW Data + ZI Data)             10072 (   9.84kB)
    Total ROM Size (Code + RO Data + RW Data)      34600 (  33.79kB)

==============================================================================

