<html>
<body>
<pre>
<h1>µVision Build Log</h1>
<h2>Tool Versions:</h2>
IDE-Version: ¦ÌVision V5.23.0.0
Copyright (C) 2017 ARM Ltd and ARM Germany GmbH. All rights reserved.
License Information: fiot-lab fiot-lab fiot-lab Flex license: MDK-ARM Standard Cortex-M only: 1 user(s) (mdk_cm_std) Support: Aug 2020
 
Tool Versions:
Toolchain:       MDK-ARM Standard Cortex-M only: 1 user(s)  Version: 5.23
Toolchain Path:  D:\Keil_v5\ARM\ARMCC\Bin
C Compiler:      Armcc.exe V5.06 update 4 (build 422)
Assembler:       Armasm.exe V5.06 update 4 (build 422)
Linker/Locator:  ArmLink.exe V5.06 update 4 (build 422)
Library Manager: ArmAr.exe V5.06 update 4 (build 422)
Hex Converter:   FromElf.exe V5.06 update 4 (build 422)
CPU DLL:         SARMCM3.DLL V5.23
Dialog DLL:      DCM.DLL V1.15.0.0
Target DLL:      STLink\ST-LINKIII-KEIL_SWO.dll V2.0.18.0
Dialog DLL:      TCM.DLL V1.27.0.0
 
<h2>Project:</h2>
C:\Users\fiot-lab\Desktop\FFT\MDK-ARM\FFT.uvprojx
Project File Date:  01/24/2020

<h2>Output:</h2>
*** Using Compiler 'V5.06 update 4 (build 422)', folder: 'D:\Keil_v5\ARM\ARMCC\Bin'
Build target 'FFT'
compiling delay.c...
compiling stm32f1xx_hal_msp.c...
compiling stm32f1xx_it.c...
compiling tim.c...
compiling myiic.c...
compiling usart.c...
compiling dma.c...
compiling rtc.c...
compiling main.c...
compiling oled.c...
compiling adc.c...
assembling cr4_fft_256_stm32.s...
assembling cr4_fft_1024_stm32.s...
compiling display.c...
..\Src\display.c(157): warning:  #167-D: argument of type "unsigned char *" is incompatible with parameter of type "char *restrict"
  	  sprintf(tmp,"%.1f%C",gSht20Date.Temp);
..\Src\display.c(161): warning:  #167-D: argument of type "unsigned char *" is incompatible with parameter of type "char *restrict"
  	  sprintf(tmp,"%.1f%% ->>",gSht20Date.Humi);
..\Src\display.c: 2 warnings, 0 errors
compiling stm32f1xx_hal_dma.c...
compiling led.c...
compiling key.c...
compiling sht20.c...
compiling mp3.c...
compiling stm32f1xx_hal_gpio.c...
compiling spi.c...
compiling snake.c...
compiling system_stm32f1xx.c...
compiling stm32f1xx_hal_cortex.c...
compiling stm32f1xx_hal_flash.c...
compiling stm32f1xx_hal_flash_ex.c...
compiling stm32f1xx_hal_gpio_ex.c...
compiling stm32f1xx_hal_rcc_ex.c...
compiling stm32f1xx_hal_tim_ex.c...
compiling stm32f1xx_hal_pwr.c...
compiling stm32f1xx_hal_uart.c...
compiling ConvertColor.c...
compiling stm32f1xx_hal_tim.c...
compiling stm32f1xx_hal.c...
compiling font5_7.c...
compiling FONT24_32.C...
compiling FONT8_8.C...
compiling GUI_StockC.C...
compiling stm32f1xx_hal_rcc.c...
compiling stm32f1xx_hal_adc.c...
compiling menu.c...
compiling GUI_BASIC.C...
..\ZLG_GUI\GUI_BASIC.C(1226): warning:  #111-D: statement is unreachable
     GUI_HLine(x0_bak, y0_bak, x1_bak, color);
..\ZLG_GUI\GUI_BASIC.C: 1 warning, 0 errors
compiling windows.c...
compiling spline.c...
compiling loadbit.c...
compiling stm32f1xx_hal_rtc_ex.c...
compiling stm32f1xx_hal_spi_ex.c...
compiling stm32f1xx_hal_adc_ex.c...
compiling stm32f1xx_hal_rtc.c...
compiling lcmdrv.c...
compiling stm32f1xx_hal_spi.c...
linking...
Program Size: Code=27064 RO-data=7084 RW-data=1120 ZI-data=8952  
FromELF: creating hex file...
"FFT\FFT.axf" - 0 Error(s), 3 Warning(s).

<h2>Software Packages used:</h2>

Package Vendor: ARM
                http://www.keil.com/pack/ARM.CMSIS.4.5.0.pack
                ARM::CMSIS:CORE:4.3.0
                CMSIS (Cortex Microcontroller Software Interface Standard)
   * Component: CORE Version: 4.3.0

<h2>Collection of Component include folders:</h2>
  .\RTE\_FFT
  D:\Keil_v5\ARM\PACK\ARM\CMSIS\4.5.0\CMSIS\Include
  D:\Keil_v5\ARM\PACK\Keil\STM32F1xx_DFP\2.3.0\Device\Include

<h2>Collection of Component Files used:</h2>

   * Component: ARM::CMSIS:CORE:4.3.0
Build Time Elapsed:  00:00:23
</pre>
</body>
</html>
